Component: ARM Compiler 5.06 update 5 (build 528) Tool: armlink [4d35e2]

==============================================================================

Section Cross References

    led.o(.text) refers to led.o(.constdata) for led_mask
    blinky.o(.text) refers to led.o(.text) for LED_On
    blinky.o(.text) refers to rt_cmsis.o(i.osSignalSet) for osSignalSet
    blinky.o(.text) refers to rt_cmsis.o(i.osDelay) for osDelay
    blinky.o(.text) refers to rt_cmsis.o(i.osSignalWait) for osSignalWait
    blinky.o(.text) refers to rt_cmsis.o(i.osKernelInitialize) for osKernelInitialize
    blinky.o(.text) refers to system_tm4c129.o(.text) for SystemCoreClockUpdate
    blinky.o(.text) refers to cfaf128x128x16.o(.text) for cfaf128x128x16Init
    blinky.o(.text) refers to context.o(i.GrContextInit) for GrContextInit
    blinky.o(.text) refers to rt_cmsis.o(i.osThreadCreate) for osThreadCreate
    blinky.o(.text) refers to rt_cmsis.o(i.osKernelStart) for osKernelStart
    blinky.o(.text) refers to rectangle.o(i.GrRectFill) for GrRectFill
    blinky.o(.text) refers to rectangle.o(i.GrRectDraw) for GrRectDraw
    blinky.o(.text) refers to string.o(i.GrContextFontSet) for GrContextFontSet
    blinky.o(.text) refers to string.o(i.GrFontBaselineGet) for GrFontBaselineGet
    blinky.o(.text) refers to string.o(i.GrStringWidthGet) for GrStringWidthGet
    blinky.o(.text) refers to string.o(i.GrStringDraw) for GrStringDraw
    blinky.o(.text) refers to blinky.o(.data) for tid_clock
    blinky.o(.text) refers to cfaf128x128x16.o(.constdata) for g_sCfaf128x128x16
    blinky.o(.text) refers to blinky.o(.constdata) for os_thread_def_phaseA
    blinky.o(.text) refers to fontcm12.o(.constdata) for g_sFontCm12
    blinky.o(.constdata) refers to blinky.o(.text) for phaseA
    cfaf128x128x16.o(.text) refers to cfaf128x128x16.o(.data) for _orientation
    cfaf128x128x16.o(.constdata) refers to cfaf128x128x16.o(.text) for cfaf128x128x16PixelDraw
    rtx_conf_cm.o(.emb_text) refers to rt_cmsis.o(i.osKernelInitialize) for osKernelInitialize
    rtx_conf_cm.o(.emb_text) refers to rt_cmsis.o(i.osThreadCreate) for osThreadCreate
    rtx_conf_cm.o(.emb_text) refers to rt_cmsis.o(i.osKernelStart) for osKernelStart
    rtx_conf_cm.o(.emb_text) refers to exit.o(.text) for exit
    rtx_conf_cm.o(.emb_text) refers to rtx_conf_cm.o(.constdata) for os_thread_def_main
    rtx_conf_cm.o(.text) refers to rt_task.o(i.rt_tsk_self) for rt_tsk_self
    rtx_conf_cm.o(.text) refers to rt_mutex.o(i.rt_mut_init) for rt_mut_init
    rtx_conf_cm.o(.text) refers to rt_cmsis.o(.data) for os_running
    rtx_conf_cm.o(.text) refers to rtx_conf_cm.o(.bss) for .bss
    rtx_conf_cm.o(.text) refers to libspace.o(.bss) for __libspace_start
    rtx_conf_cm.o(.text) refers to rtx_conf_cm.o(.data) for .data
    rtx_conf_cm.o(.text) refers to rt_mutex.o(i.rt_mut_wait) for rt_mut_wait
    rtx_conf_cm.o(.text) refers to rt_mutex.o(i.rt_mut_release) for rt_mut_release
    rtx_conf_cm.o(.constdata) refers to rt_cmsis.o(i.osTimerThread) for osTimerThread
    rtx_conf_cm.o(.constdata) refers to rtx_conf_cm.o(.bss) for os_messageQ_q_osTimerMessageQ
    rtx_conf_cm.o(.constdata) refers to blinky.o(.text) for main
    retarget_io.o(.text) refers to strcmpv7m.o(.text) for strcmp
    retarget_io.o(.text) refers to retarget_io.o(.data) for ITM_RxBuffer
    startup_tm4c129.o(STACK) refers (Special) to heapauxi.o(.text) for __use_two_region_memory
    startup_tm4c129.o(HEAP) refers (Special) to heapauxi.o(.text) for __use_two_region_memory
    startup_tm4c129.o(RESET) refers (Special) to heapauxi.o(.text) for __use_two_region_memory
    startup_tm4c129.o(RESET) refers to startup_tm4c129.o(STACK) for __initial_sp
    startup_tm4c129.o(RESET) refers to startup_tm4c129.o(.text) for Reset_Handler
    startup_tm4c129.o(RESET) refers to hal_cm4.o(.emb_text) for SVC_Handler
    startup_tm4c129.o(.text) refers (Special) to heapauxi.o(.text) for __use_two_region_memory
    startup_tm4c129.o(.text) refers to system_tm4c129.o(.text) for SystemInit
    startup_tm4c129.o(.text) refers to __main.o(!!!main) for __main
    startup_tm4c129.o(.text) refers to startup_tm4c129.o(HEAP) for Heap_Mem
    startup_tm4c129.o(.text) refers to startup_tm4c129.o(STACK) for Stack_Mem
    system_tm4c129.o(.text) refers to system_tm4c129.o(.data) for SystemCoreClock
    context.o(i.GrContextInit) refers to context.o(.data) for .data
    context.o(i.GrContextInit) refers to string.o(i.GrDefaultStringRenderer) for GrDefaultStringRenderer
    context.o(i.GrContextInit) refers to context.o(.constdata) for .constdata
    context.o(i.GrLibInit) refers to context.o(.data) for .data
    context.o(.constdata) refers to charmap.o(i.GrMapISO8859_1_Unicode) for GrMapISO8859_1_Unicode
    fontcm12.o(.constdata) refers to fontcm12.o(.constdata) for g_pui8Cm12Data
    rectangle.o(i.GrRectDraw) refers to line.o(i.GrLineDrawH) for GrLineDrawH
    rectangle.o(i.GrRectDraw) refers to line.o(i.GrLineDrawV) for GrLineDrawV
[...]
    .ARM.Collect$$libinit$$00000001          0x00000276   Section        4  libinit2.o(.ARM.Collect$$libinit$$00000001)
    .ARM.Collect$$libinit$$00000004          0x0000027a   Section        0  libinit2.o(.ARM.Collect$$libinit$$00000004)
    .ARM.Collect$$libinit$$0000000A          0x0000027a   Section        0  libinit2.o(.ARM.Collect$$libinit$$0000000A)
    .ARM.Collect$$libinit$$0000000C          0x0000027a   Section        0  libinit2.o(.ARM.Collect$$libinit$$0000000C)
    .ARM.Collect$$libinit$$0000000E          0x0000027a   Section        0  libinit2.o(.ARM.Collect$$libinit$$0000000E)
    .ARM.Collect$$libinit$$00000011          0x0000027a   Section        0  libinit2.o(.ARM.Collect$$libinit$$00000011)
    .ARM.Collect$$libinit$$00000013          0x0000027a   Section        0  libinit2.o(.ARM.Collect$$libinit$$00000013)
    .ARM.Collect$$libinit$$00000015          0x0000027a   Section        0  libinit2.o(.ARM.Collect$$libinit$$00000015)
    .ARM.Collect$$libinit$$00000017          0x0000027a   Section        0  libinit2.o(.ARM.Collect$$libinit$$00000017)
    .ARM.Collect$$libinit$$00000019          0x0000027a   Section        0  libinit2.o(.ARM.Collect$$libinit$$00000019)
    .ARM.Collect$$libinit$$0000001B          0x0000027a   Section        0  libinit2.o(.ARM.Collect$$libinit$$0000001B)
    .ARM.Collect$$libinit$$0000001D          0x0000027a   Section        0  libinit2.o(.ARM.Collect$$libinit$$0000001D)
    .ARM.Collect$$libinit$$0000001F          0x0000027a   Section        0  libinit2.o(.ARM.Collect$$libinit$$0000001F)
    .ARM.Collect$$libinit$$00000021          0x0000027a   Section        0  libinit2.o(.ARM.Collect$$libinit$$00000021)
    .ARM.Collect$$libinit$$00000023          0x0000027a   Section        0  libinit2.o(.ARM.Collect$$libinit$$00000023)
    .ARM.Collect$$libinit$$00000025          0x0000027a   Section        0  libinit2.o(.ARM.Collect$$libinit$$00000025)
    .ARM.Collect$$libinit$$0000002C          0x0000027a   Section        0  libinit2.o(.ARM.Collect$$libinit$$0000002C)
    .ARM.Collect$$libinit$$0000002E          0x0000027a   Section        0  libinit2.o(.ARM.Collect$$libinit$$0000002E)
    .ARM.Collect$$libinit$$00000030          0x0000027a   Section        0  libinit2.o(.ARM.Collect$$libinit$$00000030)
    .ARM.Collect$$libinit$$00000032          0x0000027a   Section        0  libinit2.o(.ARM.Collect$$libinit$$00000032)
    .ARM.Collect$$libinit$$00000033          0x0000027a   Section        2  libinit2.o(.ARM.Collect$$libinit$$00000033)
    .ARM.Collect$$libshutdown$$00000000      0x0000027c   Section        2  libshutdown.o(.ARM.Collect$$libshutdown$$00000000)
    .ARM.Collect$$libshutdown$$00000002      0x0000027e   Section        0  libshutdown2.o(.ARM.Collect$$libshutdown$$00000002)
    .ARM.Collect$$libshutdown$$00000004      0x0000027e   Section        0  libshutdown2.o(.ARM.Collect$$libshutdown$$00000004)
    .ARM.Collect$$libshutdown$$00000007      0x0000027e   Section        0  libshutdown2.o(.ARM.Collect$$libshutdown$$00000007)
    .ARM.Collect$$libshutdown$$0000000A      0x0000027e   Section        0  libshutdown2.o(.ARM.Collect$$libshutdown$$0000000A)
    .ARM.Collect$$libshutdown$$0000000C      0x0000027e   Section        0  libshutdown2.o(.ARM.Collect$$libshutdown$$0000000C)
    .ARM.Collect$$libshutdown$$0000000F      0x0000027e   Section        0  libshutdown2.o(.ARM.Collect$$libshutdown$$0000000F)
    .ARM.Collect$$libshutdown$$00000010      0x0000027e   Section        2  libshutdown2.o(.ARM.Collect$$libshutdown$$00000010)
    .ARM.Collect$$rtentry$$00000000          0x00000280   Section        0  __rtentry.o(.ARM.Collect$$rtentry$$00000000)
    .ARM.Collect$$rtentry$$00000002          0x00000280   Section        0  __rtentry2.o(.ARM.Collect$$rtentry$$00000002)
    .ARM.Collect$$rtentry$$00000004          0x00000280   Section        6  __rtentry4.o(.ARM.Collect$$rtentry$$00000004)
    .ARM.Collect$$rtentry$$00000009          0x00000286   Section        0  __rtentry2.o(.ARM.Collect$$rtentry$$00000009)
    .ARM.Collect$$rtentry$$0000000A          0x00000286   Section        4  __rtentry2.o(.ARM.Collect$$rtentry$$0000000A)
    .ARM.Collect$$rtentry$$0000000B          0x0000028a   Section        8  __rtentry2.o(.ARM.Collect$$rtentry$$0000000B)
    .ARM.Collect$$rtentry$$0000000D          0x00000292   Section        8  __rtentry2.o(.ARM.Collect$$rtentry$$0000000D)
    .ARM.Collect$$rtexit$$00000000           0x0000029a   Section        2  rtexit.o(.ARM.Collect$$rtexit$$00000000)
    .ARM.Collect$$rtexit$$00000002           0x0000029c   Section        0  rtexit2.o(.ARM.Collect$$rtexit$$00000002)
    .ARM.Collect$$rtexit$$00000003           0x0000029c   Section        4  rtexit2.o(.ARM.Collect$$rtexit$$00000003)
    .ARM.Collect$$rtexit$$00000004           0x000002a0   Section        6  rtexit2.o(.ARM.Collect$$rtexit$$00000004)
    .emb_text                                0x000002a8   Section       28  rtx_conf_cm.o(.emb_text)
    $v0                                      0x000002a8   Number         0  rtx_conf_cm.o(.emb_text)
    .emb_text                                0x000002c4   Section      408  hal_cm4.o(.emb_text)
    $v0                                      0x000002c4   Number         0  hal_cm4.o(.emb_text)
    .text                                    0x0000045c   Section        0  led.o(.text)
    .text                                    0x000005e0   Section        0  blinky.o(.text)
    .text                                    0x000008d0   Section        0  cfaf128x128x16.o(.text)
    swap_ui16                                0x000008d1   Thumb Code    10  cfaf128x128x16.o(.text)
    swap_i32                                 0x000008db   Thumb Code    10  cfaf128x128x16.o(.text)
    cfaf128x128x16SsiTransfer                0x000008e5   Thumb Code    56  cfaf128x128x16.o(.text)
    cfaf128x128x16WriteCommand               0x0000091d   Thumb Code    60  cfaf128x128x16.o(.text)
    cfaf128x128x16WriteData                  0x00000959   Thumb Code    74  cfaf128x128x16.o(.text)
    cfaf128x128x16WriteRegister              0x000009a3   Thumb Code    20  cfaf128x128x16.o(.text)
    cfaf128x128x16SetWindow                  0x000009b7   Thumb Code   206  cfaf128x128x16.o(.text)
    cfaf128x128x16PixelDraw                  0x00000b75   Thumb Code    28  cfaf128x128x16.o(.text)
    cfaf128x128x16PixelDrawMultiple          0x00000b91   Thumb Code   490  cfaf128x128x16.o(.text)
    cfaf128x128x16LineDrawH                  0x00000d7b   Thumb Code    48  cfaf128x128x16.o(.text)
    cfaf128x128x16LineDrawV                  0x00000dab   Thumb Code    48  cfaf128x128x16.o(.text)
    cfaf128x128x16RectFill                   0x00000ddb   Thumb Code   100  cfaf128x128x16.o(.text)
    cfaf128x128x16ColorTranslate             0x00000e3f   Thumb Code    24  cfaf128x128x16.o(.text)
    cfaf128x128x16Flush                      0x00000e57   Thumb Code     2  cfaf128x128x16.o(.text)
    ssiSetDataMode                           0x00000ed1   Thumb Code    22  cfaf128x128x16.o(.text)
    ssiSetClockDivider                       0x00000ee7   Thumb Code     6  cfaf128x128x16.o(.text)
    InitSSICom                               0x00000eed   Thumb Code   178  cfaf128x128x16.o(.text)
    .text                                    0x00001164   Section        0  rtx_conf_cm.o(.text)
    __tagsym$$used                           0x000011cf   Number         0  rtx_conf_cm.o(.text)
    __tagsym$$used                           0x000011e5   Number         0  rtx_conf_cm.o(.text)
    .text                                    0x00001214   Section      300  startup_tm4c129.o(.text)
    $v0                                      0x00001214   Number         0  startup_tm4c129.o(.text)
    .text                                    0x00001340   Section        0  system_tm4c129.o(.text)
    .text                                    0x00001368   Section        8  libspace.o(.text)
    .text                                    0x00001370   Section        0  exit.o(.text)
    .text                                    0x00001382   Section        0  heapauxi.o(.text)
    .text                                    0x00001388   Section        0  sys_exit.o(.text)
    .text                                    0x00001394   Section       74  sys_stackheap_outer.o(.text)
    .text                                    0x000013de   Section        2  use_no_semi.o(.text)
    .text                                    0x000013e0   Section        0  indicate_semi.o(.text)
    SVC_TABLE                                0x000013e0   Section        4  svc_table.o(SVC_TABLE)
    i.GrContextFontSet                       0x000013e4   Section        0  string.o(i.GrContextFontSet)
    i.GrContextInit                          0x000013ec   Section        0  context.o(i.GrContextInit)
    i.GrDefaultStringRenderer                0x00001450   Section        0  string.o(i.GrDefaultStringRenderer)
    i.GrFontBaselineGet                      0x00001568   Section        0  string.o(i.GrFontBaselineGet)
    i.GrFontGlyphDataGet                     0x00001594   Section        0  string.o(i.GrFontGlyphDataGet)
    i.GrFontGlyphRender                      0x0000163a   Section        0  string.o(i.GrFontGlyphRender)
    i.GrLineDrawH                            0x000018c2   Section        0  line.o(i.GrLineDrawH)
    i.GrLineDrawV                            0x0000190e   Section        0  line.o(i.GrLineDrawV)
    i.GrMapISO8859_1_Unicode                 0x0000195a   Section        0  charmap.o(i.GrMapISO8859_1_Unicode)
    i.GrRectDraw                             0x00001962   Section        0  rectangle.o(i.GrRectDraw)
    i.GrRectFill                             0x000019ce   Section        0  rectangle.o(i.GrRectFill)
    i.GrStringDraw                           0x00001a82   Section        0  string.o(i.GrStringDraw)
    i.GrStringWidthGet                       0x00001aa2   Section        0  string.o(i.GrStringWidthGet)
    i.UpdateContextCharMapping               0x00001b62   Section        0  string.o(i.UpdateContextCharMapping)
    UpdateContextCharMapping                 0x00001b63   Thumb Code   108  string.o(i.UpdateContextCharMapping)
    i._init_box                              0x00001bce   Section        0  rt_membox.o(i._init_box)
    i.dbg_init                               0x00001c14   Section        0  hal_cm.o(i.dbg_init)
    i.dbg_task_notify                        0x00001c44   Section        0  hal_cm.o(i.dbg_task_notify)
    i.dbg_task_switch                        0x00001c64   Section        0  hal_cm.o(i.dbg_task_switch)
    i.isrMessageGet                          0x00001c74   Section        0  rt_cmsis.o(i.isrMessageGet)
    i.isrMessagePut                          0x00001c9e   Section        0  rt_cmsis.o(i.isrMessagePut)
    i.isrSignalSet                           0x00001cca   Section        0  rt_cmsis.o(i.isrSignalSet)
    i.isr_evt_set                            0x00001cf0   Section        0  rt_event.o(i.isr_evt_set)
    i.isr_mbx_receive                        0x00001d18   Section        0  rt_mailbox.o(i.isr_mbx_receive)
    i.isr_mbx_send                           0x00001d6e   Section        0  rt_mailbox.o(i.isr_mbx_send)
    i.osDelay                                0x00001d7c   Section        0  rt_cmsis.o(i.osDelay)
    i.osKernelInitialize                     0x00001d94   Section        0  rt_cmsis.o(i.osKernelInitialize)
    i.osKernelStart                          0x00001db8   Section        0  rt_cmsis.o(i.osKernelStart)
    i.osMessageGet                           0x00001e24   Section        0  rt_cmsis.o(i.osMessageGet)
    i.osSignalSet                            0x00001e3c   Section        0  rt_cmsis.o(i.osSignalSet)
    i.osSignalWait                           0x00001e54   Section        0  rt_cmsis.o(i.osSignalWait)
    i.osThreadCreate                         0x00001e6c   Section        0  rt_cmsis.o(i.osThreadCreate)
    i.osThreadExit                           0x00001e98   Section        0  rt_cmsis.o(i.osThreadExit)
    i.osTimerCall                            0x00001eb0   Section        0  rt_cmsis.o(i.osTimerCall)
    i.osTimerThread                          0x00001ebc   Section        0  rt_cmsis.o(i.osTimerThread)
    i.os_tick_init                           0x00001ee8   Section        0  rt_system.o(i.os_tick_init)
    i.os_tick_irqack                         0x00001f10   Section        0  rt_system.o(i.os_tick_irqack)
    i.rt_alloc_box                           0x00001f12   Section        0  rt_membox.o(i.rt_alloc_box)
    i.rt_alloc_mem                           0x00001f2c   Section        0  rt_memory.o(i.rt_alloc_mem)
    i.rt_block                               0x00001f6c   Section        0  rt_task.o(i.rt_block)
    i.rt_dec_dly                             0x00001fa4   Section        0  rt_list.o(i.rt_dec_dly)
    i.rt_dispatch                            0x00002014   Section        0  rt_task.o(i.rt_dispatch)
    i.rt_dly_wait                            0x00002058   Section        0  rt_time.o(i.rt_dly_wait)
    i.rt_evt_psh                             0x00002060   Section        0  rt_event.o(i.rt_evt_psh)
    i.rt_evt_set                             0x000020b0   Section        0  rt_event.o(i.rt_evt_set)
    i.rt_evt_wait                            0x0000210c   Section        0  rt_event.o(i.rt_evt_wait)
    i.rt_free_box                            0x00002148   Section        0  rt_membox.o(i.rt_free_box)
    i.rt_free_mem                            0x00002174   Section        0  rt_memory.o(i.rt_free_mem)
    i.rt_get_first                           0x0000219c   Section        0  rt_list.o(i.rt_get_first)
    i.rt_id2obj                              0x000021c4   Section        0  rt_cmsis.o(i.rt_id2obj)
    rt_id2obj                                0x000021c5   Thumb Code     8  rt_cmsis.o(i.rt_id2obj)
    i.rt_init_context                        0x000021cc   Section        0  rt_task.o(i.rt_init_context)
    rt_init_context                          0x000021cd   Thumb Code    66  rt_task.o(i.rt_init_context)
    i.rt_init_mem                            0x00002214   Section        0  rt_memory.o(i.rt_init_mem)
    i.rt_init_stack                          0x00002230   Section        0  hal_cm.o(i.rt_init_stack)
    i.rt_mbx_check                           0x000022b0   Section        0  rt_mailbox.o(i.rt_mbx_check)
    i.rt_mbx_init                            0x000022b8   Section        0  rt_mailbox.o(i.rt_mbx_init)
    i.rt_mbx_psh                             0x000022d4   Section        0  rt_mailbox.o(i.rt_mbx_psh)
    i.rt_mbx_wait                            0x000023c4   Section        0  rt_mailbox.o(i.rt_mbx_wait)
    i.rt_ms2tick                             0x00002478   Section        0  rt_cmsis.o(i.rt_ms2tick)
    rt_ms2tick                               0x00002479   Thumb Code    58  rt_cmsis.o(i.rt_ms2tick)
    i.rt_mut_init                            0x000024bc   Section        0  rt_mutex.o(i.rt_mut_init)
    i.rt_mut_release                         0x000024cc   Section        0  rt_mutex.o(i.rt_mut_release)
    i.rt_mut_wait                            0x000025a4   Section        0  rt_mutex.o(i.rt_mut_wait)
    i.rt_pop_req                             0x0000261c   Section        0  rt_system.o(i.rt_pop_req)
    i.rt_psh_req                             0x00002698   Section        0  rt_system.o(i.rt_psh_req)
    i.rt_psq_enq                             0x000026b8   Section        0  rt_list.o(i.rt_psq_enq)
    i.rt_put_dly                             0x00002714   Section        0  rt_list.o(i.rt_put_dly)
    i.rt_put_prio                            0x0000275c   Section        0  rt_list.o(i.rt_put_prio)
    i.rt_put_rdy_first                       0x00002794   Section        0  rt_list.o(i.rt_put_rdy_first)
    i.rt_resort_prio                         0x000027a8   Section        0  rt_list.o(i.rt_resort_prio)
    i.rt_ret_regs                            0x000027dc   Section        0  hal_cm.o(i.rt_ret_regs)
    rt_ret_regs                              0x000027dd   Thumb Code    16  hal_cm.o(i.rt_ret_regs)
    i.rt_ret_val                             0x000027ec   Section        0  hal_cm.o(i.rt_ret_val)
    i.rt_ret_val2                            0x000027f8   Section        0  hal_cm.o(i.rt_ret_val2)
    i.rt_rmv_dly                             0x00002808   Section        0  rt_list.o(i.rt_rmv_dly)
    i.rt_rmv_list                            0x00002830   Section        0  rt_list.o(i.rt_rmv_list)
    i.rt_sem_psh                             0x00002860   Section        0  rt_semaphore.o(i.rt_sem_psh)
    i.rt_stk_check                           0x00002894   Section        0  rt_system.o(i.rt_stk_check)
    i.rt_switch_req                          0x000028b8   Section        0  rt_task.o(i.rt_switch_req)
    i.rt_sys_init                            0x000028e0   Section        0  rt_task.o(i.rt_sys_init)
    i.rt_sys_start                           0x000029ac   Section        0  rt_task.o(i.rt_sys_start)
    i.rt_systick                             0x00002a24   Section        0  rt_system.o(i.rt_systick)
    i.rt_tid2ptcb                            0x00002a64   Section        0  rt_cmsis.o(i.rt_tid2ptcb)
    rt_tid2ptcb                              0x00002a65   Thumb Code    18  rt_cmsis.o(i.rt_tid2ptcb)
    i.rt_timer_insert                        0x00002a78   Section        0  rt_cmsis.o(i.rt_timer_insert)
    rt_timer_insert                          0x00002a79   Thumb Code    48  rt_cmsis.o(i.rt_timer_insert)
    i.rt_tsk_create                          0x00002aac   Section        0  rt_task.o(i.rt_tsk_create)
    i.rt_tsk_delete                          0x00002b34   Section        0  rt_task.o(i.rt_tsk_delete)
    i.rt_tsk_prio                            0x00002cb0   Section        0  rt_task.o(i.rt_tsk_prio)
    i.rt_tsk_self                            0x00002d2c   Section        0  rt_task.o(i.rt_tsk_self)
    i.svcDelay                               0x00002d3c   Section        0  rt_cmsis.o(i.svcDelay)
    i.svcKernelInitialize                    0x00002d50   Section        0  rt_cmsis.o(i.svcKernelInitialize)
    i.svcKernelStart                         0x00002dc0   Section        0  rt_cmsis.o(i.svcKernelStart)
    i.svcMessageCreate                       0x00002e08   Section        0  rt_cmsis.o(i.svcMessageCreate)
    i.svcMessageGet                          0x00002e2c   Section        0  rt_cmsis.o(i.svcMessageGet)
    i.svcSignalSet                           0x00002e66   Section        0  rt_cmsis.o(i.svcSignalSet)
    i.svcSignalWait                          0x00002e8c   Section        0  rt_cmsis.o(i.svcSignalWait)
    i.svcThreadCreate                        0x00002ee0   Section        0  rt_cmsis.o(i.svcThreadCreate)
    i.svcThreadGetId                         0x00002f4c   Section        0  rt_cmsis.o(i.svcThreadGetId)
    i.svcThreadTerminate                     0x00002f68   Section        0  rt_cmsis.o(i.svcThreadTerminate)
    i.svcTimerCall                           0x00002fa0   Section        0  rt_cmsis.o(i.svcTimerCall)
    i.sysTimerTick                           0x00002fb8   Section        0  rt_cmsis.o(i.sysTimerTick)
    x$fpl$fpinit                             0x00003014   Section       10  fpinit.o(x$fpl$fpinit)
    $v0                                      0x00003014   Number         0  fpinit.o(x$fpl$fpinit)
    .constdata                               0x00003020   Section       16  led.o(.constdata)
    .constdata                               0x00003030   Section       80  blinky.o(.constdata)
    .constdata                               0x00003080   Section       64  cfaf128x128x16.o(.constdata)
    .constdata                               0x000030c0   Section      104  rtx_conf_cm.o(.constdata)
    __tagsym$$used                           0x000030dc   Number         0  rtx_conf_cm.o(.constdata)
    __tagsym$$used                           0x000030e0   Number         0  rtx_conf_cm.o(.constdata)
    __tagsym$$used                           0x000030e4   Number         0  rtx_conf_cm.o(.constdata)
    __tagsym$$used                           0x000030e8   Number         0  rtx_conf_cm.o(.constdata)
    .constdata                               0x00003128   Section       16  context.o(.constdata)
    .constdata                               0x00003138   Section     1375  fontcm12.o(.constdata)
    g_pui8Cm12Data                           0x00003138   Data        1375  fontcm12.o(.constdata)
    .constdata                               0x00003698   Section      200  fontcm12.o(.constdata)
    .data                                    0x20000000   Section       20  blinky.o(.data)
    .data                                    0x20000014   Section        5  cfaf128x128x16.o(.data)
    .data                                    0x2000001c   Section       20  rtx_conf_cm.o(.data)
    nr_mutex                                 0x2000002c   Data           4  rtx_conf_cm.o(.data)
    .data                                    0x20000030   Section        4  system_tm4c129.o(.data)
    .data                                    0x20000034   Section        4  context.o(.data)
    g_psGrLibDefaults                        0x20000034   Data           4  context.o(.data)
    .data                                    0x20000038   Section        8  rt_cmsis.o(.data)
    .data                                    0x20000040   Section        8  rt_task.o(.data)
    .data                                    0x20000048   Section        8  rt_system.o(.data)
    os_lock                                  0x20000048   Data           1  rt_system.o(.data)
    os_psh_flag                              0x20000049   Data           1  rt_system.o(.data)
    pend_flags                               0x2000004a   Data           1  rt_system.o(.data)
    .data                                    0x20000050   Section        4  rt_time.o(.data)
    .data                                    0x20000054   Section        1  hal_cm.o(.data)
    .bss                                     0x20000058   Section     9120  rtx_conf_cm.o(.bss)
    std_libspace                             0x20002018   Data         864  rtx_conf_cm.o(.bss)
    std_libmutex                             0x20002378   Data         128  rtx_conf_cm.o(.bss)
    .bss                                     0x200023f8   Section       52  rt_task.o(.bss)
    .bss                                     0x2000242c   Section       48  rt_list.o(.bss)
    .bss                                     0x2000245c   Section       96  libspace.o(.bss)
    HEAP                                     0x200024c0   Section        0  startup_tm4c129.o(HEAP)
    STACK                                    0x200024c0   Section      512  startup_tm4c129.o(STACK)
    Heap_Mem                                 0x200024c0   Data           0  startup_tm4c129.o(HEAP)
    Stack_Mem                                0x200024c0   Data         512  startup_tm4c129.o(STACK)
    __initial_sp                             0x200026c0   Data           0  startup_tm4c129.o(STACK)

    Global Symbols

    Symbol Name                              Value     Ov Type        Size  Object(Section)

    BuildAttributes$$THM_ISAv4$E$P$D$K$B$S$7EM$VFPi3$EXTD16$VFPS$VFMA$PE$A:L22UL41UL21$X:L11$S22US41US21$IEEE1$IW$USESV6$~STKCKD$USESV7$~SHL$OTIME$ROPI$EBA8$UX$STANDARDLIB$REQ8$PRES8$EABIv2 0x00000000   Number         0  anon$$obj.o ABSOLUTE
    __ARM_use_no_argv                        0x00000000   Number         0  blinky.o ABSOLUTE
    __Vectors                                0x00000000   Data           4  startup_tm4c129.o(RESET)
    __ARM_exceptions_init                     - Undefined Weak Reference
    __alloca_initialize                       - Undefined Weak Reference
    __arm_preinit_                            - Undefined Weak Reference
    __cpp_initialize__aeabi_                  - Undefined Weak Reference
    __cxa_finalize                            - Undefined Weak Reference
    __rt_locale                               - Undefined Weak Reference
    __sigvec_lookup                           - Undefined Weak Reference
    _atexit_init                              - Undefined Weak Reference
    _call_atexit_fns                          - Undefined Weak Reference
    _clock_init                               - Undefined Weak Reference
    _fp_trap_init                             - Undefined Weak Reference
    _fp_trap_shutdown                         - Undefined Weak Reference
    _get_lc_collate                           - Undefined Weak Reference
    _get_lc_ctype                             - Undefined Weak Reference
    _get_lc_monetary                          - Undefined Weak Reference
    _get_lc_numeric                           - Undefined Weak Reference
    _get_lc_time                              - Undefined Weak Reference
    _getenv_init                              - Undefined Weak Reference
    _handle_redirection                       - Undefined Weak Reference
    _init_alloc                               - Undefined Weak Reference
    _init_user_alloc                          - Undefined Weak Reference
    _initio                                   - Undefined Weak Reference
    _rand_init                                - Undefined Weak Reference
    _signal_finish                            - Undefined Weak Reference
    _signal_init                              - Undefined Weak Reference
    _terminate_alloc                          - Undefined Weak Reference
    _terminate_user_alloc                     - Undefined Weak Reference
    _terminateio                              - Undefined Weak Reference
    __Vectors_End                            0x00000200   Data           0  startup_tm4c129.o(RESET)
    __Vectors_Size                           0x00000200   Number         0  startup_tm4c129.o ABSOLUTE
    __main                                   0x00000201   Thumb Code     8  __main.o(!!!main)
    __scatterload                            0x00000209   Thumb Code     0  __scatter.o(!!!scatter)
    __scatterload_rt2                        0x00000209   Thumb Code    44  __scatter.o(!!!scatter)
    __scatterload_rt2_thumb_only             0x00000209   Thumb Code     0  __scatter.o(!!!scatter)
    __scatterload_null                       0x00000217   Thumb Code     0  __scatter.o(!!!scatter)
    __scatterload_copy                       0x0000023d   Thumb Code    26  __scatter_copy.o(!!handler_copy)
    __scatterload_zeroinit                   0x00000259   Thumb Code    28  __scatter_zi.o(!!handler_zi)
    __rt_lib_init                            0x00000275   Thumb Code     0  libinit.o(.ARM.Collect$$libinit$$00000000)
    __rt_lib_init_fp_1                       0x00000277   Thumb Code     0  libinit2.o(.ARM.Collect$$libinit$$00000001)
    __rt_lib_init_alloca_1                   0x0000027b   Thumb Code     0  libinit2.o(.ARM.Collect$$libinit$$0000002E)
    __rt_lib_init_argv_1                     0x0000027b   Thumb Code     0  libinit2.o(.ARM.Collect$$libinit$$0000002C)
    __rt_lib_init_atexit_1                   0x0000027b   Thumb Code     0  libinit2.o(.ARM.Collect$$libinit$$0000001B)
    __rt_lib_init_clock_1                    0x0000027b   Thumb Code     0  libinit2.o(.ARM.Collect$$libinit$$00000021)
    __rt_lib_init_cpp_1                      0x0000027b   Thumb Code     0  libinit2.o(.ARM.Collect$$libinit$$00000032)
    __rt_lib_init_exceptions_1               0x0000027b   Thumb Code     0  libinit2.o(.ARM.Collect$$libinit$$00000030)
    __rt_lib_init_fp_trap_1                  0x0000027b   Thumb Code     0  libinit2.o(.ARM.Collect$$libinit$$0000001F)
    __rt_lib_init_getenv_1                   0x0000027b   Thumb Code     0  libinit2.o(.ARM.Collect$$libinit$$00000023)
    __rt_lib_init_heap_1                     0x0000027b   Thumb Code     0  libinit2.o(.ARM.Collect$$libinit$$0000000A)
    __rt_lib_init_lc_collate_1               0x0000027b   Thumb Code     0  libinit2.o(.ARM.Collect$$libinit$$00000011)
    __rt_lib_init_lc_ctype_1                 0x0000027b   Thumb Code     0  libinit2.o(.ARM.Collect$$libinit$$00000013)
    __rt_lib_init_lc_monetary_1              0x0000027b   Thumb Code     0  libinit2.o(.ARM.Collect$$libinit$$00000015)
    __rt_lib_init_lc_numeric_1               0x0000027b   Thumb Code     0  libinit2.o(.ARM.Collect$$libinit$$00000017)
    __rt_lib_init_lc_time_1                  0x0000027b   Thumb Code     0  libinit2.o(.ARM.Collect$$libinit$$00000019)
    __rt_lib_init_preinit_1                  0x0000027b   Thumb Code     0  libinit2.o(.ARM.Collect$$libinit$$00000004)
    __rt_lib_init_rand_1                     0x0000027b   Thumb Code     0  libinit2.o(.ARM.Collect$$libinit$$0000000E)
    __rt_lib_init_return                     0x0000027b   Thumb Code     0  libinit2.o(.ARM.Collect$$libinit$$00000033)
    __rt_lib_init_signal_1                   0x0000027b   Thumb Code     0  libinit2.o(.ARM.Collect$$libinit$$0000001D)
    __rt_lib_init_stdio_1                    0x0000027b   Thumb Code     0  libinit2.o(.ARM.Collect$$libinit$$00000025)
    __rt_lib_init_user_alloc_1               0x0000027b   Thumb Code     0  libinit2.o(.ARM.Collect$$libinit$$0000000C)
    __rt_lib_shutdown                        0x0000027d   Thumb Code     0  libshutdown.o(.ARM.Collect$$libshutdown$$00000000)
    __rt_lib_shutdown_cpp_1                  0x0000027f   Thumb Code     0  libshutdown2.o(.ARM.Collect$$libshutdown$$00000002)
    __rt_lib_shutdown_fp_trap_1              0x0000027f   Thumb Code     0  libshutdown2.o(.ARM.Collect$$libshutdown$$00000007)
    __rt_lib_shutdown_heap_1                 0x0000027f   Thumb Code     0  libshutdown2.o(.ARM.Collect$$libshutdown$$0000000F)
    __rt_lib_shutdown_return                 0x0000027f   Thumb Code     0  libshutdown2.o(.ARM.Collect$$libshutdown$$00000010)
    __rt_lib_shutdown_signal_1               0x0000027f   Thumb Code     0  libshutdown2.o(.ARM.Collect$$libshutdown$$0000000A)
    __rt_lib_shutdown_stdio_1                0x0000027f   Thumb Code     0  libshutdown2.o(.ARM.Collect$$libshutdown$$00000004)
    __rt_lib_shutdown_user_alloc_1           0x0000027f   Thumb Code     0  libshutdown2.o(.ARM.Collect$$libshutdown$$0000000C)
    __rt_entry                               0x00000281   Thumb Code     0  __rtentry.o(.ARM.Collect$$rtentry$$00000000)
    __rt_entry_presh_1                       0x00000281   Thumb Code     0  __rtentry2.o(.ARM.Collect$$rtentry$$00000002)
    __rt_entry_sh                            0x00000281   Thumb Code     0  __rtentry4.o(.ARM.Collect$$rtentry$$00000004)
    __rt_entry_li                            0x00000287   Thumb Code     0  __rtentry2.o(.ARM.Collect$$rtentry$$0000000A)
    __rt_entry_postsh_1                      0x00000287   Thumb Code     0  __rtentry2.o(.ARM.Collect$$rtentry$$00000009)
    __rt_entry_postli_1                      0x0000028b   Thumb Code     0  __rtentry2.o(.ARM.Collect$$rtentry$$0000000B)
    __rt_entry_main                          0x00000293   Thumb Code     0  __rtentry2.o(.ARM.Collect$$rtentry$$0000000D)
    __rt_exit                                0x0000029b   Thumb Code     0  rtexit.o(.ARM.Collect$$rtexit$$00000000)
    __rt_exit_ls                             0x0000029d   Thumb Code     0  rtexit2.o(.ARM.Collect$$rtexit$$00000003)
    __rt_exit_prels_1                        0x0000029d   Thumb Code     0  rtexit2.o(.ARM.Collect$$rtexit$$00000002)
    __rt_exit_exit                           0x000002a1   Thumb Code     0  rtexit2.o(.ARM.Collect$$rtexit$$00000004)
    _platform_post_lib_init                  0x000002a9   Thumb Code    24  rtx_conf_cm.o(.emb_text)
    rt_set_PSP                               0x000002c5   Thumb Code     6  hal_cm4.o(.emb_text)
    rt_get_PSP                               0x000002cb   Thumb Code     6  hal_cm4.o(.emb_text)
    os_set_env                               0x000002d1   Thumb Code    24  hal_cm4.o(.emb_text)
    _alloc_box                               0x000002ed   Thumb Code    28  hal_cm4.o(.emb_text)
    _free_box                                0x0000030d   Thumb Code    28  hal_cm4.o(.emb_text)
    SVC_Handler                              0x0000032d   Thumb Code   168  hal_cm4.o(.emb_text)
    PendSV_Handler                           0x000003e5   Thumb Code    96  hal_cm4.o(.emb_text)
    SysTick_Handler                          0x00000449   Thumb Code     8  hal_cm4.o(.emb_text)
    OS_Tick_Handler                          0x00000451   Thumb Code    12  hal_cm4.o(.emb_text)
    LED_Initialize                           0x0000045d   Thumb Code    94  led.o(.text)
    __RL_RTX_VER                             0x00000482   Number         0  rt_system.o ABSOLUTE
    LED_On                                   0x000004bb   Thumb Code   112  led.o(.text)
    LED_Off                                  0x0000052b   Thumb Code   112  led.o(.text)
    LED_Out                                  0x0000059b   Thumb Code    38  led.o(.text)
    Switch_On                                0x000005e1   Thumb Code    16  blinky.o(.text)
    Switch_Off                               0x000005f1   Thumb Code    16  blinky.o(.text)
    signal_func                              0x00000601   Thumb Code    62  blinky.o(.text)
    phaseA                                   0x0000063f   Thumb Code    40  blinky.o(.text)
    phaseB                                   0x00000667   Thumb Code    40  blinky.o(.text)
    phaseC                                   0x0000068f   Thumb Code    40  blinky.o(.text)
    phaseD                                   0x000006b7   Thumb Code    40  blinky.o(.text)
    clock                                    0x000006df   Thumb Code    40  blinky.o(.text)
    main                                     0x00000707   Thumb Code   384  blinky.o(.text)
    cfaf128x128x16Rect                       0x00000a85   Thumb Code   134  cfaf128x128x16.o(.text)
    cfaf128x128x16LineVer                    0x00000b0b   Thumb Code    38  cfaf128x128x16.o(.text)
    cfaf128x128x16LineHor                    0x00000b31   Thumb Code    38  cfaf128x128x16.o(.text)
    cfaf128x128x16Dot                        0x00000b57   Thumb Code    30  cfaf128x128x16.o(.text)
    cfaf128x128x16SetOrientation             0x00000e59   Thumb Code    74  cfaf128x128x16.o(.text)
    cfaf128x128x16ClearColor                 0x00000ea3   Thumb Code    36  cfaf128x128x16.o(.text)
    cfaf128x128x16Clear                      0x00000ec7   Thumb Code    10  cfaf128x128x16.o(.text)
    cfaf128x128x16Init                       0x00000f9f   Thumb Code   384  cfaf128x128x16.o(.text)
    os_idle_demon                            0x00001165   Thumb Code     4  rtx_conf_cm.o(.text)
    os_error                                 0x00001169   Thumb Code    32  rtx_conf_cm.o(.text)
    rt_init_robin                            0x00001189   Thumb Code     2  rtx_conf_cm.o(.text)
    rt_chk_robin                             0x0000118b   Thumb Code     2  rtx_conf_cm.o(.text)
    __user_perthread_libspace                0x0000118d   Thumb Code    32  rtx_conf_cm.o(.text)
    _mutex_initialize                        0x000011ad   Thumb Code    34  rtx_conf_cm.o(.text)
    _mutex_acquire                           0x000011cf   Thumb Code    22  rtx_conf_cm.o(.text)
    _mutex_release                           0x000011e5   Thumb Code    18  rtx_conf_cm.o(.text)
    Reset_Handler                            0x00001215   Thumb Code     8  startup_tm4c129.o(.text)
    NMI_Handler                              0x0000121d   Thumb Code     2  startup_tm4c129.o(.text)
    HardFault_Handler                        0x0000121f   Thumb Code     2  startup_tm4c129.o(.text)
    MemManage_Handler                        0x00001221   Thumb Code     2  startup_tm4c129.o(.text)
    BusFault_Handler                         0x00001223   Thumb Code     2  startup_tm4c129.o(.text)
    UsageFault_Handler                       0x00001225   Thumb Code     2  startup_tm4c129.o(.text)
    DebugMon_Handler                         0x00001229   Thumb Code     2  startup_tm4c129.o(.text)
    GPIOA_Handler                            0x0000122f   Thumb Code     2  startup_tm4c129.o(.text)
    GPIOB_Handler                            0x00001231   Thumb Code     2  startup_tm4c129.o(.text)
    GPIOC_Handler                            0x00001233   Thumb Code     2  startup_tm4c129.o(.text)
    GPIOD_Handler                            0x00001235   Thumb Code     2  startup_tm4c129.o(.text)
    GPIOE_Handler                            0x00001237   Thumb Code     2  startup_tm4c129.o(.text)
    UART0_Handler                            0x00001239   Thumb Code     2  startup_tm4c129.o(.text)
    UART1_Handler                            0x0000123b   Thumb Code     2  startup_tm4c129.o(.text)
    SSI0_Handler                             0x0000123d   Thumb Code     2  startup_tm4c129.o(.text)
    I2C0_Handler                             0x0000123f   Thumb Code     2  startup_tm4c129.o(.text)
    PMW0_FAULT_Handler                       0x00001241   Thumb Code     2  startup_tm4c129.o(.text)
    PWM0_0_Handler                           0x00001243   Thumb Code     2  startup_tm4c129.o(.text)
    PWM0_1_Handler                           0x00001245   Thumb Code     2  startup_tm4c129.o(.text)
    PWM0_2_Handler                           0x00001247   Thumb Code     2  startup_tm4c129.o(.text)
    QEI0_Handler                             0x00001249   Thumb Code     2  startup_tm4c129.o(.text)
    ADC0SS0_Handler                          0x0000124b   Thumb Code     2  startup_tm4c129.o(.text)
    ADC0SS1_Handler                          0x0000124d   Thumb Code     2  startup_tm4c129.o(.text)
    ADC0SS2_Handler                          0x0000124f   Thumb Code     2  startup_tm4c129.o(.text)
    ADC0SS3_Handler                          0x00001251   Thumb Code     2  startup_tm4c129.o(.text)
    WDT0_Handler                             0x00001253   Thumb Code     2  startup_tm4c129.o(.text)
    TIMER0A_Handler                          0x00001255   Thumb Code     2  startup_tm4c129.o(.text)
    TIMER0B_Handler                          0x00001257   Thumb Code     2  startup_tm4c129.o(.text)
    TIMER1A_Handler                          0x00001259   Thumb Code     2  startup_tm4c129.o(.text)
    TIMER1B_Handler                          0x0000125b   Thumb Code     2  startup_tm4c129.o(.text)
    TIMER2A_Handler                          0x0000125d   Thumb Code     2  startup_tm4c129.o(.text)
    TIMER2B_Handler                          0x0000125f   Thumb Code     2  startup_tm4c129.o(.text)
    COMP0_Handler                            0x00001261   Thumb Code     2  startup_tm4c129.o(.text)
    COMP1_Handler                            0x00001263   Thumb Code     2  startup_tm4c129.o(.text)
    COMP2_Handler                            0x00001265   Thumb Code     2  startup_tm4c129.o(.text)
    SYSCTL_Handler                           0x00001267   Thumb Code     2  startup_tm4c129.o(.text)
    FLASH_Handler                            0x00001269   Thumb Code     2  startup_tm4c129.o(.text)
    GPIOF_Handler                            0x0000126b   Thumb Code     2  startup_tm4c129.o(.text)
    GPIOG_Handler                            0x0000126d   Thumb Code     2  startup_tm4c129.o(.text)
    GPIOH_Handler                            0x0000126f   Thumb Code     2  startup_tm4c129.o(.text)
    UART2_Handler                            0x00001271   Thumb Code     2  startup_tm4c129.o(.text)
    SSI1_Handler                             0x00001273   Thumb Code     2  startup_tm4c129.o(.text)
    TIMER3A_Handler                          0x00001275   Thumb Code     2  startup_tm4c129.o(.text)
    TIMER3B_Handler                          0x00001277   Thumb Code     2  startup_tm4c129.o(.text)
    I2C1_Handler                             0x00001279   Thumb Code     2  startup_tm4c129.o(.text)
    CAN0_Handler                             0x0000127b   Thumb Code     2  startup_tm4c129.o(.text)
    CAN1_Handler                             0x0000127d   Thumb Code     2  startup_tm4c129.o(.text)
    ETH_Handler                              0x0000127f   Thumb Code     2  startup_tm4c129.o(.text)
    HIB_Handler                              0x00001281   Thumb Code     2  startup_tm4c129.o(.text)
    USB0_Handler                             0x00001283   Thumb Code     2  startup_tm4c129.o(.text)
    PWM0_3_Handler                           0x00001285   Thumb Code     2  startup_tm4c129.o(.text)
    UDMA_Handler                             0x00001287   Thumb Code     2  startup_tm4c129.o(.text)
    UDMAERR_Handler                          0x00001289   Thumb Code     2  startup_tm4c129.o(.text)
    ADC1SS0_Handler                          0x0000128b   Thumb Code     2  startup_tm4c129.o(.text)
    ADC1SS1_Handler                          0x0000128d   Thumb Code     2  startup_tm4c129.o(.text)
    ADC1SS2_Handler                          0x0000128f   Thumb Code     2  startup_tm4c129.o(.text)
    ADC1SS3_Handler                          0x00001291   Thumb Code     2  startup_tm4c129.o(.text)
    EBI0_Handler                             0x00001293   Thumb Code     2  startup_tm4c129.o(.text)
    GPIOJ_Handler                            0x00001295   Thumb Code     2  startup_tm4c129.o(.text)
    GPIOK_Handler                            0x00001297   Thumb Code     2  startup_tm4c129.o(.text)
    GPIOL_Handler                            0x00001299   Thumb Code     2  startup_tm4c129.o(.text)
    SSI2_Handler                             0x0000129b   Thumb Code     2  startup_tm4c129.o(.text)
    SSI3_Handler                             0x0000129d   Thumb Code     2  startup_tm4c129.o(.text)
    UART3_Handler                            0x0000129f   Thumb Code     2  startup_tm4c129.o(.text)
    UART4_Handler                            0x000012a1   Thumb Code     2  startup_tm4c129.o(.text)
    UART5_Handler                            0x000012a3   Thumb Code     2  startup_tm4c129.o(.text)
    UART6_Handler                            0x000012a5   Thumb Code     2  startup_tm4c129.o(.text)
    UART7_Handler                            0x000012a7   Thumb Code     2  startup_tm4c129.o(.text)
    I2C2_Handler                             0x000012a9   Thumb Code     2  startup_tm4c129.o(.text)
    I2C3_Handler                             0x000012ab   Thumb Code     2  startup_tm4c129.o(.text)
    TIMER4A_Handler                          0x000012ad   Thumb Code     2  startup_tm4c129.o(.text)
    TIMER4B_Handler                          0x000012af   Thumb Code     2  startup_tm4c129.o(.text)
    TIMER5A_Handler                          0x000012b1   Thumb Code     2  startup_tm4c129.o(.text)
    TIMER5B_Handler                          0x000012b3   Thumb Code     2  startup_tm4c129.o(.text)
    WTIMER0A_Handler                         0x000012b5   Thumb Code     2  startup_tm4c129.o(.text)
    WTIMER0B_Handler                         0x000012b7   Thumb Code     2  startup_tm4c129.o(.text)
    WTIMER1A_Handler                         0x000012b9   Thumb Code     2  startup_tm4c129.o(.text)
    WTIMER1B_Handler                         0x000012bb   Thumb Code     2  startup_tm4c129.o(.text)
    WTIMER2A_Handler                         0x000012bd   Thumb Code     2  startup_tm4c129.o(.text)
    WTIMER2B_Handler                         0x000012bf   Thumb Code     2  startup_tm4c129.o(.text)
    WTIMER3A_Handler                         0x000012c1   Thumb Code     2  startup_tm4c129.o(.text)
    WTIMER3B_Handler                         0x000012c3   Thumb Code     2  startup_tm4c129.o(.text)
    WTIMER4A_Handler                         0x000012c5   Thumb Code     2  startup_tm4c129.o(.text)
    WTIMER4B_Handler                         0x000012c7   Thumb Code     2  startup_tm4c129.o(.text)
    WTIMER5A_Handler                         0x000012c9   Thumb Code     2  startup_tm4c129.o(.text)
    WTIMER5B_Handler                         0x000012cb   Thumb Code     2  startup_tm4c129.o(.text)
    FPU_Handler                              0x000012cd   Thumb Code     2  startup_tm4c129.o(.text)
    I2C4_Handler                             0x000012cf   Thumb Code     2  startup_tm4c129.o(.text)
    I2C5_Handler                             0x000012d1   Thumb Code     2  startup_tm4c129.o(.text)
    GPIOM_Handler                            0x000012d3   Thumb Code     2  startup_tm4c129.o(.text)
    GPION_Handler                            0x000012d5   Thumb Code     2  startup_tm4c129.o(.text)
    TAMPER_Handler                           0x000012d7   Thumb Code     2  startup_tm4c129.o(.text)
    GPIOP0_Handler                           0x000012d9   Thumb Code     2  startup_tm4c129.o(.text)
    GPIOP1_Handler                           0x000012db   Thumb Code     2  startup_tm4c129.o(.text)
    GPIOP2_Handler                           0x000012dd   Thumb Code     2  startup_tm4c129.o(.text)
    GPIOP3_Handler                           0x000012df   Thumb Code     2  startup_tm4c129.o(.text)
    GPIOP4_Handler                           0x000012e1   Thumb Code     2  startup_tm4c129.o(.text)
    GPIOP5_Handler                           0x000012e3   Thumb Code     2  startup_tm4c129.o(.text)
    GPIOP6_Handler                           0x000012e5   Thumb Code     2  startup_tm4c129.o(.text)
    GPIOP7_Handler                           0x000012e7   Thumb Code     2  startup_tm4c129.o(.text)
    GPIOQ0_Handler                           0x000012e9   Thumb Code     2  startup_tm4c129.o(.text)
    GPIOQ1_Handler                           0x000012eb   Thumb Code     2  startup_tm4c129.o(.text)
    GPIOQ2_Handler                           0x000012ed   Thumb Code     2  startup_tm4c129.o(.text)
    GPIOQ3_Handler                           0x000012ef   Thumb Code     2  startup_tm4c129.o(.text)
    GPIOQ4_Handler                           0x000012f1   Thumb Code     2  startup_tm4c129.o(.text)
    GPIOQ5_Handler                           0x000012f3   Thumb Code     2  startup_tm4c129.o(.text)
    GPIOQ6_Handler                           0x000012f5   Thumb Code     2  startup_tm4c129.o(.text)
    GPIOQ7_Handler                           0x000012f7   Thumb Code     2  startup_tm4c129.o(.text)
    GPIOR_Handler                            0x000012f9   Thumb Code     2  startup_tm4c129.o(.text)
    GPIOS_Handler                            0x000012fb   Thumb Code     2  startup_tm4c129.o(.text)
    SHAMD5_Handler                           0x000012fd   Thumb Code     2  startup_tm4c129.o(.text)
    AES_Handler                              0x000012ff   Thumb Code     2  startup_tm4c129.o(.text)
    DES3DES_Handler                          0x00001301   Thumb Code     2  startup_tm4c129.o(.text)
    LCDCONTROLLER_Handler                    0x00001303   Thumb Code     2  startup_tm4c129.o(.text)
    TIMER6A_Handler                          0x00001305   Thumb Code     2  startup_tm4c129.o(.text)
    TIMER6B_Handler                          0x00001307   Thumb Code     2  startup_tm4c129.o(.text)
    TIMER7A_Handler                          0x00001309   Thumb Code     2  startup_tm4c129.o(.text)
    TIMER7B_Handler                          0x0000130b   Thumb Code     2  startup_tm4c129.o(.text)
    I2C6_Handler                             0x0000130d   Thumb Code     2  startup_tm4c129.o(.text)
    I2C7_Handler                             0x0000130f   Thumb Code     2  startup_tm4c129.o(.text)
    HIMSCANKEYBOARD_Handler                  0x00001311   Thumb Code     2  startup_tm4c129.o(.text)
    ONEWIRE_Handler                          0x00001313   Thumb Code     2  startup_tm4c129.o(.text)
    HIMPS2_Handler                           0x00001315   Thumb Code     2  startup_tm4c129.o(.text)
    HIMLEDSEQUENCER_Handler                  0x00001317   Thumb Code     2  startup_tm4c129.o(.text)
    HIMCONSUMERIR_Handler                    0x00001319   Thumb Code     2  startup_tm4c129.o(.text)
    I2C8_Handler                             0x0000131b   Thumb Code     2  startup_tm4c129.o(.text)
    I2C9_Handler                             0x0000131d   Thumb Code     2  startup_tm4c129.o(.text)
    GPIOT_Handler                            0x0000131f   Thumb Code     2  startup_tm4c129.o(.text)
    __user_initial_stackheap                 0x00001321   Thumb Code     0  startup_tm4c129.o(.text)
    SystemCoreClockUpdate                    0x00001341   Thumb Code     8  system_tm4c129.o(.text)
    SystemInit                               0x00001349   Thumb Code    20  system_tm4c129.o(.text)
    __user_libspace                          0x00001369   Thumb Code     8  libspace.o(.text)
    __user_perproc_libspace                  0x00001369   Thumb Code     0  libspace.o(.text)
    exit                                     0x00001371   Thumb Code    18  exit.o(.text)
    __use_two_region_memory                  0x00001383   Thumb Code     2  heapauxi.o(.text)
    __rt_heap_escrow$2region                 0x00001385   Thumb Code     2  heapauxi.o(.text)
    __rt_heap_expand$2region                 0x00001387   Thumb Code     2  heapauxi.o(.text)
    _sys_exit                                0x00001389   Thumb Code     8  sys_exit.o(.text)
    __user_setup_stackheap                   0x00001395   Thumb Code    74  sys_stackheap_outer.o(.text)
    __I$use$semihosting                      0x000013df   Thumb Code     0  use_no_semi.o(.text)
    __use_no_semihosting_swi                 0x000013df   Thumb Code     2  use_no_semi.o(.text)
    SVC_Count                                0x000013e0   Data           4  svc_table.o(SVC_TABLE)
    __semihosting_library_function           0x000013e1   Thumb Code     0  indicate_semi.o(.text)
    GrContextFontSet                         0x000013e5   Thumb Code     6  string.o(i.GrContextFontSet)
    SVC_Table                                0x000013e4   Data           0  svc_table.o(SVC_TABLE)
    GrContextInit                            0x000013ed   Thumb Code    88  context.o(i.GrContextInit)
    GrDefaultStringRenderer                  0x00001451   Thumb Code   280  string.o(i.GrDefaultStringRenderer)
    GrFontBaselineGet                        0x00001569   Thumb Code    44  string.o(i.GrFontBaselineGet)
    GrFontGlyphDataGet                       0x00001595   Thumb Code   166  string.o(i.GrFontGlyphDataGet)
    GrFontGlyphRender                        0x0000163b   Thumb Code   648  string.o(i.GrFontGlyphRender)
    GrLineDrawH                              0x000018c3   Thumb Code    76  line.o(i.GrLineDrawH)
    GrLineDrawV                              0x0000190f   Thumb Code    76  line.o(i.GrLineDrawV)
    GrMapISO8859_1_Unicode                   0x0000195b   Thumb Code     8  charmap.o(i.GrMapISO8859_1_Unicode)
    GrRectDraw                               0x00001963   Thumb Code   108  rectangle.o(i.GrRectDraw)
    GrRectFill                               0x000019cf   Thumb Code   180  rectangle.o(i.GrRectFill)
    GrStringDraw                             0x00001a83   Thumb Code    32  string.o(i.GrStringDraw)
    GrStringWidthGet                         0x00001aa3   Thumb Code   192  string.o(i.GrStringWidthGet)
    _init_box                                0x00001bcf   Thumb Code    70  rt_membox.o(i._init_box)
    dbg_init                                 0x00001c15   Thumb Code    34  hal_cm.o(i.dbg_init)
    dbg_task_notify                          0x00001c45   Thumb Code    32  hal_cm.o(i.dbg_task_notify)
    dbg_task_switch                          0x00001c65   Thumb Code    16  hal_cm.o(i.dbg_task_switch)
    isrMessageGet                            0x00001c75   Thumb Code    42  rt_cmsis.o(i.isrMessageGet)
    isrMessagePut                            0x00001c9f   Thumb Code    44  rt_cmsis.o(i.isrMessagePut)
    isrSignalSet                             0x00001ccb   Thumb Code    36  rt_cmsis.o(i.isrSignalSet)
    isr_evt_set                              0x00001cf1   Thumb Code    34  rt_event.o(i.isr_evt_set)
    isr_mbx_receive                          0x00001d19   Thumb Code    86  rt_mailbox.o(i.isr_mbx_receive)
    isr_mbx_send                             0x00001d6f   Thumb Code    14  rt_mailbox.o(i.isr_mbx_send)
    osDelay                                  0x00001d7d   Thumb Code    18  rt_cmsis.o(i.osDelay)
    osKernelInitialize                       0x00001d95   Thumb Code    30  rt_cmsis.o(i.osKernelInitialize)
    osKernelStart                            0x00001db9   Thumb Code    98  rt_cmsis.o(i.osKernelStart)
    osMessageGet                             0x00001e25   Thumb Code    18  rt_cmsis.o(i.osMessageGet)
    osSignalSet                              0x00001e3d   Thumb Code    18  rt_cmsis.o(i.osSignalSet)
    osSignalWait                             0x00001e55   Thumb Code    18  rt_cmsis.o(i.osSignalWait)
    osThreadCreate                           0x00001e6d   Thumb Code    36  rt_cmsis.o(i.osThreadCreate)
    osThreadExit                             0x00001e99   Thumb Code    14  rt_cmsis.o(i.osThreadExit)
    osTimerCall                              0x00001eb1   Thumb Code     8  rt_cmsis.o(i.osTimerCall)
    osTimerThread                            0x00001ebd   Thumb Code    38  rt_cmsis.o(i.osTimerThread)
    os_tick_init                             0x00001ee9   Thumb Code    32  rt_system.o(i.os_tick_init)
    os_tick_irqack                           0x00001f11   Thumb Code     2  rt_system.o(i.os_tick_irqack)
    rt_alloc_box                             0x00001f13   Thumb Code    26  rt_membox.o(i.rt_alloc_box)
    rt_alloc_mem                             0x00001f2d   Thumb Code    62  rt_memory.o(i.rt_alloc_mem)
    rt_block                                 0x00001f6d   Thumb Code    48  rt_task.o(i.rt_block)
    rt_dec_dly                               0x00001fa5   Thumb Code   102  rt_list.o(i.rt_dec_dly)
    rt_dispatch                              0x00002015   Thumb Code    60  rt_task.o(i.rt_dispatch)
    rt_dly_wait                              0x00002059   Thumb Code     6  rt_time.o(i.rt_dly_wait)
    rt_evt_psh                               0x00002061   Thumb Code    76  rt_event.o(i.rt_evt_psh)
    rt_evt_set                               0x000020b1   Thumb Code    88  rt_event.o(i.rt_evt_set)
    rt_evt_wait                              0x0000210d   Thumb Code    56  rt_event.o(i.rt_evt_wait)
    rt_free_box                              0x00002149   Thumb Code    44  rt_membox.o(i.rt_free_box)
    rt_free_mem                              0x00002175   Thumb Code    40  rt_memory.o(i.rt_free_mem)
    rt_get_first                             0x0000219d   Thumb Code    40  rt_list.o(i.rt_get_first)
    rt_init_mem                              0x00002215   Thumb Code    26  rt_memory.o(i.rt_init_mem)
    rt_init_stack                            0x00002231   Thumb Code   118  hal_cm.o(i.rt_init_stack)
    rt_mbx_check                             0x000022b1   Thumb Code     8  rt_mailbox.o(i.rt_mbx_check)
    rt_mbx_init                              0x000022b9   Thumb Code    26  rt_mailbox.o(i.rt_mbx_init)
    rt_mbx_psh                               0x000022d5   Thumb Code   236  rt_mailbox.o(i.rt_mbx_psh)
    rt_mbx_wait                              0x000023c5   Thumb Code   174  rt_mailbox.o(i.rt_mbx_wait)
    rt_mut_init                              0x000024bd   Thumb Code    16  rt_mutex.o(i.rt_mut_init)
    rt_mut_release                           0x000024cd   Thumb Code   208  rt_mutex.o(i.rt_mut_release)
    rt_mut_wait                              0x000025a5   Thumb Code   114  rt_mutex.o(i.rt_mut_wait)
    rt_pop_req                               0x0000261d   Thumb Code   112  rt_system.o(i.rt_pop_req)
    rt_psh_req                               0x00002699   Thumb Code    22  rt_system.o(i.rt_psh_req)
    rt_psq_enq                               0x000026b9   Thumb Code    88  rt_list.o(i.rt_psq_enq)
    rt_put_dly                               0x00002715   Thumb Code    68  rt_list.o(i.rt_put_dly)
    rt_put_prio                              0x0000275d   Thumb Code    54  rt_list.o(i.rt_put_prio)
    rt_put_rdy_first                         0x00002795   Thumb Code    14  rt_list.o(i.rt_put_rdy_first)
    rt_resort_prio                           0x000027a9   Thumb Code    46  rt_list.o(i.rt_resort_prio)
    rt_ret_val                               0x000027ed   Thumb Code    12  hal_cm.o(i.rt_ret_val)
    rt_ret_val2                              0x000027f9   Thumb Code    16  hal_cm.o(i.rt_ret_val2)
    rt_rmv_dly                               0x00002809   Thumb Code    40  rt_list.o(i.rt_rmv_dly)
    rt_rmv_list                              0x00002831   Thumb Code    44  rt_list.o(i.rt_rmv_list)
    rt_sem_psh                               0x00002861   Thumb Code    48  rt_semaphore.o(i.rt_sem_psh)
    rt_stk_check                             0x00002895   Thumb Code    28  rt_system.o(i.rt_stk_check)
    rt_switch_req                            0x000028b9   Thumb Code    30  rt_task.o(i.rt_switch_req)
    rt_sys_init                              0x000028e1   Thumb Code   138  rt_task.o(i.rt_sys_init)
    rt_sys_start                             0x000029ad   Thumb Code   110  rt_task.o(i.rt_sys_start)
    rt_systick                               0x00002a25   Thumb Code    50  rt_system.o(i.rt_systick)
    rt_tsk_create                            0x00002aad   Thumb Code   118  rt_task.o(i.rt_tsk_create)
    rt_tsk_delete                            0x00002b35   Thumb Code   352  rt_task.o(i.rt_tsk_delete)
    rt_tsk_prio                              0x00002cb1   Thumb Code   108  rt_task.o(i.rt_tsk_prio)
    rt_tsk_self                              0x00002d2d   Thumb Code    12  rt_task.o(i.rt_tsk_self)
    svcDelay                                 0x00002d3d   Thumb Code    18  rt_cmsis.o(i.svcDelay)
    svcKernelInitialize                      0x00002d51   Thumb Code    80  rt_cmsis.o(i.svcKernelInitialize)
    svcKernelStart                           0x00002dc1   Thumb Code    62  rt_cmsis.o(i.svcKernelStart)
    svcMessageCreate                         0x00002e09   Thumb Code    36  rt_cmsis.o(i.svcMessageCreate)
    svcMessageGet                            0x00002e2d   Thumb Code    58  rt_cmsis.o(i.svcMessageGet)
    svcSignalSet                             0x00002e67   Thumb Code    36  rt_cmsis.o(i.svcSignalSet)
    svcSignalWait                            0x00002e8d   Thumb Code    80  rt_cmsis.o(i.svcSignalWait)
    svcThreadCreate                          0x00002ee1   Thumb Code    96  rt_cmsis.o(i.svcThreadCreate)
    svcThreadGetId                           0x00002f4d   Thumb Code    22  rt_cmsis.o(i.svcThreadGetId)
    svcThreadTerminate                       0x00002f69   Thumb Code    50  rt_cmsis.o(i.svcThreadTerminate)
    svcTimerCall                             0x00002fa1   Thumb Code    24  rt_cmsis.o(i.svcTimerCall)
    sysTimerTick                             0x00002fb9   Thumb Code    84  rt_cmsis.o(i.sysTimerTick)
    _fp_init                                 0x00003015   Thumb Code    10  fpinit.o(x$fpl$fpinit)
    __fplib_config_fpu_vfp                   0x0000301d   Thumb Code     0  fpinit.o(x$fpl$fpinit)
    __fplib_config_pureend_doubles           0x0000301d   Thumb Code     0  fpinit.o(x$fpl$fpinit)
    led_mask                                 0x00003020   Data          16  led.o(.constdata)
    os_thread_def_phaseA                     0x00003030   Data          16  blinky.o(.constdata)
    os_thread_def_phaseB                     0x00003040   Data          16  blinky.o(.constdata)
    os_thread_def_phaseC                     0x00003050   Data          16  blinky.o(.constdata)
    os_thread_def_phaseD                     0x00003060   Data          16  blinky.o(.constdata)
    os_thread_def_clock                      0x00003070   Data          16  blinky.o(.constdata)
    blackColor                               0x00003080   Data           2  cfaf128x128x16.o(.constdata)
    whiteColor                               0x00003082   Data           2  cfaf128x128x16.o(.constdata)
    redColor                                 0x00003084   Data           2  cfaf128x128x16.o(.constdata)
    greenColor                               0x00003086   Data           2  cfaf128x128x16.o(.constdata)
    blueColor                                0x00003088   Data           2  cfaf128x128x16.o(.constdata)
    yellowColor                              0x0000308a   Data           2  cfaf128x128x16.o(.constdata)
    cyanColor                                0x0000308c   Data           2  cfaf128x128x16.o(.constdata)
    orangeColor                              0x0000308e   Data           2  cfaf128x128x16.o(.constdata)
    magentaColor                             0x00003090   Data           2  cfaf128x128x16.o(.constdata)
    violetColor                              0x00003092   Data           2  cfaf128x128x16.o(.constdata)
    grayColor                                0x00003094   Data           2  cfaf128x128x16.o(.constdata)
    darkGrayColor                            0x00003096   Data           2  cfaf128x128x16.o(.constdata)
    g_sCfaf128x128x16                        0x00003098   Data          40  cfaf128x128x16.o(.constdata)
    os_maxtaskrun                            0x000030c0   Data           2  rtx_conf_cm.o(.constdata)
    os_stackinfo                             0x000030c4   Data           4  rtx_conf_cm.o(.constdata)
    os_rrobin                                0x000030c8   Data           4  rtx_conf_cm.o(.constdata)
    os_tickfreq                              0x000030cc   Data           4  rtx_conf_cm.o(.constdata)
    os_tickus_i                              0x000030d0   Data           2  rtx_conf_cm.o(.constdata)
    os_tickus_f                              0x000030d2   Data           2  rtx_conf_cm.o(.constdata)
    os_trv                                   0x000030d4   Data           4  rtx_conf_cm.o(.constdata)
    os_flags                                 0x000030d8   Data           1  rtx_conf_cm.o(.constdata)
    CMSIS_RTOS_API_Version                   0x000030dc   Data           4  rtx_conf_cm.o(.constdata)
    CMSIS_RTOS_RTX_Version                   0x000030e0   Data           4  rtx_conf_cm.o(.constdata)
    os_clockrate                             0x000030e4   Data           4  rtx_conf_cm.o(.constdata)
    os_timernum                              0x000030e8   Data           4  rtx_conf_cm.o(.constdata)
    mp_tcb_size                              0x000030ec   Data           2  rtx_conf_cm.o(.constdata)
    mp_stk_size                              0x000030f0   Data           4  rtx_conf_cm.o(.constdata)
    os_stack_sz                              0x000030f4   Data           4  rtx_conf_cm.o(.constdata)
    os_fifo_size                             0x000030f8   Data           1  rtx_conf_cm.o(.constdata)
    os_thread_def_osTimerThread              0x000030fc   Data          16  rtx_conf_cm.o(.constdata)
    os_messageQ_def_osTimerMessageQ          0x0000310c   Data           8  rtx_conf_cm.o(.constdata)
    mp_tmr_size                              0x00003114   Data           2  rtx_conf_cm.o(.constdata)
    os_thread_def_main                       0x00003118   Data          16  rtx_conf_cm.o(.constdata)
    g_psDefaultCodePointMapTable             0x00003128   Data          16  context.o(.constdata)
    g_sFontCm12                              0x00003698   Data         200  fontcm12.o(.constdata)
    Region$$Table$$Base                      0x00003760   Number         0  anon$$obj.o(Region$$Table)
    Region$$Table$$Limit                     0x00003780   Number         0  anon$$obj.o(Region$$Table)
    tid_phaseA                               0x20000000   Data           4  blinky.o(.data)
    tid_phaseB                               0x20000004   Data           4  blinky.o(.data)
    tid_phaseC                               0x20000008   Data           4  blinky.o(.data)
    tid_phaseD                               0x2000000c   Data           4  blinky.o(.data)
    tid_clock                                0x20000010   Data           4  blinky.o(.data)
    _ui32SysClock                            0x20000014   Data           4  cfaf128x128x16.o(.data)
    _orientation                             0x20000018   Data           1  cfaf128x128x16.o(.data)
    osThreadId_osTimerThread                 0x2000001c   Data           4  rtx_conf_cm.o(.data)
    osMessageQId_osTimerMessageQ             0x20000020   Data           4  rtx_conf_cm.o(.data)
    os_tmr                                   0x20000024   Data           4  rtx_conf_cm.o(.data)
    m_tmr                                    0x20000028   Data           4  rtx_conf_cm.o(.data)
    SystemCoreClock                          0x20000030   Data           4  system_tm4c129.o(.data)
    os_initialized                           0x20000038   Data           1  rt_cmsis.o(.data)
    os_running                               0x20000039   Data           1  rt_cmsis.o(.data)
    os_timer_head                            0x2000003c   Data           4  rt_cmsis.o(.data)
    os_tsk                                   0x20000040   Data           8  rt_task.o(.data)
    os_tick_irqn                             0x2000004c   Data           4  rt_system.o(.data)
    os_time                                  0x20000050   Data           4  rt_time.o(.data)
    dbg_msg                                  0x20000054   Data           1  hal_cm.o(.data)
    mp_tcb                                   0x20000058   Data         480  rtx_conf_cm.o(.bss)
    mp_stk                                   0x20000238   Data        6416  rtx_conf_cm.o(.bss)
    os_stack_mem                             0x20001b48   Data        1032  rtx_conf_cm.o(.bss)
    os_fifo                                  0x20001f50   Data         132  rtx_conf_cm.o(.bss)
    os_active_TCB                            0x20001fd4   Data          36  rtx_conf_cm.o(.bss)
    os_messageQ_q_osTimerMessageQ            0x20001ff8   Data          32  rtx_conf_cm.o(.bss)
    os_idle_TCB                              0x200023f8   Data          52  rt_task.o(.bss)
    os_rdy                                   0x2000242c   Data          24  rt_list.o(.bss)
    os_dly                                   0x20002444   Data          24  rt_list.o(.bss)
    __libspace_start                         0x2000245c   Data          96  libspace.o(.bss)
    __temporary_stack_top$libspace           0x200024bc   Data           0  libspace.o(.bss)



==============================================================================

Memory Map of the image

  Image Entry point : 0x00000201

  Load Region LR_IROM1 (Base: 0x00000000, Size: 0x000037d8, Max: 0x00100000, ABSOLUTE)

    Execution Region ER_IROM1 (Exec base: 0x00000000, Load base: 0x00000000, Size: 0x00003780, Max: 0x00100000, ABSOLUTE)

    Exec Addr    Load Addr    Size         Type   Attr      Idx    E Section Name        Object

    0x00000000   0x00000000   0x00000200   Data   RO          217    RESET               startup_tm4c129.o
    0x00000200   0x00000200   0x00000008   Code   RO         1872  * !!!main             c_w.l(__main.o)
    0x00000208   0x00000208   0x00000034   Code   RO         2033    !!!scatter          c_w.l(__scatter.o)
    0x0000023c   0x0000023c   0x0000001a   Code   RO         2035    !!handler_copy      c_w.l(__scatter_copy.o)
    0x00000256   0x00000256   0x00000002   PAD
    0x00000258   0x00000258   0x0000001c   Code   RO         2037    !!handler_zi        c_w.l(__scatter_zi.o)
    0x00000274   0x00000274   0x00000002   Code   RO         1919    .ARM.Collect$$libinit$$00000000  c_w.l(libinit.o)
    0x00000276   0x00000276   0x00000004   Code   RO         1930    .ARM.Collect$$libinit$$00000001  c_w.l(libinit2.o)
    0x0000027a   0x0000027a   0x00000000   Code   RO         1933    .ARM.Collect$$libinit$$00000004  c_w.l(libinit2.o)
    0x0000027a   0x0000027a   0x00000000   Code   RO         1936    .ARM.Collect$$libinit$$0000000A  c_w.l(libinit2.o)
    0x0000027a   0x0000027a   0x00000000   Code   RO         1938    .ARM.Collect$$libinit$$0000000C  c_w.l(libinit2.o)
    0x0000027a   0x0000027a   0x00000000   Code   RO         1940    .ARM.Collect$$libinit$$0000000E  c_w.l(libinit2.o)
    0x0000027a   0x0000027a   0x00000000   Code   RO         1943    .ARM.Collect$$libinit$$00000011  c_w.l(libinit2.o)
    0x0000027a   0x0000027a   0x00000000   Code   RO         1945    .ARM.Collect$$libinit$$00000013  c_w.l(libinit2.o)
    0x0000027a   0x0000027a   0x00000000   Code   RO         1947    .ARM.Collect$$libinit$$00000015  c_w.l(libinit2.o)
    0x0000027a   0x0000027a   0x00000000   Code   RO         1949    .ARM.Collect$$libinit$$00000017  c_w.l(libinit2.o)
    0x0000027a   0x0000027a   0x00000000   Code   RO         1951    .ARM.Collect$$libinit$$00000019  c_w.l(libinit2.o)
    0x0000027a   0x0000027a   0x00000000   Code   RO         1953    .ARM.Collect$$libinit$$0000001B  c_w.l(libinit2.o)
    0x0000027a   0x0000027a   0x00000000   Code   RO         1955    .ARM.Collect$$libinit$$0000001D  c_w.l(libinit2.o)
    0x0000027a   0x0000027a   0x00000000   Code   RO         1957    .ARM.Collect$$libinit$$0000001F  c_w.l(libinit2.o)
    0x0000027a   0x0000027a   0x00000000   Code   RO         1959    .ARM.Collect$$libinit$$00000021  c_w.l(libinit2.o)
    0x0000027a   0x0000027a   0x00000000   Code   RO         1961    .ARM.Collect$$libinit$$00000023  c_w.l(libinit2.o)
    0x0000027a   0x0000027a   0x00000000   Code   RO         1963    .ARM.Collect$$libinit$$00000025  c_w.l(libinit2.o)
    0x0000027a   0x0000027a   0x00000000   Code   RO         1967    .ARM.Collect$$libinit$$0000002C  c_w.l(libinit2.o)
    0x0000027a   0x0000027a   0x00000000   Code   RO         1969    .ARM.Collect$$libinit$$0000002E  c_w.l(libinit2.o)
    0x0000027a   0x0000027a   0x00000000   Code   RO         1971    .ARM.Collect$$libinit$$00000030  c_w.l(libinit2.o)
    0x0000027a   0x0000027a   0x00000000   Code   RO         1973    .ARM.Collect$$libinit$$00000032  c_w.l(libinit2.o)
    0x0000027a   0x0000027a   0x00000002   Code   RO         1974    .ARM.Collect$$libinit$$00000033  c_w.l(libinit2.o)
    0x0000027c   0x0000027c   0x00000002   Code   RO         1920    .ARM.Collect$$libshutdown$$00000000  c_w.l(libshutdown.o)
    0x0000027e   0x0000027e   0x00000000   Code   RO         1976    .ARM.Collect$$libshutdown$$00000002  c_w.l(libshutdown2.o)
    0x0000027e   0x0000027e   0x00000000   Code   RO         1978    .ARM.Collect$$libshutdown$$00000004  c_w.l(libshutdown2.o)
    0x0000027e   0x0000027e   0x00000000   Code   RO         1981    .ARM.Collect$$libshutdown$$00000007  c_w.l(libshutdown2.o)
    0x0000027e   0x0000027e   0x00000000   Code   RO         1984    .ARM.Collect$$libshutdown$$0000000A  c_w.l(libshutdown2.o)
    0x0000027e   0x0000027e   0x00000000   Code   RO         1986    .ARM.Collect$$libshutdown$$0000000C  c_w.l(libshutdown2.o)
    0x0000027e   0x0000027e   0x00000000   Code   RO         1989    .ARM.Collect$$libshutdown$$0000000F  c_w.l(libshutdown2.o)
    0x0000027e   0x0000027e   0x00000002   Code   RO         1990    .ARM.Collect$$libshutdown$$00000010  c_w.l(libshutdown2.o)
    0x00000280   0x00000280   0x00000000   Code   RO         1874    .ARM.Collect$$rtentry$$00000000  c_w.l(__rtentry.o)
    0x00000280   0x00000280   0x00000000   Code   RO         1882    .ARM.Collect$$rtentry$$00000002  c_w.l(__rtentry2.o)
    0x00000280   0x00000280   0x00000006   Code   RO         1894    .ARM.Collect$$rtentry$$00000004  c_w.l(__rtentry4.o)
    0x00000286   0x00000286   0x00000000   Code   RO         1884    .ARM.Collect$$rtentry$$00000009  c_w.l(__rtentry2.o)
    0x00000286   0x00000286   0x00000004   Code   RO         1885    .ARM.Collect$$rtentry$$0000000A  c_w.l(__rtentry2.o)
    0x0000028a   0x0000028a   0x00000008   Code   RO         1886    .ARM.Collect$$rtentry$$0000000B  c_w.l(__rtentry2.o)
    0x00000292   0x00000292   0x00000008   Code   RO         1888    .ARM.Collect$$rtentry$$0000000D  c_w.l(__rtentry2.o)
    0x0000029a   0x0000029a   0x00000002   Code   RO         1875    .ARM.Collect$$rtexit$$00000000  c_w.l(rtexit.o)
    0x0000029c   0x0000029c   0x00000000   Code   RO         1897    .ARM.Collect$$rtexit$$00000002  c_w.l(rtexit2.o)
    0x0000029c   0x0000029c   0x00000004   Code   RO         1898    .ARM.Collect$$rtexit$$00000003  c_w.l(rtexit2.o)
    0x000002a0   0x000002a0   0x00000006   Code   RO         1899    .ARM.Collect$$rtexit$$00000004  c_w.l(rtexit2.o)
    0x000002a6   0x000002a6   0x00000002   PAD
    0x000002a8   0x000002a8   0x0000001c   Code   RO          152    .emb_text           rtx_conf_cm.o
    0x000002c4   0x000002c4   0x00000198   Code   RO         1825    .emb_text           RTX_CM4.lib(hal_cm4.o)
    0x0000045c   0x0000045c   0x00000184   Code   RO            4    .text               led.o
    0x000005e0   0x000005e0   0x000002f0   Code   RO           63    .text               blinky.o
    0x000008d0   0x000008d0   0x00000894   Code   RO          118    .text               cfaf128x128x16.o
    0x00001164   0x00001164   0x000000b0   Code   RO          153    .text               rtx_conf_cm.o
    0x00001214   0x00001214   0x0000012c   Code   RO          218    .text               startup_tm4c129.o
    0x00001340   0x00001340   0x00000028   Code   RO          225    .text               system_tm4c129.o
    0x00001368   0x00001368   0x00000008   Code   RO         1861    .text               c_w.l(libspace.o)
    0x00001370   0x00001370   0x00000012   Code   RO         1866    .text               c_w.l(exit.o)
    0x00001382   0x00001382   0x00000006   Code   RO         1870    .text               c_w.l(heapauxi.o)
    0x00001388   0x00001388   0x0000000c   Code   RO         1905    .text               c_w.l(sys_exit.o)
    0x00001394   0x00001394   0x0000004a   Code   RO         1907    .text               c_w.l(sys_stackheap_outer.o)
    0x000013de   0x000013de   0x00000002   Code   RO         1921    .text               c_w.l(use_no_semi.o)
    0x000013e0   0x000013e0   0x00000000   Code   RO         1923    .text               c_w.l(indicate_semi.o)
    0x000013e0   0x000013e0   0x00000004   Code   RO         1856    SVC_TABLE           RTX_CM4.lib(svc_table.o)
    0x000013e4   0x000013e4   0x00000006   Code   RO          338    i.GrContextFontSet  grlib.lib(string.o)
    0x000013ea   0x000013ea   0x00000002   PAD
    0x000013ec   0x000013ec   0x00000064   Code   RO          253    i.GrContextInit     grlib.lib(context.o)
    0x00001450   0x00001450   0x00000118   Code   RO          339    i.GrDefaultStringRenderer  grlib.lib(string.o)
    0x00001568   0x00001568   0x0000002c   Code   RO          340    i.GrFontBaselineGet  grlib.lib(string.o)
    0x00001594   0x00001594   0x000000a6   Code   RO          343    i.GrFontGlyphDataGet  grlib.lib(string.o)
    0x0000163a   0x0000163a   0x00000288   Code   RO          344    i.GrFontGlyphRender  grlib.lib(string.o)
    0x000018c2   0x000018c2   0x0000004c   Code   RO         1364    i.GrLineDrawH       grlib.lib(line.o)
    0x0000190e   0x0000190e   0x0000004c   Code   RO         1365    i.GrLineDrawV       grlib.lib(line.o)
    0x0000195a   0x0000195a   0x00000008   Code   RO         1211    i.GrMapISO8859_1_Unicode  grlib.lib(charmap.o)
    0x00001962   0x00001962   0x0000006c   Code   RO          307    i.GrRectDraw        grlib.lib(rectangle.o)
    0x000019ce   0x000019ce   0x000000b4   Code   RO          308    i.GrRectFill        grlib.lib(rectangle.o)
    0x00001a82   0x00001a82   0x00000020   Code   RO          350    i.GrStringDraw      grlib.lib(string.o)
    0x00001aa2   0x00001aa2   0x000000c0   Code   RO          355    i.GrStringWidthGet  grlib.lib(string.o)
    0x00001b62   0x00001b62   0x0000006c   Code   RO          356    i.UpdateContextCharMapping  grlib.lib(string.o)
    0x00001bce   0x00001bce   0x00000046   Code   RO         1719    i._init_box         RTX_CM4.lib(rt_membox.o)
    0x00001c14   0x00001c14   0x00000030   Code   RO         1772    i.dbg_init          RTX_CM4.lib(hal_cm.o)
    0x00001c44   0x00001c44   0x00000020   Code   RO         1773    i.dbg_task_notify   RTX_CM4.lib(hal_cm.o)
    0x00001c64   0x00001c64   0x00000010   Code   RO         1774    i.dbg_task_switch   RTX_CM4.lib(hal_cm.o)
    0x00001c74   0x00001c74   0x0000002a   Code   RO          468    i.isrMessageGet     RTX_CM4.lib(rt_cmsis.o)
    0x00001c9e   0x00001c9e   0x0000002c   Code   RO          469    i.isrMessagePut     RTX_CM4.lib(rt_cmsis.o)
    0x00001cca   0x00001cca   0x00000024   Code   RO          471    i.isrSignalSet      RTX_CM4.lib(rt_cmsis.o)
    0x00001cee   0x00001cee   0x00000002   PAD
    0x00001cf0   0x00001cf0   0x00000028   Code   RO         1477    i.isr_evt_set       RTX_CM4.lib(rt_event.o)
    0x00001d18   0x00001d18   0x00000056   Code   RO         1595    i.isr_mbx_receive   RTX_CM4.lib(rt_mailbox.o)
    0x00001d6e   0x00001d6e   0x0000000e   Code   RO         1596    i.isr_mbx_send      RTX_CM4.lib(rt_mailbox.o)
    0x00001d7c   0x00001d7c   0x00000018   Code   RO          472    i.osDelay           RTX_CM4.lib(rt_cmsis.o)
    0x00001d94   0x00001d94   0x00000024   Code   RO          473    i.osKernelInitialize  RTX_CM4.lib(rt_cmsis.o)
    0x00001db8   0x00001db8   0x0000006c   Code   RO          475    i.osKernelStart     RTX_CM4.lib(rt_cmsis.o)
    0x00001e24   0x00001e24   0x00000018   Code   RO          484    i.osMessageGet      RTX_CM4.lib(rt_cmsis.o)
    0x00001e3c   0x00001e3c   0x00000018   Code   RO          499    i.osSignalSet       RTX_CM4.lib(rt_cmsis.o)
    0x00001e54   0x00001e54   0x00000018   Code   RO          500    i.osSignalWait      RTX_CM4.lib(rt_cmsis.o)
    0x00001e6c   0x00001e6c   0x0000002c   Code   RO          501    i.osThreadCreate    RTX_CM4.lib(rt_cmsis.o)
    0x00001e98   0x00001e98   0x00000018   Code   RO          502    i.osThreadExit      RTX_CM4.lib(rt_cmsis.o)
    0x00001eb0   0x00001eb0   0x0000000c   Code   RO          508    i.osTimerCall       RTX_CM4.lib(rt_cmsis.o)
    0x00001ebc   0x00001ebc   0x0000002c   Code   RO          513    i.osTimerThread     RTX_CM4.lib(rt_cmsis.o)
    0x00001ee8   0x00001ee8   0x00000028   Code   RO         1387    i.os_tick_init      RTX_CM4.lib(rt_system.o)
    0x00001f10   0x00001f10   0x00000002   Code   RO         1388    i.os_tick_irqack    RTX_CM4.lib(rt_system.o)
    0x00001f12   0x00001f12   0x0000001a   Code   RO         1720    i.rt_alloc_box      RTX_CM4.lib(rt_membox.o)
    0x00001f2c   0x00001f2c   0x0000003e   Code   RO         1748    i.rt_alloc_mem      RTX_CM4.lib(rt_memory.o)
    0x00001f6a   0x00001f6a   0x00000002   PAD
    0x00001f6c   0x00001f6c   0x00000038   Code   RO         1087    i.rt_block          RTX_CM4.lib(rt_task.o)
    0x00001fa4   0x00001fa4   0x00000070   Code   RO         1519    i.rt_dec_dly        RTX_CM4.lib(rt_list.o)
    0x00002014   0x00002014   0x00000044   Code   RO         1088    i.rt_dispatch       RTX_CM4.lib(rt_task.o)
    0x00002058   0x00002058   0x00000006   Code   RO         1685    i.rt_dly_wait       RTX_CM4.lib(rt_time.o)
    0x0000205e   0x0000205e   0x00000002   PAD
    0x00002060   0x00002060   0x00000050   Code   RO         1480    i.rt_evt_psh        RTX_CM4.lib(rt_event.o)
    0x000020b0   0x000020b0   0x0000005c   Code   RO         1481    i.rt_evt_set        RTX_CM4.lib(rt_event.o)
    0x0000210c   0x0000210c   0x0000003c   Code   RO         1482    i.rt_evt_wait       RTX_CM4.lib(rt_event.o)
    0x00002148   0x00002148   0x0000002c   Code   RO         1721    i.rt_free_box       RTX_CM4.lib(rt_membox.o)
    0x00002174   0x00002174   0x00000028   Code   RO         1749    i.rt_free_mem       RTX_CM4.lib(rt_memory.o)
    0x0000219c   0x0000219c   0x00000028   Code   RO         1520    i.rt_get_first      RTX_CM4.lib(rt_list.o)
    0x000021c4   0x000021c4   0x00000008   Code   RO          518    i.rt_id2obj         RTX_CM4.lib(rt_cmsis.o)
    0x000021cc   0x000021cc   0x00000048   Code   RO         1089    i.rt_init_context   RTX_CM4.lib(rt_task.o)
    0x00002214   0x00002214   0x0000001a   Code   RO         1750    i.rt_init_mem       RTX_CM4.lib(rt_memory.o)
    0x0000222e   0x0000222e   0x00000002   PAD
    0x00002230   0x00002230   0x00000080   Code   RO         1775    i.rt_init_stack     RTX_CM4.lib(hal_cm.o)
    0x000022b0   0x000022b0   0x00000008   Code   RO         1597    i.rt_mbx_check      RTX_CM4.lib(rt_mailbox.o)
    0x000022b8   0x000022b8   0x0000001a   Code   RO         1598    i.rt_mbx_init       RTX_CM4.lib(rt_mailbox.o)
    0x000022d2   0x000022d2   0x00000002   PAD
    0x000022d4   0x000022d4   0x000000f0   Code   RO         1599    i.rt_mbx_psh        RTX_CM4.lib(rt_mailbox.o)
    0x000023c4   0x000023c4   0x000000b4   Code   RO         1601    i.rt_mbx_wait       RTX_CM4.lib(rt_mailbox.o)
    0x00002478   0x00002478   0x00000044   Code   RO          519    i.rt_ms2tick        RTX_CM4.lib(rt_cmsis.o)
    0x000024bc   0x000024bc   0x00000010   Code   RO         1172    i.rt_mut_init       RTX_CM4.lib(rt_mutex.o)
    0x000024cc   0x000024cc   0x000000d8   Code   RO         1173    i.rt_mut_release    RTX_CM4.lib(rt_mutex.o)
    0x000025a4   0x000025a4   0x00000078   Code   RO         1174    i.rt_mut_wait       RTX_CM4.lib(rt_mutex.o)
    0x0000261c   0x0000261c   0x0000007c   Code   RO         1391    i.rt_pop_req        RTX_CM4.lib(rt_system.o)
    0x00002698   0x00002698   0x00000020   Code   RO         1392    i.rt_psh_req        RTX_CM4.lib(rt_system.o)
    0x000026b8   0x000026b8   0x0000005c   Code   RO         1522    i.rt_psq_enq        RTX_CM4.lib(rt_list.o)
    0x00002714   0x00002714   0x00000048   Code   RO         1523    i.rt_put_dly        RTX_CM4.lib(rt_list.o)
    0x0000275c   0x0000275c   0x00000036   Code   RO         1524    i.rt_put_prio       RTX_CM4.lib(rt_list.o)
    0x00002792   0x00002792   0x00000002   PAD
    0x00002794   0x00002794   0x00000014   Code   RO         1525    i.rt_put_rdy_first  RTX_CM4.lib(rt_list.o)
    0x000027a8   0x000027a8   0x00000034   Code   RO         1526    i.rt_resort_prio    RTX_CM4.lib(rt_list.o)
    0x000027dc   0x000027dc   0x00000010   Code   RO         1776    i.rt_ret_regs       RTX_CM4.lib(hal_cm.o)
    0x000027ec   0x000027ec   0x0000000c   Code   RO         1777    i.rt_ret_val        RTX_CM4.lib(hal_cm.o)
    0x000027f8   0x000027f8   0x00000010   Code   RO         1778    i.rt_ret_val2       RTX_CM4.lib(hal_cm.o)
    0x00002808   0x00002808   0x00000028   Code   RO         1527    i.rt_rmv_dly        RTX_CM4.lib(rt_list.o)
    0x00002830   0x00002830   0x00000030   Code   RO         1528    i.rt_rmv_list       RTX_CM4.lib(rt_list.o)
    0x00002860   0x00002860   0x00000034   Code   RO         1646    i.rt_sem_psh        RTX_CM4.lib(rt_semaphore.o)
    0x00002894   0x00002894   0x00000024   Code   RO         1394    i.rt_stk_check      RTX_CM4.lib(rt_system.o)
    0x000028b8   0x000028b8   0x00000028   Code   RO         1090    i.rt_switch_req     RTX_CM4.lib(rt_task.o)
    0x000028e0   0x000028e0   0x000000cc   Code   RO         1091    i.rt_sys_init       RTX_CM4.lib(rt_task.o)
    0x000029ac   0x000029ac   0x00000078   Code   RO         1092    i.rt_sys_start      RTX_CM4.lib(rt_task.o)
    0x00002a24   0x00002a24   0x00000040   Code   RO         1396    i.rt_systick        RTX_CM4.lib(rt_system.o)
    0x00002a64   0x00002a64   0x00000012   Code   RO          520    i.rt_tid2ptcb       RTX_CM4.lib(rt_cmsis.o)
    0x00002a76   0x00002a76   0x00000002   PAD
    0x00002a78   0x00002a78   0x00000034   Code   RO          521    i.rt_timer_insert   RTX_CM4.lib(rt_cmsis.o)
    0x00002aac   0x00002aac   0x00000088   Code   RO         1093    i.rt_tsk_create     RTX_CM4.lib(rt_task.o)
    0x00002b34   0x00002b34   0x0000017c   Code   RO         1094    i.rt_tsk_delete     RTX_CM4.lib(rt_task.o)
    0x00002cb0   0x00002cb0   0x0000007c   Code   RO         1096    i.rt_tsk_prio       RTX_CM4.lib(rt_task.o)
    0x00002d2c   0x00002d2c   0x00000010   Code   RO         1097    i.rt_tsk_self       RTX_CM4.lib(rt_task.o)
    0x00002d3c   0x00002d3c   0x00000012   Code   RO          523    i.svcDelay          RTX_CM4.lib(rt_cmsis.o)
    0x00002d4e   0x00002d4e   0x00000002   PAD
    0x00002d50   0x00002d50   0x00000070   Code   RO          524    i.svcKernelInitialize  RTX_CM4.lib(rt_cmsis.o)
    0x00002dc0   0x00002dc0   0x00000048   Code   RO          526    i.svcKernelStart    RTX_CM4.lib(rt_cmsis.o)
    0x00002e08   0x00002e08   0x00000024   Code   RO          529    i.svcMessageCreate  RTX_CM4.lib(rt_cmsis.o)
    0x00002e2c   0x00002e2c   0x0000003a   Code   RO          530    i.svcMessageGet     RTX_CM4.lib(rt_cmsis.o)
    0x00002e66   0x00002e66   0x00000024   Code   RO          542    i.svcSignalSet      RTX_CM4.lib(rt_cmsis.o)
    0x00002e8a   0x00002e8a   0x00000002   PAD
    0x00002e8c   0x00002e8c   0x00000054   Code   RO          543    i.svcSignalWait     RTX_CM4.lib(rt_cmsis.o)
    0x00002ee0   0x00002ee0   0x0000006c   Code   RO          544    i.svcThreadCreate   RTX_CM4.lib(rt_cmsis.o)
    0x00002f4c   0x00002f4c   0x0000001c   Code   RO          545    i.svcThreadGetId    RTX_CM4.lib(rt_cmsis.o)
    0x00002f68   0x00002f68   0x00000038   Code   RO          548    i.svcThreadTerminate  RTX_CM4.lib(rt_cmsis.o)
    0x00002fa0   0x00002fa0   0x00000018   Code   RO          550    i.svcTimerCall      RTX_CM4.lib(rt_cmsis.o)
    0x00002fb8   0x00002fb8   0x0000005c   Code   RO          559    i.sysTimerTick      RTX_CM4.lib(rt_cmsis.o)
    0x00003014   0x00003014   0x0000000a   Code   RO         1997    x$fpl$fpinit        fz_wm.l(fpinit.o)
    0x0000301e   0x0000301e   0x00000002   PAD
    0x00003020   0x00003020   0x00000010   Data   RO            5    .constdata          led.o
    0x00003030   0x00003030   0x00000050   Data   RO           64    .constdata          blinky.o
    0x00003080   0x00003080   0x00000040   Data   RO          119    .constdata          cfaf128x128x16.o
    0x000030c0   0x000030c0   0x00000068   Data   RO          155    .constdata          rtx_conf_cm.o
    0x00003128   0x00003128   0x00000010   Data   RO          255    .constdata          grlib.lib(context.o)
    0x00003138   0x00003138   0x0000055f   Data   RO          293    .constdata          grlib.lib(fontcm12.o)
    0x00003697   0x00003697   0x00000001   PAD
    0x00003698   0x00003698   0x000000c8   Data   RO          294    .constdata          grlib.lib(fontcm12.o)
    0x00003760   0x00003760   0x00000020   Data   RO         2031    Region$$Table       anon$$obj.o


    Execution Region RW_IRAM1 (Exec base: 0x20000000, Load base: 0x00003780, Size: 0x000026c0, Max: 0x00040000, ABSOLUTE)

    Exec Addr    Load Addr    Size         Type   Attr      Idx    E Section Name        Object

    0x20000000   0x00003780   0x00000014   Data   RW           65    .data               blinky.o
    0x20000014   0x00003794   0x00000005   Data   RW          120    .data               cfaf128x128x16.o
    0x20000019   0x00003799   0x00000003   PAD
    0x2000001c   0x0000379c   0x00000014   Data   RW          156    .data               rtx_conf_cm.o
    0x20000030   0x000037b0   0x00000004   Data   RW          226    .data               system_tm4c129.o
    0x20000034   0x000037b4   0x00000004   Data   RW          256    .data               grlib.lib(context.o)
    0x20000038   0x000037b8   0x00000008   Data   RW          562    .data               RTX_CM4.lib(rt_cmsis.o)
    0x20000040   0x000037c0   0x00000008   Data   RW         1099    .data               RTX_CM4.lib(rt_task.o)
    0x20000048   0x000037c8   0x00000008   Data   RW         1399    .data               RTX_CM4.lib(rt_system.o)
    0x20000050   0x000037d0   0x00000004   Data   RW         1689    .data               RTX_CM4.lib(rt_time.o)
    0x20000054   0x000037d4   0x00000001   Data   RW         1779    .data               RTX_CM4.lib(hal_cm.o)
    0x20000055   0x000037d5   0x00000003   PAD
    0x20000058        -       0x000023a0   Zero   RW          154    .bss                rtx_conf_cm.o
    0x200023f8        -       0x00000034   Zero   RW         1098    .bss                RTX_CM4.lib(rt_task.o)
    0x2000242c        -       0x00000030   Zero   RW         1529    .bss                RTX_CM4.lib(rt_list.o)
    0x2000245c        -       0x00000060   Zero   RW         1862    .bss                c_w.l(libspace.o)
    0x200024bc   0x000037d5   0x00000004   PAD
    0x200024c0        -       0x00000000   Zero   RW          216    HEAP                startup_tm4c129.o
    0x200024c0        -       0x00000200   Zero   RW          215    STACK               startup_tm4c129.o


==============================================================================

Image component sizes


      Code (inc. data)   RO Data    RW Data    ZI Data      Debug   Object Name

       752         74         80         20          0      32840   blinky.o
      2196         86         64          5          0      10890   cfaf128x128x16.o
       388         32         16          0          0       6323   led.o
       204         36        104         20       9120       9328   rtx_conf_cm.o
       300         22        512          0        512       6052   startup_tm4c129.o
        40         12          0          4          0        925   system_tm4c129.o

    ----------------------------------------------------------------------
      3880        262        808         52       9632      66358   Object Totals
         0          0         32          0          0          0   (incl. Generated)
         0          0          0          3          0          0   (incl. Padding)

    ----------------------------------------------------------------------

      Code (inc. data)   RO Data    RW Data    ZI Data      Debug   Library Member Name

       268         24          0          1          0       4524   hal_cm.o
       408         34          0          0          0        824   hal_cm4.o
      1356        160          0          8          0      39206   rt_cmsis.o
       272         18          0          0          0       2842   rt_event.o
       530         34          0          0         48       8685   rt_list.o
       554         10          0          0          0       4237   rt_mailbox.o
       140          0          0          0          0       2069   rt_membox.o
       128          0          0          0          0       2451   rt_memory.o
       352         14          0          0          0       2249   rt_mutex.o
        52          4          0          0          0        621   rt_semaphore.o
       298         52          0          8          0       6511   rt_system.o
      1216        174          0          8         52      10129   rt_task.o
         6          0          0          4          0        700   rt_time.o
         4          4          0          0          0        208   svc_table.o
         8          0          0          0          0         68   __main.o
         0          0          0          0          0          0   __rtentry.o
        20          0          0          0          0          0   __rtentry2.o
         6          0          0          0          0          0   __rtentry4.o
        52          8          0          0          0          0   __scatter.o
        26          0          0          0          0          0   __scatter_copy.o
        28          0          0          0          0          0   __scatter_zi.o
        18          0          0          0          0         80   exit.o
         6          0          0          0          0        152   heapauxi.o
         0          0          0          0          0          0   indicate_semi.o
         2          0          0          0          0          0   libinit.o
         6          0          0          0          0          0   libinit2.o
         2          0          0          0          0          0   libshutdown.o
         2          0          0          0          0          0   libshutdown2.o
         8          4          0          0         96         68   libspace.o
         2          0          0          0          0          0   rtexit.o
        10          0          0          0          0          0   rtexit2.o
        12          4          0          0          0         68   sys_exit.o
        74          0          0          0          0         80   sys_stackheap_outer.o
         2          0          0          0          0         68   use_no_semi.o
        10          0          0          0          0        116   fpinit.o
         8          0          0          0          0       1494   charmap.o
       100         12         16          4          0      29507   context.o
         0          0       1575          0          0      25642   fontcm12.o
       152          0          0          0          0       2178   line.o
       288          0          0          0          0       2163   rectangle.o
      1476          0          0          0          0      11238   string.o

    ----------------------------------------------------------------------
      7928        556       1592         36        200     158178   Library Totals
        26          0          1          3          4          0   (incl. Padding)

    ----------------------------------------------------------------------

      Code (inc. data)   RO Data    RW Data    ZI Data      Debug   Library Name

      5584        528          0         29        100      85256   RTX_CM4.lib
       284         16          0          0         96        584   c_w.l
        10          0          0          0          0        116   fz_wm.l
      2024         12       1591          4          0      72222   grlib.lib

    ----------------------------------------------------------------------
      7928        556       1592         36        200     158178   Library Totals

    ----------------------------------------------------------------------

==============================================================================


      Code (inc. data)   RO Data    RW Data    ZI Data      Debug   

     11808        818       2400         88       9832     214680   Grand Totals
     11808        818       2400         88       9832     214680   ELF Image Totals
     11808        818       2400         88          0          0   ROM Totals

==============================================================================

    Total RO  Size (Code + RO Data)                14208 (  13.88kB)
    Total RW  Size (RW Data + ZI Data)              9920 (   9.69kB)
    Total ROM Size (Code + RO Data + RW Data)      14296 (  13.96kB)

==============================================================================

