Component: ARM Compiler 5.06 update 5 (build 528) Tool: armlink [4d35e2]

==============================================================================

Section Cross References

    led.o(.text) refers to led.o(.constdata) for led_mask
    blinky.o(.text) refers to llsdiv.o(.text) for __aeabi_ldivmod
    blinky.o(.text) refers to cfaf128x128x16.o(.text) for cfaf128x128x16Init
    blinky.o(.text) refers to joy.o(.text) for joy_init
    blinky.o(.text) refers to accel.o(.text) for accel_init
    blinky.o(.text) refers to buzzer.o(.text) for buzzer_init
    blinky.o(.text) refers to buttons.o(.text) for button_init
    blinky.o(.text) refers to mic.o(.text) for mic_init
    blinky.o(.text) refers to rgb.o(.text) for rgb_init
    blinky.o(.text) refers to servo.o(.text) for servo_init
    blinky.o(.text) refers to temp.o(.text) for temp_init
    blinky.o(.text) refers to opt.o(.text) for opt_init
    blinky.o(.text) refers to led.o(.text) for LED_Initialize
    blinky.o(.text) refers to context.o(i.GrContextInit) for GrContextInit
    blinky.o(.text) refers to string.o(i.GrContextFontSet) for GrContextFontSet
    blinky.o(.text) refers to string.o(i.GrFontBaselineGet) for GrFontBaselineGet
    blinky.o(.text) refers to string.o(i.GrStringWidthGet) for GrStringWidthGet
    blinky.o(.text) refers to string.o(i.GrStringDraw) for GrStringDraw
    blinky.o(.text) refers to rt_cmsis.o(i.osSignalSet) for osSignalSet
    blinky.o(.text) refers to rt_cmsis.o(i.osSignalWait) for osSignalWait
    blinky.o(.text) refers to blinky.o(.data) for pAscii
    blinky.o(.text) refers to cfaf128x128x16.o(.constdata) for g_sCfaf128x128x16
    blinky.o(.text) refers to blinky.o(.bss) for sContext
    blinky.o(.text) refers to fontfixed6x8.o(.constdata) for g_sFontFixed6x8
    blinky.o(.text) refers to rectangle.o(i.GrRectFill) for GrRectFill
    blinky.o(.text) refers to rt_cmsis.o(i.osDelay) for osDelay
    blinky.o(.text) refers to rt_cmsis.o(i.osKernelInitialize) for osKernelInitialize
    blinky.o(.text) refers to rt_cmsis.o(i.osThreadCreate) for osThreadCreate
    blinky.o(.text) refers to rt_cmsis.o(i.osKernelStart) for osKernelStart
    blinky.o(.text) refers to blinky.o(.constdata) for os_thread_def_t_buzzer
    blinky.o(.constdata) refers to blinky.o(.text) for t_buzzer
    blinky.o(.data) refers to blinky.o(.conststring) for .conststring
    buzzer.o(.text) refers to pwm.o(i.PWMClockSet) for PWMClockSet
    buzzer.o(.text) refers to sysctl.o(i.SysCtlPeripheralEnable) for SysCtlPeripheralEnable
    buzzer.o(.text) refers to sysctl.o(i.SysCtlPeripheralReady) for SysCtlPeripheralReady
    buzzer.o(.text) refers to gpio.o(i.GPIOPinTypePWM) for GPIOPinTypePWM
    buzzer.o(.text) refers to gpio.o(i.GPIOPinConfigure) for GPIOPinConfigure
    buzzer.o(.text) refers to pwm.o(i.PWMGenConfigure) for PWMGenConfigure
    buzzer.o(.text) refers to pwm.o(i.PWMGenPeriodSet) for PWMGenPeriodSet
    buzzer.o(.text) refers to pwm.o(i.PWMOutputState) for PWMOutputState
    buzzer.o(.text) refers to pwm.o(i.PWMPulseWidthSet) for PWMPulseWidthSet
    buzzer.o(.text) refers to buzzer.o(.data) for current_freq
    accel.o(.text) refers to sysctl.o(i.SysCtlPeripheralEnable) for SysCtlPeripheralEnable
    accel.o(.text) refers to adc.o(i.ADCSequenceStepConfigure) for ADCSequenceStepConfigure
    accel.o(.text) refers to gpio.o(i.GPIOPinTypeADC) for GPIOPinTypeADC
    accel.o(.text) refers to adc.o(i.ADCSequenceConfigure) for ADCSequenceConfigure
    accel.o(.text) refers to adc.o(i.ADCSequenceEnable) for ADCSequenceEnable
    accel.o(.text) refers to adc.o(i.ADCIntClear) for ADCIntClear
    accel.o(.text) refers to adc.o(i.ADCProcessorTrigger) for ADCProcessorTrigger
    accel.o(.text) refers to adc.o(i.ADCIntStatus) for ADCIntStatus
    accel.o(.text) refers to adc.o(i.ADCSequenceDataGet) for ADCSequenceDataGet
    buttons.o(.text) refers to sysctl.o(i.SysCtlPeripheralEnable) for SysCtlPeripheralEnable
    buttons.o(.text) refers to sysctl.o(i.SysCtlPeripheralReady) for SysCtlPeripheralReady
    buttons.o(.text) refers to gpio.o(i.GPIOPinTypeGPIOInput) for GPIOPinTypeGPIOInput
    buttons.o(.text) refers to gpio.o(i.GPIOPinRead) for GPIOPinRead
    cfaf128x128x16.o(.text) refers to cfaf128x128x16.o(.data) for _orientation
    cfaf128x128x16.o(.text) refers to sysctl.o(i.SysCtlClockFreqSet) for SysCtlClockFreqSet
    cfaf128x128x16.o(.constdata) refers to cfaf128x128x16.o(.text) for cfaf128x128x16PixelDraw
    joy.o(.text) refers to sysctl.o(i.SysCtlPeripheralEnable) for SysCtlPeripheralEnable
    joy.o(.text) refers to sysctl.o(i.SysCtlPeripheralReady) for SysCtlPeripheralReady
    joy.o(.text) refers to gpio.o(i.GPIOPinTypeGPIOInput) for GPIOPinTypeGPIOInput
    joy.o(.text) refers to adc.o(i.ADCSequenceStepConfigure) for ADCSequenceStepConfigure
    joy.o(.text) refers to gpio.o(i.GPIOPinTypeADC) for GPIOPinTypeADC
    joy.o(.text) refers to adc.o(i.ADCSequenceConfigure) for ADCSequenceConfigure
[...]
    g_mid                                    0x20000070   Data           2  temp.o(.data)
    g_did                                    0x20000072   Data           2  temp.o(.data)
    g_timeout_count                          0x20000074   Data           2  temp.o(.data)
    g_sentFlag                               0x20000076   Data           1  temp.o(.data)
    .data                                    0x20000078   Section       20  rtx_conf_cm.o(.data)
    nr_mutex                                 0x20000088   Data           4  rtx_conf_cm.o(.data)
    .data                                    0x2000008c   Section        4  system_tm4c129.o(.data)
    .data                                    0x20000090   Section        4  context.o(.data)
    g_psGrLibDefaults                        0x20000090   Data           4  context.o(.data)
    .data                                    0x20000094   Section        8  rt_cmsis.o(.data)
    .data                                    0x2000009c   Section        8  rt_task.o(.data)
    .data                                    0x200000a4   Section        8  rt_system.o(.data)
    os_lock                                  0x200000a4   Data           1  rt_system.o(.data)
    os_psh_flag                              0x200000a5   Data           1  rt_system.o(.data)
    pend_flags                               0x200000a6   Data           1  rt_system.o(.data)
    .data                                    0x200000ac   Section        4  rt_time.o(.data)
    .data                                    0x200000b0   Section        1  hal_cm.o(.data)
    vtable                                   0x20000400   Section      620  interrupt.o(vtable)
    g_pfnRAMVectors                          0x20000400   Data         620  interrupt.o(vtable)
    .bss                                     0x2000066c   Section       54  blinky.o(.bss)
    .bss                                     0x200006a8   Section     9120  rtx_conf_cm.o(.bss)
    std_libspace                             0x20002668   Data         864  rtx_conf_cm.o(.bss)
    std_libmutex                             0x200029c8   Data         128  rtx_conf_cm.o(.bss)
    .bss                                     0x20002a48   Section       52  rt_task.o(.bss)
    .bss                                     0x20002a7c   Section       48  rt_list.o(.bss)
    .bss                                     0x20002aac   Section       96  libspace.o(.bss)
    HEAP                                     0x20002b10   Section        0  startup_tm4c129.o(HEAP)
    STACK                                    0x20002b10   Section      512  startup_tm4c129.o(STACK)
    Heap_Mem                                 0x20002b10   Data           0  startup_tm4c129.o(HEAP)
    Stack_Mem                                0x20002b10   Data         512  startup_tm4c129.o(STACK)
    __initial_sp                             0x20002d10   Data           0  startup_tm4c129.o(STACK)

    Global Symbols

    Symbol Name                              Value     Ov Type        Size  Object(Section)

    BuildAttributes$$THM_ISAv4$E$P$D$K$B$S$7EM$VFPi3$EXTD16$VFPS$VFMA$PE$A:L22UL41UL21$X:L11$S22US41US21$IEEE1$IW$USESV6$~STKCKD$USESV7$~SHL$OTIME$ROPI$EBA8$UX$STANDARDLIB$REQ8$PRES8$EABIv2 0x00000000   Number         0  anon$$obj.o ABSOLUTE
    __ARM_use_no_argv                        0x00000000   Number         0  blinky.o ABSOLUTE
    __Vectors                                0x00000000   Data           4  startup_tm4c129.o(RESET)
    __ARM_exceptions_init                     - Undefined Weak Reference
    __alloca_initialize                       - Undefined Weak Reference
    __arm_preinit_                            - Undefined Weak Reference
    __cpp_initialize__aeabi_                  - Undefined Weak Reference
    __cxa_finalize                            - Undefined Weak Reference
    __rt_locale                               - Undefined Weak Reference
    __sigvec_lookup                           - Undefined Weak Reference
    _atexit_init                              - Undefined Weak Reference
    _call_atexit_fns                          - Undefined Weak Reference
    _clock_init                               - Undefined Weak Reference
    _fp_trap_init                             - Undefined Weak Reference
    _fp_trap_shutdown                         - Undefined Weak Reference
    _get_lc_collate                           - Undefined Weak Reference
    _get_lc_ctype                             - Undefined Weak Reference
    _get_lc_monetary                          - Undefined Weak Reference
    _get_lc_numeric                           - Undefined Weak Reference
    _get_lc_time                              - Undefined Weak Reference
    _getenv_init                              - Undefined Weak Reference
    _handle_redirection                       - Undefined Weak Reference
    _init_alloc                               - Undefined Weak Reference
    _init_user_alloc                          - Undefined Weak Reference
    _initio                                   - Undefined Weak Reference
    _rand_init                                - Undefined Weak Reference
    _signal_finish                            - Undefined Weak Reference
    _signal_init                              - Undefined Weak Reference
    _terminate_alloc                          - Undefined Weak Reference
    _terminate_user_alloc                     - Undefined Weak Reference
    _terminateio                              - Undefined Weak Reference
    __Vectors_End                            0x00000200   Data           0  startup_tm4c129.o(RESET)
    __Vectors_Size                           0x00000200   Number         0  startup_tm4c129.o ABSOLUTE
    __main                                   0x00000201   Thumb Code     8  __main.o(!!!main)
    __scatterload                            0x00000209   Thumb Code     0  __scatter.o(!!!scatter)
    __scatterload_rt2                        0x00000209   Thumb Code    44  __scatter.o(!!!scatter)
    __scatterload_rt2_thumb_only             0x00000209   Thumb Code     0  __scatter.o(!!!scatter)
    __scatterload_null                       0x00000217   Thumb Code     0  __scatter.o(!!!scatter)
    __decompress                             0x0000023d   Thumb Code    58  __dczerorl.o(!!dczerorl)
    __decompress0                            0x0000023d   Thumb Code     0  __dczerorl.o(!!dczerorl)
    __scatterload_zeroinit                   0x00000279   Thumb Code    28  __scatter_zi.o(!!handler_zi)
    __rt_lib_init                            0x00000295   Thumb Code     0  libinit.o(.ARM.Collect$$libinit$$00000000)
    __rt_lib_init_fp_1                       0x00000297   Thumb Code     0  libinit2.o(.ARM.Collect$$libinit$$00000001)
    __rt_lib_init_alloca_1                   0x0000029b   Thumb Code     0  libinit2.o(.ARM.Collect$$libinit$$0000002E)
    __rt_lib_init_argv_1                     0x0000029b   Thumb Code     0  libinit2.o(.ARM.Collect$$libinit$$0000002C)
    __rt_lib_init_atexit_1                   0x0000029b   Thumb Code     0  libinit2.o(.ARM.Collect$$libinit$$0000001B)
    __rt_lib_init_clock_1                    0x0000029b   Thumb Code     0  libinit2.o(.ARM.Collect$$libinit$$00000021)
    __rt_lib_init_cpp_1                      0x0000029b   Thumb Code     0  libinit2.o(.ARM.Collect$$libinit$$00000032)
    __rt_lib_init_exceptions_1               0x0000029b   Thumb Code     0  libinit2.o(.ARM.Collect$$libinit$$00000030)
    __rt_lib_init_fp_trap_1                  0x0000029b   Thumb Code     0  libinit2.o(.ARM.Collect$$libinit$$0000001F)
    __rt_lib_init_getenv_1                   0x0000029b   Thumb Code     0  libinit2.o(.ARM.Collect$$libinit$$00000023)
    __rt_lib_init_heap_1                     0x0000029b   Thumb Code     0  libinit2.o(.ARM.Collect$$libinit$$0000000A)
    __rt_lib_init_lc_collate_1               0x0000029b   Thumb Code     0  libinit2.o(.ARM.Collect$$libinit$$00000011)
    __rt_lib_init_lc_ctype_1                 0x0000029b   Thumb Code     0  libinit2.o(.ARM.Collect$$libinit$$00000013)
    __rt_lib_init_lc_monetary_1              0x0000029b   Thumb Code     0  libinit2.o(.ARM.Collect$$libinit$$00000015)
    __rt_lib_init_lc_numeric_1               0x0000029b   Thumb Code     0  libinit2.o(.ARM.Collect$$libinit$$00000017)
    __rt_lib_init_lc_time_1                  0x0000029b   Thumb Code     0  libinit2.o(.ARM.Collect$$libinit$$00000019)
    __rt_lib_init_preinit_1                  0x0000029b   Thumb Code     0  libinit2.o(.ARM.Collect$$libinit$$00000004)
    __rt_lib_init_rand_1                     0x0000029b   Thumb Code     0  libinit2.o(.ARM.Collect$$libinit$$0000000E)
    __rt_lib_init_return                     0x0000029b   Thumb Code     0  libinit2.o(.ARM.Collect$$libinit$$00000033)
    __rt_lib_init_signal_1                   0x0000029b   Thumb Code     0  libinit2.o(.ARM.Collect$$libinit$$0000001D)
    __rt_lib_init_stdio_1                    0x0000029b   Thumb Code     0  libinit2.o(.ARM.Collect$$libinit$$00000025)
    __rt_lib_init_user_alloc_1               0x0000029b   Thumb Code     0  libinit2.o(.ARM.Collect$$libinit$$0000000C)
    __rt_lib_shutdown                        0x0000029d   Thumb Code     0  libshutdown.o(.ARM.Collect$$libshutdown$$00000000)
    __rt_lib_shutdown_cpp_1                  0x0000029f   Thumb Code     0  libshutdown2.o(.ARM.Collect$$libshutdown$$00000002)
    __rt_lib_shutdown_fp_trap_1              0x0000029f   Thumb Code     0  libshutdown2.o(.ARM.Collect$$libshutdown$$00000007)
    __rt_lib_shutdown_heap_1                 0x0000029f   Thumb Code     0  libshutdown2.o(.ARM.Collect$$libshutdown$$0000000F)
    __rt_lib_shutdown_return                 0x0000029f   Thumb Code     0  libshutdown2.o(.ARM.Collect$$libshutdown$$00000010)
    __rt_lib_shutdown_signal_1               0x0000029f   Thumb Code     0  libshutdown2.o(.ARM.Collect$$libshutdown$$0000000A)
    __rt_lib_shutdown_stdio_1                0x0000029f   Thumb Code     0  libshutdown2.o(.ARM.Collect$$libshutdown$$00000004)
    __rt_lib_shutdown_user_alloc_1           0x0000029f   Thumb Code     0  libshutdown2.o(.ARM.Collect$$libshutdown$$0000000C)
    __rt_entry                               0x000002a1   Thumb Code     0  __rtentry.o(.ARM.Collect$$rtentry$$00000000)
    __rt_entry_presh_1                       0x000002a1   Thumb Code     0  __rtentry2.o(.ARM.Collect$$rtentry$$00000002)
    __rt_entry_sh                            0x000002a1   Thumb Code     0  __rtentry4.o(.ARM.Collect$$rtentry$$00000004)
    __rt_entry_li                            0x000002a7   Thumb Code     0  __rtentry2.o(.ARM.Collect$$rtentry$$0000000A)
    __rt_entry_postsh_1                      0x000002a7   Thumb Code     0  __rtentry2.o(.ARM.Collect$$rtentry$$00000009)
    __rt_entry_postli_1                      0x000002ab   Thumb Code     0  __rtentry2.o(.ARM.Collect$$rtentry$$0000000B)
    __rt_entry_main                          0x000002b3   Thumb Code     0  __rtentry2.o(.ARM.Collect$$rtentry$$0000000D)
    __rt_exit                                0x000002bb   Thumb Code     0  rtexit.o(.ARM.Collect$$rtexit$$00000000)
    __rt_exit_ls                             0x000002bd   Thumb Code     0  rtexit2.o(.ARM.Collect$$rtexit$$00000003)
    __rt_exit_prels_1                        0x000002bd   Thumb Code     0  rtexit2.o(.ARM.Collect$$rtexit$$00000002)
    __rt_exit_exit                           0x000002c1   Thumb Code     0  rtexit2.o(.ARM.Collect$$rtexit$$00000004)
    _platform_post_lib_init                  0x000002c9   Thumb Code    24  rtx_conf_cm.o(.emb_text)
    SysCtlDelay                              0x000002e5   Thumb Code     6  sysctl.o(.emb_text)
    rt_set_PSP                               0x000002ed   Thumb Code     6  hal_cm4.o(.emb_text)
    rt_get_PSP                               0x000002f3   Thumb Code     6  hal_cm4.o(.emb_text)
    os_set_env                               0x000002f9   Thumb Code    24  hal_cm4.o(.emb_text)
    _alloc_box                               0x00000315   Thumb Code    28  hal_cm4.o(.emb_text)
    _free_box                                0x00000335   Thumb Code    28  hal_cm4.o(.emb_text)
    SVC_Handler                              0x00000355   Thumb Code   168  hal_cm4.o(.emb_text)
    PendSV_Handler                           0x0000040d   Thumb Code    96  hal_cm4.o(.emb_text)
    SysTick_Handler                          0x00000471   Thumb Code     8  hal_cm4.o(.emb_text)
    OS_Tick_Handler                          0x00000479   Thumb Code    12  hal_cm4.o(.emb_text)
    __RL_RTX_VER                             0x00000482   Number         0  rt_system.o ABSOLUTE
    LED_Initialize                           0x00000485   Thumb Code    94  led.o(.text)
    LED_On                                   0x000004e3   Thumb Code   112  led.o(.text)
    LED_Off                                  0x00000553   Thumb Code   112  led.o(.text)
    LED_Out                                  0x000005c3   Thumb Code    38  led.o(.text)
    init_all                                 0x000006cd   Thumb Code    48  blinky.o(.text)
    init_sidelong_menu                       0x000006fd   Thumb Code   626  blinky.o(.text)
    Switch_On                                0x0000096f   Thumb Code    16  blinky.o(.text)
    Switch_Off                               0x0000097f   Thumb Code    16  blinky.o(.text)
    signal_func                              0x0000098f   Thumb Code    14  blinky.o(.text)
    thread_status                            0x0000099d   Thumb Code     2  blinky.o(.text)
    t_buzzer                                 0x0000099f   Thumb Code   602  blinky.o(.text)
    t_rgb                                    0x00000bf9   Thumb Code    28  blinky.o(.text)
    t_mic                                    0x00000c15   Thumb Code   246  blinky.o(.text)
    t_light                                  0x00000d0b   Thumb Code   218  blinky.o(.text)
    t_temp                                   0x00000de5   Thumb Code   284  blinky.o(.text)
    t_motor                                  0x00000f01   Thumb Code     2  blinky.o(.text)
    t_accel                                  0x00000f03   Thumb Code   418  blinky.o(.text)
    main                                     0x000010a5   Thumb Code   124  blinky.o(.text)
    buzzer_frequency_set                     0x00001165   Thumb Code   116  buzzer.o(.text)
    buzzer_frequency_get                     0x000011d9   Thumb Code     6  buzzer.o(.text)
    buzzer_init                              0x000011df   Thumb Code   104  buzzer.o(.text)
    accel_init                               0x00001269   Thumb Code    16  accel.o(.text)
    accel_read_x                             0x000012e3   Thumb Code    14  accel.o(.text)
    accel_read_y                             0x000012f1   Thumb Code    14  accel.o(.text)
    accel_read_z                             0x000012ff   Thumb Code    14  accel.o(.text)
    button_init                              0x0000131d   Thumb Code    38  buttons.o(.text)
    button_read_s1                           0x00001343   Thumb Code    20  buttons.o(.text)
    button_read_s2                           0x00001357   Thumb Code    20  buttons.o(.text)
    cfaf128x128x16Rect                       0x00001529   Thumb Code   134  cfaf128x128x16.o(.text)
    cfaf128x128x16LineVer                    0x000015af   Thumb Code    38  cfaf128x128x16.o(.text)
    cfaf128x128x16LineHor                    0x000015d5   Thumb Code    38  cfaf128x128x16.o(.text)
    cfaf128x128x16Dot                        0x000015fb   Thumb Code    30  cfaf128x128x16.o(.text)
    cfaf128x128x16SetOrientation             0x000018fd   Thumb Code    74  cfaf128x128x16.o(.text)
    cfaf128x128x16ClearColor                 0x00001947   Thumb Code    36  cfaf128x128x16.o(.text)
    cfaf128x128x16Clear                      0x0000196b   Thumb Code    10  cfaf128x128x16.o(.text)
    InitSSICom                               0x00001991   Thumb Code   178  cfaf128x128x16.o(.text)
    cfaf128x128x16Init                       0x00001a43   Thumb Code   384  cfaf128x128x16.o(.text)
    joy_init                                 0x00001c15   Thumb Code    46  joy.o(.text)
    joy_read_z                               0x00001cad   Thumb Code    20  joy.o(.text)
    joy_read_x                               0x00001cc1   Thumb Code    14  joy.o(.text)
    joy_read_y                               0x00001ccf   Thumb Code    14  joy.o(.text)
    mic_init                                 0x00001cf1   Thumb Code    16  mic.o(.text)
    mic_read                                 0x00001d6b   Thumb Code    14  mic.o(.text)
    opt_read                                 0x0000220f   Thumb Code    12  opt.o(.text)
    opt_get_lux                              0x00002233   Thumb Code    96  opt.o(.text)
    opt_init                                 0x00002293   Thumb Code   240  opt.o(.text)
    rgb_write_r                              0x000023c5   Thumb Code    80  rgb.o(.text)
    rgb_write_g                              0x00002415   Thumb Code    80  rgb.o(.text)
    rgb_write_b                              0x00002465   Thumb Code    80  rgb.o(.text)
    rgb_write                                0x000024b5   Thumb Code    28  rgb.o(.text)
    rgb_write_color                          0x000024d1   Thumb Code    20  rgb.o(.text)
    rgb_init                                 0x000024e5   Thumb Code   302  rgb.o(.text)
    servo_write                              0x00002649   Thumb Code    38  servo.o(.text)
    servo_init                               0x0000266f   Thumb Code   182  servo.o(.text)
    temp_read                                0x00002bd7   Thumb Code    12  temp.o(.text)
    temp_read_voltage                        0x00002be3   Thumb Code    12  temp.o(.text)
    temp_init                                0x00002c07   Thumb Code   226  temp.o(.text)
    os_idle_demon                            0x00002d29   Thumb Code     4  rtx_conf_cm.o(.text)
    os_error                                 0x00002d2d   Thumb Code    32  rtx_conf_cm.o(.text)
    rt_init_robin                            0x00002d4d   Thumb Code     2  rtx_conf_cm.o(.text)
    rt_chk_robin                             0x00002d4f   Thumb Code     2  rtx_conf_cm.o(.text)
    __user_perthread_libspace                0x00002d51   Thumb Code    32  rtx_conf_cm.o(.text)
    _mutex_initialize                        0x00002d71   Thumb Code    34  rtx_conf_cm.o(.text)
    _mutex_acquire                           0x00002d93   Thumb Code    22  rtx_conf_cm.o(.text)
    _mutex_release                           0x00002da9   Thumb Code    18  rtx_conf_cm.o(.text)
    Reset_Handler                            0x00002dd9   Thumb Code     8  startup_tm4c129.o(.text)
    NMI_Handler                              0x00002de1   Thumb Code     2  startup_tm4c129.o(.text)
    HardFault_Handler                        0x00002de3   Thumb Code     2  startup_tm4c129.o(.text)
    MemManage_Handler                        0x00002de5   Thumb Code     2  startup_tm4c129.o(.text)
    BusFault_Handler                         0x00002de7   Thumb Code     2  startup_tm4c129.o(.text)
    UsageFault_Handler                       0x00002de9   Thumb Code     2  startup_tm4c129.o(.text)
    DebugMon_Handler                         0x00002ded   Thumb Code     2  startup_tm4c129.o(.text)
    GPIOA_Handler                            0x00002df3   Thumb Code     2  startup_tm4c129.o(.text)
    GPIOB_Handler                            0x00002df5   Thumb Code     2  startup_tm4c129.o(.text)
    GPIOC_Handler                            0x00002df7   Thumb Code     2  startup_tm4c129.o(.text)
    GPIOD_Handler                            0x00002df9   Thumb Code     2  startup_tm4c129.o(.text)
    GPIOE_Handler                            0x00002dfb   Thumb Code     2  startup_tm4c129.o(.text)
    UART0_Handler                            0x00002dfd   Thumb Code     2  startup_tm4c129.o(.text)
    UART1_Handler                            0x00002dff   Thumb Code     2  startup_tm4c129.o(.text)
    SSI0_Handler                             0x00002e01   Thumb Code     2  startup_tm4c129.o(.text)
    I2C0_Handler                             0x00002e03   Thumb Code     2  startup_tm4c129.o(.text)
    PMW0_FAULT_Handler                       0x00002e05   Thumb Code     2  startup_tm4c129.o(.text)
    PWM0_0_Handler                           0x00002e07   Thumb Code     2  startup_tm4c129.o(.text)
    PWM0_1_Handler                           0x00002e09   Thumb Code     2  startup_tm4c129.o(.text)
    PWM0_2_Handler                           0x00002e0b   Thumb Code     2  startup_tm4c129.o(.text)
    QEI0_Handler                             0x00002e0d   Thumb Code     2  startup_tm4c129.o(.text)
    ADC0SS0_Handler                          0x00002e0f   Thumb Code     2  startup_tm4c129.o(.text)
    ADC0SS1_Handler                          0x00002e11   Thumb Code     2  startup_tm4c129.o(.text)
    ADC0SS2_Handler                          0x00002e13   Thumb Code     2  startup_tm4c129.o(.text)
    ADC0SS3_Handler                          0x00002e15   Thumb Code     2  startup_tm4c129.o(.text)
    WDT0_Handler                             0x00002e17   Thumb Code     2  startup_tm4c129.o(.text)
    TIMER0A_Handler                          0x00002e19   Thumb Code     2  startup_tm4c129.o(.text)
    TIMER0B_Handler                          0x00002e1b   Thumb Code     2  startup_tm4c129.o(.text)
    TIMER1A_Handler                          0x00002e1d   Thumb Code     2  startup_tm4c129.o(.text)
    TIMER1B_Handler                          0x00002e1f   Thumb Code     2  startup_tm4c129.o(.text)
    TIMER2A_Handler                          0x00002e21   Thumb Code     2  startup_tm4c129.o(.text)
    TIMER2B_Handler                          0x00002e23   Thumb Code     2  startup_tm4c129.o(.text)
    COMP0_Handler                            0x00002e25   Thumb Code     2  startup_tm4c129.o(.text)
    COMP1_Handler                            0x00002e27   Thumb Code     2  startup_tm4c129.o(.text)
    COMP2_Handler                            0x00002e29   Thumb Code     2  startup_tm4c129.o(.text)
    SYSCTL_Handler                           0x00002e2b   Thumb Code     2  startup_tm4c129.o(.text)
    FLASH_Handler                            0x00002e2d   Thumb Code     2  startup_tm4c129.o(.text)
    GPIOF_Handler                            0x00002e2f   Thumb Code     2  startup_tm4c129.o(.text)
    GPIOG_Handler                            0x00002e31   Thumb Code     2  startup_tm4c129.o(.text)
    GPIOH_Handler                            0x00002e33   Thumb Code     2  startup_tm4c129.o(.text)
    UART2_Handler                            0x00002e35   Thumb Code     2  startup_tm4c129.o(.text)
    SSI1_Handler                             0x00002e37   Thumb Code     2  startup_tm4c129.o(.text)
    TIMER3A_Handler                          0x00002e39   Thumb Code     2  startup_tm4c129.o(.text)
    TIMER3B_Handler                          0x00002e3b   Thumb Code     2  startup_tm4c129.o(.text)
    I2C1_Handler                             0x00002e3d   Thumb Code     2  startup_tm4c129.o(.text)
    CAN0_Handler                             0x00002e3f   Thumb Code     2  startup_tm4c129.o(.text)
    CAN1_Handler                             0x00002e41   Thumb Code     2  startup_tm4c129.o(.text)
    ETH_Handler                              0x00002e43   Thumb Code     2  startup_tm4c129.o(.text)
    HIB_Handler                              0x00002e45   Thumb Code     2  startup_tm4c129.o(.text)
    USB0_Handler                             0x00002e47   Thumb Code     2  startup_tm4c129.o(.text)
    PWM0_3_Handler                           0x00002e49   Thumb Code     2  startup_tm4c129.o(.text)
    UDMA_Handler                             0x00002e4b   Thumb Code     2  startup_tm4c129.o(.text)
    UDMAERR_Handler                          0x00002e4d   Thumb Code     2  startup_tm4c129.o(.text)
    ADC1SS0_Handler                          0x00002e4f   Thumb Code     2  startup_tm4c129.o(.text)
    ADC1SS1_Handler                          0x00002e51   Thumb Code     2  startup_tm4c129.o(.text)
    ADC1SS2_Handler                          0x00002e53   Thumb Code     2  startup_tm4c129.o(.text)
    ADC1SS3_Handler                          0x00002e55   Thumb Code     2  startup_tm4c129.o(.text)
    EBI0_Handler                             0x00002e57   Thumb Code     2  startup_tm4c129.o(.text)
    GPIOJ_Handler                            0x00002e59   Thumb Code     2  startup_tm4c129.o(.text)
    GPIOK_Handler                            0x00002e5b   Thumb Code     2  startup_tm4c129.o(.text)
    GPIOL_Handler                            0x00002e5d   Thumb Code     2  startup_tm4c129.o(.text)
    SSI2_Handler                             0x00002e5f   Thumb Code     2  startup_tm4c129.o(.text)
    SSI3_Handler                             0x00002e61   Thumb Code     2  startup_tm4c129.o(.text)
    UART3_Handler                            0x00002e63   Thumb Code     2  startup_tm4c129.o(.text)
    UART4_Handler                            0x00002e65   Thumb Code     2  startup_tm4c129.o(.text)
    UART5_Handler                            0x00002e67   Thumb Code     2  startup_tm4c129.o(.text)
    UART6_Handler                            0x00002e69   Thumb Code     2  startup_tm4c129.o(.text)
    UART7_Handler                            0x00002e6b   Thumb Code     2  startup_tm4c129.o(.text)
    I2C2_Handler                             0x00002e6d   Thumb Code     2  startup_tm4c129.o(.text)
    I2C3_Handler                             0x00002e6f   Thumb Code     2  startup_tm4c129.o(.text)
    TIMER4A_Handler                          0x00002e71   Thumb Code     2  startup_tm4c129.o(.text)
    TIMER4B_Handler                          0x00002e73   Thumb Code     2  startup_tm4c129.o(.text)
    TIMER5A_Handler                          0x00002e75   Thumb Code     2  startup_tm4c129.o(.text)
    TIMER5B_Handler                          0x00002e77   Thumb Code     2  startup_tm4c129.o(.text)
    WTIMER0A_Handler                         0x00002e79   Thumb Code     2  startup_tm4c129.o(.text)
    WTIMER0B_Handler                         0x00002e7b   Thumb Code     2  startup_tm4c129.o(.text)
    WTIMER1A_Handler                         0x00002e7d   Thumb Code     2  startup_tm4c129.o(.text)
    WTIMER1B_Handler                         0x00002e7f   Thumb Code     2  startup_tm4c129.o(.text)
    WTIMER2A_Handler                         0x00002e81   Thumb Code     2  startup_tm4c129.o(.text)
    WTIMER2B_Handler                         0x00002e83   Thumb Code     2  startup_tm4c129.o(.text)
    WTIMER3A_Handler                         0x00002e85   Thumb Code     2  startup_tm4c129.o(.text)
    WTIMER3B_Handler                         0x00002e87   Thumb Code     2  startup_tm4c129.o(.text)
    WTIMER4A_Handler                         0x00002e89   Thumb Code     2  startup_tm4c129.o(.text)
    WTIMER4B_Handler                         0x00002e8b   Thumb Code     2  startup_tm4c129.o(.text)
    WTIMER5A_Handler                         0x00002e8d   Thumb Code     2  startup_tm4c129.o(.text)
    WTIMER5B_Handler                         0x00002e8f   Thumb Code     2  startup_tm4c129.o(.text)
    FPU_Handler                              0x00002e91   Thumb Code     2  startup_tm4c129.o(.text)
    I2C4_Handler                             0x00002e93   Thumb Code     2  startup_tm4c129.o(.text)
    I2C5_Handler                             0x00002e95   Thumb Code     2  startup_tm4c129.o(.text)
    GPIOM_Handler                            0x00002e97   Thumb Code     2  startup_tm4c129.o(.text)
    GPION_Handler                            0x00002e99   Thumb Code     2  startup_tm4c129.o(.text)
    TAMPER_Handler                           0x00002e9b   Thumb Code     2  startup_tm4c129.o(.text)
    GPIOP0_Handler                           0x00002e9d   Thumb Code     2  startup_tm4c129.o(.text)
    GPIOP1_Handler                           0x00002e9f   Thumb Code     2  startup_tm4c129.o(.text)
    GPIOP2_Handler                           0x00002ea1   Thumb Code     2  startup_tm4c129.o(.text)
    GPIOP3_Handler                           0x00002ea3   Thumb Code     2  startup_tm4c129.o(.text)
    GPIOP4_Handler                           0x00002ea5   Thumb Code     2  startup_tm4c129.o(.text)
    GPIOP5_Handler                           0x00002ea7   Thumb Code     2  startup_tm4c129.o(.text)
    GPIOP6_Handler                           0x00002ea9   Thumb Code     2  startup_tm4c129.o(.text)
    GPIOP7_Handler                           0x00002eab   Thumb Code     2  startup_tm4c129.o(.text)
    GPIOQ0_Handler                           0x00002ead   Thumb Code     2  startup_tm4c129.o(.text)
    GPIOQ1_Handler                           0x00002eaf   Thumb Code     2  startup_tm4c129.o(.text)
    GPIOQ2_Handler                           0x00002eb1   Thumb Code     2  startup_tm4c129.o(.text)
    GPIOQ3_Handler                           0x00002eb3   Thumb Code     2  startup_tm4c129.o(.text)
    GPIOQ4_Handler                           0x00002eb5   Thumb Code     2  startup_tm4c129.o(.text)
    GPIOQ5_Handler                           0x00002eb7   Thumb Code     2  startup_tm4c129.o(.text)
    GPIOQ6_Handler                           0x00002eb9   Thumb Code     2  startup_tm4c129.o(.text)
    GPIOQ7_Handler                           0x00002ebb   Thumb Code     2  startup_tm4c129.o(.text)
    GPIOR_Handler                            0x00002ebd   Thumb Code     2  startup_tm4c129.o(.text)
    GPIOS_Handler                            0x00002ebf   Thumb Code     2  startup_tm4c129.o(.text)
    SHAMD5_Handler                           0x00002ec1   Thumb Code     2  startup_tm4c129.o(.text)
    AES_Handler                              0x00002ec3   Thumb Code     2  startup_tm4c129.o(.text)
    DES3DES_Handler                          0x00002ec5   Thumb Code     2  startup_tm4c129.o(.text)
    LCDCONTROLLER_Handler                    0x00002ec7   Thumb Code     2  startup_tm4c129.o(.text)
    TIMER6A_Handler                          0x00002ec9   Thumb Code     2  startup_tm4c129.o(.text)
    TIMER6B_Handler                          0x00002ecb   Thumb Code     2  startup_tm4c129.o(.text)
    TIMER7A_Handler                          0x00002ecd   Thumb Code     2  startup_tm4c129.o(.text)
    TIMER7B_Handler                          0x00002ecf   Thumb Code     2  startup_tm4c129.o(.text)
    I2C6_Handler                             0x00002ed1   Thumb Code     2  startup_tm4c129.o(.text)
    I2C7_Handler                             0x00002ed3   Thumb Code     2  startup_tm4c129.o(.text)
    HIMSCANKEYBOARD_Handler                  0x00002ed5   Thumb Code     2  startup_tm4c129.o(.text)
    ONEWIRE_Handler                          0x00002ed7   Thumb Code     2  startup_tm4c129.o(.text)
    HIMPS2_Handler                           0x00002ed9   Thumb Code     2  startup_tm4c129.o(.text)
    HIMLEDSEQUENCER_Handler                  0x00002edb   Thumb Code     2  startup_tm4c129.o(.text)
    HIMCONSUMERIR_Handler                    0x00002edd   Thumb Code     2  startup_tm4c129.o(.text)
    I2C8_Handler                             0x00002edf   Thumb Code     2  startup_tm4c129.o(.text)
    I2C9_Handler                             0x00002ee1   Thumb Code     2  startup_tm4c129.o(.text)
    GPIOT_Handler                            0x00002ee3   Thumb Code     2  startup_tm4c129.o(.text)
    __user_initial_stackheap                 0x00002ee5   Thumb Code     0  startup_tm4c129.o(.text)
    SystemCoreClockUpdate                    0x00002f05   Thumb Code     8  system_tm4c129.o(.text)
    SystemInit                               0x00002f0d   Thumb Code    20  system_tm4c129.o(.text)
    __user_libspace                          0x00002f2d   Thumb Code     8  libspace.o(.text)
    __user_perproc_libspace                  0x00002f2d   Thumb Code     0  libspace.o(.text)
    __aeabi_uldivmod                         0x00002f35   Thumb Code     0  lludivv7m.o(.text)
    _ll_udiv                                 0x00002f35   Thumb Code   238  lludivv7m.o(.text)
    __aeabi_ldivmod                          0x00003023   Thumb Code     0  llsdiv.o(.text)
    _ll_sdiv                                 0x00003023   Thumb Code    72  llsdiv.o(.text)
    exit                                     0x0000306b   Thumb Code    18  exit.o(.text)
    __use_two_region_memory                  0x0000307d   Thumb Code     2  heapauxi.o(.text)
    __rt_heap_escrow$2region                 0x0000307f   Thumb Code     2  heapauxi.o(.text)
    __rt_heap_expand$2region                 0x00003081   Thumb Code     2  heapauxi.o(.text)
    _sys_exit                                0x00003085   Thumb Code     8  sys_exit.o(.text)
    __user_setup_stackheap                   0x00003091   Thumb Code    74  sys_stackheap_outer.o(.text)
    __I$use$semihosting                      0x000030db   Thumb Code     0  use_no_semi.o(.text)
    __use_no_semihosting_swi                 0x000030db   Thumb Code     2  use_no_semi.o(.text)
    SVC_Count                                0x000030dc   Data           4  svc_table.o(SVC_TABLE)
    __semihosting_library_function           0x000030dd   Thumb Code     0  indicate_semi.o(.text)
    ADCIntClear                              0x000030e1   Thumb Code    10  adc.o(i.ADCIntClear)
    SVC_Table                                0x000030e0   Data           0  svc_table.o(SVC_TABLE)
    ADCIntStatus                             0x000030eb   Thumb Code    52  adc.o(i.ADCIntStatus)
    ADCProcessorTrigger                      0x0000311f   Thumb Code    26  adc.o(i.ADCProcessorTrigger)
    ADCSequenceConfigure                     0x00003139   Thumb Code    96  adc.o(i.ADCSequenceConfigure)
    ADCSequenceDataGet                       0x00003199   Thumb Code    36  adc.o(i.ADCSequenceDataGet)
    ADCSequenceEnable                        0x000031bd   Thumb Code    14  adc.o(i.ADCSequenceEnable)
    ADCSequenceStepConfigure                 0x000031cb   Thumb Code   154  adc.o(i.ADCSequenceStepConfigure)
    GPIODirModeSet                           0x00003265   Thumb Code    40  gpio.o(i.GPIODirModeSet)
    GPIOPadConfigSet                         0x0000328d   Thumb Code   312  gpio.o(i.GPIOPadConfigSet)
    GPIOPinConfigure                         0x000033c5   Thumb Code    60  gpio.o(i.GPIOPinConfigure)
    GPIOPinRead                              0x00003409   Thumb Code     6  gpio.o(i.GPIOPinRead)
    GPIOPinTypeADC                           0x0000340f   Thumb Code    28  gpio.o(i.GPIOPinTypeADC)
    GPIOPinTypeGPIOInput                     0x0000342b   Thumb Code    28  gpio.o(i.GPIOPinTypeGPIOInput)
    GPIOPinTypeI2C                           0x00003447   Thumb Code    28  gpio.o(i.GPIOPinTypeI2C)
    GPIOPinTypeI2CSCL                        0x00003463   Thumb Code    28  gpio.o(i.GPIOPinTypeI2CSCL)
    GPIOPinTypePWM                           0x0000347f   Thumb Code    28  gpio.o(i.GPIOPinTypePWM)
    GPIOPinTypeTimer                         0x0000349b   Thumb Code    28  gpio.o(i.GPIOPinTypeTimer)
    GrContextFontSet                         0x000034b7   Thumb Code     6  string.o(i.GrContextFontSet)
    GrContextInit                            0x000034bd   Thumb Code    88  context.o(i.GrContextInit)
    GrDefaultStringRenderer                  0x00003521   Thumb Code   280  string.o(i.GrDefaultStringRenderer)
    GrFontBaselineGet                        0x00003639   Thumb Code    44  string.o(i.GrFontBaselineGet)
    GrFontGlyphDataGet                       0x00003665   Thumb Code   166  string.o(i.GrFontGlyphDataGet)
    GrFontGlyphRender                        0x0000370b   Thumb Code   648  string.o(i.GrFontGlyphRender)
    GrMapISO8859_1_Unicode                   0x00003993   Thumb Code     8  charmap.o(i.GrMapISO8859_1_Unicode)
    GrRectFill                               0x0000399b   Thumb Code   180  rectangle.o(i.GrRectFill)
    GrStringDraw                             0x00003a4f   Thumb Code    32  string.o(i.GrStringDraw)
    GrStringWidthGet                         0x00003a6f   Thumb Code   192  string.o(i.GrStringWidthGet)
    I2CIntRegister                           0x00003b31   Thumb Code    80  i2c.o(i.I2CIntRegister)
    I2CMasterBurstLengthSet                  0x00003b91   Thumb Code     4  i2c.o(i.I2CMasterBurstLengthSet)
    I2CMasterBusBusy                         0x00003b95   Thumb Code    12  i2c.o(i.I2CMasterBusBusy)
    I2CMasterBusy                            0x00003ba1   Thumb Code    12  i2c.o(i.I2CMasterBusy)
    I2CMasterControl                         0x00003bad   Thumb Code     4  i2c.o(i.I2CMasterControl)
    I2CMasterDataGet                         0x00003bb1   Thumb Code     4  i2c.o(i.I2CMasterDataGet)
    I2CMasterDataPut                         0x00003bb5   Thumb Code     4  i2c.o(i.I2CMasterDataPut)
    I2CMasterEnable                          0x00003bb9   Thumb Code    10  i2c.o(i.I2CMasterEnable)
    I2CMasterErr                             0x00003bc3   Thumb Code    24  i2c.o(i.I2CMasterErr)
    I2CMasterGlitchFilterConfigSet           0x00003bdd   Thumb Code    74  i2c.o(i.I2CMasterGlitchFilterConfigSet)
    I2CMasterInitExpClk                      0x00003c31   Thumb Code    72  i2c.o(i.I2CMasterInitExpClk)
    I2CMasterIntClear                        0x00003c85   Thumb Code     8  i2c.o(i.I2CMasterIntClear)
    I2CMasterIntClearEx                      0x00003c8d   Thumb Code     4  i2c.o(i.I2CMasterIntClearEx)
    I2CMasterIntEnableEx                     0x00003c91   Thumb Code     8  i2c.o(i.I2CMasterIntEnableEx)
    I2CMasterSlaveAddrSet                    0x00003c99   Thumb Code     8  i2c.o(i.I2CMasterSlaveAddrSet)
    I2CMasterTimeoutSet                      0x00003ca1   Thumb Code     4  i2c.o(i.I2CMasterTimeoutSet)
    IntEnable                                0x00003ca5   Thumb Code    92  interrupt.o(i.IntEnable)
    IntRegister                              0x00003d09   Thumb Code    44  interrupt.o(i.IntRegister)
    PWMClockSet                              0x00003d3d   Thumb Code    20  pwm.o(i.PWMClockSet)
    PWMGenConfigure                          0x00003d51   Thumb Code    38  pwm.o(i.PWMGenConfigure)
    PWMGenDisable                            0x00003d77   Thumb Code    10  pwm.o(i.PWMGenDisable)
    PWMGenEnable                             0x00003d81   Thumb Code    10  pwm.o(i.PWMGenEnable)
    PWMGenPeriodGet                          0x00003d8b   Thumb Code    18  pwm.o(i.PWMGenPeriodGet)
    PWMGenPeriodSet                          0x00003d9d   Thumb Code    18  pwm.o(i.PWMGenPeriodSet)
    PWMOutputState                           0x00003daf   Thumb Code    16  pwm.o(i.PWMOutputState)
    PWMPulseWidthSet                         0x00003dbf   Thumb Code    32  pwm.o(i.PWMPulseWidthSet)
    SysCtlClockFreqSet                       0x00003de1   Thumb Code   706  sysctl.o(i.SysCtlClockFreqSet)
    SysCtlPeripheralEnable                   0x000040cd   Thumb Code    36  sysctl.o(i.SysCtlPeripheralEnable)
    SysCtlPeripheralReady                    0x000040f5   Thumb Code    40  sysctl.o(i.SysCtlPeripheralReady)
    SysCtlPeripheralReset                    0x00004121   Thumb Code    56  sysctl.o(i.SysCtlPeripheralReset)
    TimerClockSourceSet                      0x0000415d   Thumb Code     6  timer.o(i.TimerClockSourceSet)
    TimerConfigure                           0x00004165   Thumb Code    88  timer.o(i.TimerConfigure)
    TimerControlLevel                        0x000041c5   Thumb Code    22  timer.o(i.TimerControlLevel)
    TimerEnable                              0x000041db   Thumb Code    14  timer.o(i.TimerEnable)
    TimerLoadSet                             0x000041e9   Thumb Code    18  timer.o(i.TimerLoadSet)
    TimerMatchSet                            0x000041fb   Thumb Code    18  timer.o(i.TimerMatchSet)
    TimerPrescaleSet                         0x0000420d   Thumb Code    18  timer.o(i.TimerPrescaleSet)
    TimerUpdateMode                          0x0000421f   Thumb Code    42  timer.o(i.TimerUpdateMode)
    _init_box                                0x000042b5   Thumb Code    70  rt_membox.o(i._init_box)
    dbg_init                                 0x000042fd   Thumb Code    34  hal_cm.o(i.dbg_init)
    dbg_task_notify                          0x0000432d   Thumb Code    32  hal_cm.o(i.dbg_task_notify)
    dbg_task_switch                          0x0000434d   Thumb Code    16  hal_cm.o(i.dbg_task_switch)
    isrMessageGet                            0x0000435d   Thumb Code    42  rt_cmsis.o(i.isrMessageGet)
    isrMessagePut                            0x00004387   Thumb Code    44  rt_cmsis.o(i.isrMessagePut)
    isrSignalSet                             0x000043b3   Thumb Code    36  rt_cmsis.o(i.isrSignalSet)
    isr_evt_set                              0x000043d9   Thumb Code    34  rt_event.o(i.isr_evt_set)
    isr_mbx_receive                          0x00004401   Thumb Code    86  rt_mailbox.o(i.isr_mbx_receive)
    isr_mbx_send                             0x00004457   Thumb Code    14  rt_mailbox.o(i.isr_mbx_send)
    osDelay                                  0x00004465   Thumb Code    18  rt_cmsis.o(i.osDelay)
    osKernelInitialize                       0x0000447d   Thumb Code    30  rt_cmsis.o(i.osKernelInitialize)
    osKernelStart                            0x000044a1   Thumb Code    98  rt_cmsis.o(i.osKernelStart)
    osMessageGet                             0x0000450d   Thumb Code    18  rt_cmsis.o(i.osMessageGet)
    osSignalSet                              0x00004525   Thumb Code    18  rt_cmsis.o(i.osSignalSet)
    osSignalWait                             0x0000453d   Thumb Code    18  rt_cmsis.o(i.osSignalWait)
    osThreadCreate                           0x00004555   Thumb Code    36  rt_cmsis.o(i.osThreadCreate)
    osThreadExit                             0x00004581   Thumb Code    14  rt_cmsis.o(i.osThreadExit)
    osTimerCall                              0x00004599   Thumb Code     8  rt_cmsis.o(i.osTimerCall)
    osTimerThread                            0x000045a5   Thumb Code    38  rt_cmsis.o(i.osTimerThread)
    os_tick_init                             0x000045d1   Thumb Code    32  rt_system.o(i.os_tick_init)
    os_tick_irqack                           0x000045f9   Thumb Code     2  rt_system.o(i.os_tick_irqack)
    rt_alloc_box                             0x000045fb   Thumb Code    26  rt_membox.o(i.rt_alloc_box)
    rt_alloc_mem                             0x00004615   Thumb Code    62  rt_memory.o(i.rt_alloc_mem)
    rt_block                                 0x00004655   Thumb Code    48  rt_task.o(i.rt_block)
    rt_dec_dly                               0x0000468d   Thumb Code   102  rt_list.o(i.rt_dec_dly)
    rt_dispatch                              0x000046fd   Thumb Code    60  rt_task.o(i.rt_dispatch)
    rt_dly_wait                              0x00004741   Thumb Code     6  rt_time.o(i.rt_dly_wait)
    rt_evt_psh                               0x00004749   Thumb Code    76  rt_event.o(i.rt_evt_psh)
    rt_evt_set                               0x00004799   Thumb Code    88  rt_event.o(i.rt_evt_set)
    rt_evt_wait                              0x000047f5   Thumb Code    56  rt_event.o(i.rt_evt_wait)
    rt_free_box                              0x00004831   Thumb Code    44  rt_membox.o(i.rt_free_box)
    rt_free_mem                              0x0000485d   Thumb Code    40  rt_memory.o(i.rt_free_mem)
    rt_get_first                             0x00004885   Thumb Code    40  rt_list.o(i.rt_get_first)
    rt_init_mem                              0x000048fd   Thumb Code    26  rt_memory.o(i.rt_init_mem)
    rt_init_stack                            0x00004919   Thumb Code   118  hal_cm.o(i.rt_init_stack)
    rt_mbx_check                             0x00004999   Thumb Code     8  rt_mailbox.o(i.rt_mbx_check)
    rt_mbx_init                              0x000049a1   Thumb Code    26  rt_mailbox.o(i.rt_mbx_init)
    rt_mbx_psh                               0x000049bd   Thumb Code   236  rt_mailbox.o(i.rt_mbx_psh)
    rt_mbx_wait                              0x00004aad   Thumb Code   174  rt_mailbox.o(i.rt_mbx_wait)
    rt_mut_init                              0x00004ba5   Thumb Code    16  rt_mutex.o(i.rt_mut_init)
    rt_mut_release                           0x00004bb5   Thumb Code   208  rt_mutex.o(i.rt_mut_release)
    rt_mut_wait                              0x00004c8d   Thumb Code   114  rt_mutex.o(i.rt_mut_wait)
    rt_pop_req                               0x00004d05   Thumb Code   112  rt_system.o(i.rt_pop_req)
    rt_psh_req                               0x00004d81   Thumb Code    22  rt_system.o(i.rt_psh_req)
    rt_psq_enq                               0x00004da1   Thumb Code    88  rt_list.o(i.rt_psq_enq)
    rt_put_dly                               0x00004dfd   Thumb Code    68  rt_list.o(i.rt_put_dly)
    rt_put_prio                              0x00004e45   Thumb Code    54  rt_list.o(i.rt_put_prio)
    rt_put_rdy_first                         0x00004e7d   Thumb Code    14  rt_list.o(i.rt_put_rdy_first)
    rt_resort_prio                           0x00004e91   Thumb Code    46  rt_list.o(i.rt_resort_prio)
    rt_ret_val                               0x00004ed5   Thumb Code    12  hal_cm.o(i.rt_ret_val)
    rt_ret_val2                              0x00004ee1   Thumb Code    16  hal_cm.o(i.rt_ret_val2)
    rt_rmv_dly                               0x00004ef1   Thumb Code    40  rt_list.o(i.rt_rmv_dly)
    rt_rmv_list                              0x00004f19   Thumb Code    44  rt_list.o(i.rt_rmv_list)
    rt_sem_psh                               0x00004f49   Thumb Code    48  rt_semaphore.o(i.rt_sem_psh)
    rt_stk_check                             0x00004f7d   Thumb Code    28  rt_system.o(i.rt_stk_check)
    rt_switch_req                            0x00004fa1   Thumb Code    30  rt_task.o(i.rt_switch_req)
    rt_sys_init                              0x00004fc9   Thumb Code   138  rt_task.o(i.rt_sys_init)
    rt_sys_start                             0x00005095   Thumb Code   110  rt_task.o(i.rt_sys_start)
    rt_systick                               0x0000510d   Thumb Code    50  rt_system.o(i.rt_systick)
    rt_tsk_create                            0x00005195   Thumb Code   118  rt_task.o(i.rt_tsk_create)
    rt_tsk_delete                            0x0000521d   Thumb Code   352  rt_task.o(i.rt_tsk_delete)
    rt_tsk_prio                              0x00005399   Thumb Code   108  rt_task.o(i.rt_tsk_prio)
    rt_tsk_self                              0x00005415   Thumb Code    12  rt_task.o(i.rt_tsk_self)
    svcDelay                                 0x00005425   Thumb Code    18  rt_cmsis.o(i.svcDelay)
    svcKernelInitialize                      0x00005439   Thumb Code    80  rt_cmsis.o(i.svcKernelInitialize)
    svcKernelStart                           0x000054a9   Thumb Code    62  rt_cmsis.o(i.svcKernelStart)
    svcMessageCreate                         0x000054f1   Thumb Code    36  rt_cmsis.o(i.svcMessageCreate)
    svcMessageGet                            0x00005515   Thumb Code    58  rt_cmsis.o(i.svcMessageGet)
    svcSignalSet                             0x0000554f   Thumb Code    36  rt_cmsis.o(i.svcSignalSet)
    svcSignalWait                            0x00005575   Thumb Code    80  rt_cmsis.o(i.svcSignalWait)
    svcThreadCreate                          0x000055c9   Thumb Code    96  rt_cmsis.o(i.svcThreadCreate)
    svcThreadGetId                           0x00005635   Thumb Code    22  rt_cmsis.o(i.svcThreadGetId)
    svcThreadTerminate                       0x00005651   Thumb Code    50  rt_cmsis.o(i.svcThreadTerminate)
    svcTimerCall                             0x00005689   Thumb Code    24  rt_cmsis.o(i.svcTimerCall)
    sysTimerTick                             0x000056a1   Thumb Code    84  rt_cmsis.o(i.sysTimerTick)
    _fp_init                                 0x000056fd   Thumb Code    10  fpinit.o(x$fpl$fpinit)
    __fplib_config_fpu_vfp                   0x00005705   Thumb Code     0  fpinit.o(x$fpl$fpinit)
    __fplib_config_pureend_doubles           0x00005705   Thumb Code     0  fpinit.o(x$fpl$fpinit)
    led_mask                                 0x00005708   Data          16  led.o(.constdata)
    os_thread_def_t_buzzer                   0x00005718   Data          16  blinky.o(.constdata)
    os_thread_def_t_rgb                      0x00005728   Data          16  blinky.o(.constdata)
    os_thread_def_t_mic                      0x00005738   Data          16  blinky.o(.constdata)
    os_thread_def_t_light                    0x00005748   Data          16  blinky.o(.constdata)
    os_thread_def_t_temp                     0x00005758   Data          16  blinky.o(.constdata)
    os_thread_def_t_motor                    0x00005768   Data          16  blinky.o(.constdata)
    os_thread_def_t_accel                    0x00005778   Data          16  blinky.o(.constdata)
    blackColor                               0x00005788   Data           2  cfaf128x128x16.o(.constdata)
    whiteColor                               0x0000578a   Data           2  cfaf128x128x16.o(.constdata)
    redColor                                 0x0000578c   Data           2  cfaf128x128x16.o(.constdata)
    greenColor                               0x0000578e   Data           2  cfaf128x128x16.o(.constdata)
    blueColor                                0x00005790   Data           2  cfaf128x128x16.o(.constdata)
    yellowColor                              0x00005792   Data           2  cfaf128x128x16.o(.constdata)
    cyanColor                                0x00005794   Data           2  cfaf128x128x16.o(.constdata)
    orangeColor                              0x00005796   Data           2  cfaf128x128x16.o(.constdata)
    magentaColor                             0x00005798   Data           2  cfaf128x128x16.o(.constdata)
    violetColor                              0x0000579a   Data           2  cfaf128x128x16.o(.constdata)
    grayColor                                0x0000579c   Data           2  cfaf128x128x16.o(.constdata)
    darkGrayColor                            0x0000579e   Data           2  cfaf128x128x16.o(.constdata)
    g_sCfaf128x128x16                        0x000057a0   Data          40  cfaf128x128x16.o(.constdata)
    os_maxtaskrun                            0x000057c8   Data           2  rtx_conf_cm.o(.constdata)
    os_stackinfo                             0x000057cc   Data           4  rtx_conf_cm.o(.constdata)
    os_rrobin                                0x000057d0   Data           4  rtx_conf_cm.o(.constdata)
    os_tickfreq                              0x000057d4   Data           4  rtx_conf_cm.o(.constdata)
    os_tickus_i                              0x000057d8   Data           2  rtx_conf_cm.o(.constdata)
    os_tickus_f                              0x000057da   Data           2  rtx_conf_cm.o(.constdata)
    os_trv                                   0x000057dc   Data           4  rtx_conf_cm.o(.constdata)
    os_flags                                 0x000057e0   Data           1  rtx_conf_cm.o(.constdata)
    CMSIS_RTOS_API_Version                   0x000057e4   Data           4  rtx_conf_cm.o(.constdata)
    CMSIS_RTOS_RTX_Version                   0x000057e8   Data           4  rtx_conf_cm.o(.constdata)
    os_clockrate                             0x000057ec   Data           4  rtx_conf_cm.o(.constdata)
    os_timernum                              0x000057f0   Data           4  rtx_conf_cm.o(.constdata)
    mp_tcb_size                              0x000057f4   Data           2  rtx_conf_cm.o(.constdata)
    mp_stk_size                              0x000057f8   Data           4  rtx_conf_cm.o(.constdata)
    os_stack_sz                              0x000057fc   Data           4  rtx_conf_cm.o(.constdata)
    os_fifo_size                             0x00005800   Data           1  rtx_conf_cm.o(.constdata)
    os_thread_def_osTimerThread              0x00005804   Data          16  rtx_conf_cm.o(.constdata)
    os_messageQ_def_osTimerMessageQ          0x00005814   Data           8  rtx_conf_cm.o(.constdata)
    mp_tmr_size                              0x0000581c   Data           2  rtx_conf_cm.o(.constdata)
    os_thread_def_main                       0x00005820   Data          16  rtx_conf_cm.o(.constdata)
    g_psDefaultCodePointMapTable             0x00005e38   Data          16  context.o(.constdata)
    g_sFontFixed6x8                          0x00006140   Data         200  fontfixed6x8.o(.constdata)
    Region$$Table$$Base                      0x00006230   Number         0  anon$$obj.o(Region$$Table)
    Region$$Table$$Limit                     0x00006250   Number         0  anon$$obj.o(Region$$Table)
    tid_buzzer                               0x20000000   Data           4  blinky.o(.data)
    tid_motor                                0x20000004   Data           4  blinky.o(.data)
    tid_rgb                                  0x20000008   Data           4  blinky.o(.data)
    tid_accel                                0x2000000c   Data           4  blinky.o(.data)
    tid_temp                                 0x20000010   Data           4  blinky.o(.data)
    tid_light                                0x20000014   Data           4  blinky.o(.data)
    tid_mic                                  0x20000018   Data           4  blinky.o(.data)
    sRect                                    0x20000028   Data           8  blinky.o(.data)
    freq_vet                                 0x20000030   Data           7  blinky.o(.data)
    position_freq                            0x20000037   Data           1  blinky.o(.data)
    current_freq                             0x20000040   Data           4  buzzer.o(.data)
    osThreadId_osTimerThread                 0x20000078   Data           4  rtx_conf_cm.o(.data)
    osMessageQId_osTimerMessageQ             0x2000007c   Data           4  rtx_conf_cm.o(.data)
    os_tmr                                   0x20000080   Data           4  rtx_conf_cm.o(.data)
    m_tmr                                    0x20000084   Data           4  rtx_conf_cm.o(.data)
    SystemCoreClock                          0x2000008c   Data           4  system_tm4c129.o(.data)
    os_initialized                           0x20000094   Data           1  rt_cmsis.o(.data)
    os_running                               0x20000095   Data           1  rt_cmsis.o(.data)
    os_timer_head                            0x20000098   Data           4  rt_cmsis.o(.data)
    os_tsk                                   0x2000009c   Data           8  rt_task.o(.data)
    os_tick_irqn                             0x200000a8   Data           4  rt_system.o(.data)
    os_time                                  0x200000ac   Data           4  rt_time.o(.data)
    dbg_msg                                  0x200000b0   Data           1  hal_cm.o(.data)
    sContext                                 0x2000066c   Data          44  blinky.o(.bss)
    pbuf                                     0x20000698   Data          10  blinky.o(.bss)
    mp_tcb                                   0x200006a8   Data         480  rtx_conf_cm.o(.bss)
    mp_stk                                   0x20000888   Data        6416  rtx_conf_cm.o(.bss)
    os_stack_mem                             0x20002198   Data        1032  rtx_conf_cm.o(.bss)
    os_fifo                                  0x200025a0   Data         132  rtx_conf_cm.o(.bss)
    os_active_TCB                            0x20002624   Data          36  rtx_conf_cm.o(.bss)
    os_messageQ_q_osTimerMessageQ            0x20002648   Data          32  rtx_conf_cm.o(.bss)
    os_idle_TCB                              0x20002a48   Data          52  rt_task.o(.bss)
    os_rdy                                   0x20002a7c   Data          24  rt_list.o(.bss)
    os_dly                                   0x20002a94   Data          24  rt_list.o(.bss)
    __libspace_start                         0x20002aac   Data          96  libspace.o(.bss)
    __temporary_stack_top$libspace           0x20002b0c   Data           0  libspace.o(.bss)



==============================================================================

Memory Map of the image

  Image Entry point : 0x00000201

  Load Region LR_IROM1 (Base: 0x00000000, Size: 0x000068bc, Max: 0x00100000, ABSOLUTE, COMPRESSED[0x00006270])

    Execution Region ER_IROM1 (Exec base: 0x00000000, Load base: 0x00000000, Size: 0x00006250, Max: 0x00100000, ABSOLUTE)

    Exec Addr    Load Addr    Size         Type   Attr      Idx    E Section Name        Object

    0x00000000   0x00000000   0x00000200   Data   RO          402    RESET               startup_tm4c129.o
    0x00000200   0x00000200   0x00000008   Code   RO         3924  * !!!main             c_w.l(__main.o)
    0x00000208   0x00000208   0x00000034   Code   RO         4087    !!!scatter          c_w.l(__scatter.o)
    0x0000023c   0x0000023c   0x0000003a   Code   RO         4085    !!dczerorl          c_w.l(__dczerorl.o)
    0x00000276   0x00000276   0x00000002   PAD
    0x00000278   0x00000278   0x0000001c   Code   RO         4089    !!handler_zi        c_w.l(__scatter_zi.o)
    0x00000294   0x00000294   0x00000002   Code   RO         3971    .ARM.Collect$$libinit$$00000000  c_w.l(libinit.o)
    0x00000296   0x00000296   0x00000004   Code   RO         3982    .ARM.Collect$$libinit$$00000001  c_w.l(libinit2.o)
    0x0000029a   0x0000029a   0x00000000   Code   RO         3985    .ARM.Collect$$libinit$$00000004  c_w.l(libinit2.o)
    0x0000029a   0x0000029a   0x00000000   Code   RO         3988    .ARM.Collect$$libinit$$0000000A  c_w.l(libinit2.o)
    0x0000029a   0x0000029a   0x00000000   Code   RO         3990    .ARM.Collect$$libinit$$0000000C  c_w.l(libinit2.o)
    0x0000029a   0x0000029a   0x00000000   Code   RO         3992    .ARM.Collect$$libinit$$0000000E  c_w.l(libinit2.o)
    0x0000029a   0x0000029a   0x00000000   Code   RO         3995    .ARM.Collect$$libinit$$00000011  c_w.l(libinit2.o)
    0x0000029a   0x0000029a   0x00000000   Code   RO         3997    .ARM.Collect$$libinit$$00000013  c_w.l(libinit2.o)
    0x0000029a   0x0000029a   0x00000000   Code   RO         3999    .ARM.Collect$$libinit$$00000015  c_w.l(libinit2.o)
    0x0000029a   0x0000029a   0x00000000   Code   RO         4001    .ARM.Collect$$libinit$$00000017  c_w.l(libinit2.o)
    0x0000029a   0x0000029a   0x00000000   Code   RO         4003    .ARM.Collect$$libinit$$00000019  c_w.l(libinit2.o)
    0x0000029a   0x0000029a   0x00000000   Code   RO         4005    .ARM.Collect$$libinit$$0000001B  c_w.l(libinit2.o)
    0x0000029a   0x0000029a   0x00000000   Code   RO         4007    .ARM.Collect$$libinit$$0000001D  c_w.l(libinit2.o)
    0x0000029a   0x0000029a   0x00000000   Code   RO         4009    .ARM.Collect$$libinit$$0000001F  c_w.l(libinit2.o)
    0x0000029a   0x0000029a   0x00000000   Code   RO         4011    .ARM.Collect$$libinit$$00000021  c_w.l(libinit2.o)
    0x0000029a   0x0000029a   0x00000000   Code   RO         4013    .ARM.Collect$$libinit$$00000023  c_w.l(libinit2.o)
    0x0000029a   0x0000029a   0x00000000   Code   RO         4015    .ARM.Collect$$libinit$$00000025  c_w.l(libinit2.o)
    0x0000029a   0x0000029a   0x00000000   Code   RO         4019    .ARM.Collect$$libinit$$0000002C  c_w.l(libinit2.o)
    0x0000029a   0x0000029a   0x00000000   Code   RO         4021    .ARM.Collect$$libinit$$0000002E  c_w.l(libinit2.o)
    0x0000029a   0x0000029a   0x00000000   Code   RO         4023    .ARM.Collect$$libinit$$00000030  c_w.l(libinit2.o)
    0x0000029a   0x0000029a   0x00000000   Code   RO         4025    .ARM.Collect$$libinit$$00000032  c_w.l(libinit2.o)
    0x0000029a   0x0000029a   0x00000002   Code   RO         4026    .ARM.Collect$$libinit$$00000033  c_w.l(libinit2.o)
    0x0000029c   0x0000029c   0x00000002   Code   RO         3972    .ARM.Collect$$libshutdown$$00000000  c_w.l(libshutdown.o)
    0x0000029e   0x0000029e   0x00000000   Code   RO         4028    .ARM.Collect$$libshutdown$$00000002  c_w.l(libshutdown2.o)
    0x0000029e   0x0000029e   0x00000000   Code   RO         4030    .ARM.Collect$$libshutdown$$00000004  c_w.l(libshutdown2.o)
    0x0000029e   0x0000029e   0x00000000   Code   RO         4033    .ARM.Collect$$libshutdown$$00000007  c_w.l(libshutdown2.o)
    0x0000029e   0x0000029e   0x00000000   Code   RO         4036    .ARM.Collect$$libshutdown$$0000000A  c_w.l(libshutdown2.o)
    0x0000029e   0x0000029e   0x00000000   Code   RO         4038    .ARM.Collect$$libshutdown$$0000000C  c_w.l(libshutdown2.o)
    0x0000029e   0x0000029e   0x00000000   Code   RO         4041    .ARM.Collect$$libshutdown$$0000000F  c_w.l(libshutdown2.o)
    0x0000029e   0x0000029e   0x00000002   Code   RO         4042    .ARM.Collect$$libshutdown$$00000010  c_w.l(libshutdown2.o)
    0x000002a0   0x000002a0   0x00000000   Code   RO         3926    .ARM.Collect$$rtentry$$00000000  c_w.l(__rtentry.o)
    0x000002a0   0x000002a0   0x00000000   Code   RO         3934    .ARM.Collect$$rtentry$$00000002  c_w.l(__rtentry2.o)
    0x000002a0   0x000002a0   0x00000006   Code   RO         3946    .ARM.Collect$$rtentry$$00000004  c_w.l(__rtentry4.o)
    0x000002a6   0x000002a6   0x00000000   Code   RO         3936    .ARM.Collect$$rtentry$$00000009  c_w.l(__rtentry2.o)
    0x000002a6   0x000002a6   0x00000004   Code   RO         3937    .ARM.Collect$$rtentry$$0000000A  c_w.l(__rtentry2.o)
    0x000002aa   0x000002aa   0x00000008   Code   RO         3938    .ARM.Collect$$rtentry$$0000000B  c_w.l(__rtentry2.o)
    0x000002b2   0x000002b2   0x00000008   Code   RO         3940    .ARM.Collect$$rtentry$$0000000D  c_w.l(__rtentry2.o)
    0x000002ba   0x000002ba   0x00000002   Code   RO         3927    .ARM.Collect$$rtexit$$00000000  c_w.l(rtexit.o)
    0x000002bc   0x000002bc   0x00000000   Code   RO         3949    .ARM.Collect$$rtexit$$00000002  c_w.l(rtexit2.o)
    0x000002bc   0x000002bc   0x00000004   Code   RO         3950    .ARM.Collect$$rtexit$$00000003  c_w.l(rtexit2.o)
    0x000002c0   0x000002c0   0x00000006   Code   RO         3951    .ARM.Collect$$rtexit$$00000004  c_w.l(rtexit2.o)
    0x000002c6   0x000002c6   0x00000002   PAD
    0x000002c8   0x000002c8   0x0000001c   Code   RO          337    .emb_text           rtx_conf_cm.o
    0x000002e4   0x000002e4   0x00000006   Code   RO         1708    .emb_text           driverlib.lib(sysctl.o)
    0x000002ea   0x000002ea   0x00000002   PAD
    0x000002ec   0x000002ec   0x00000198   Code   RO         3875    .emb_text           RTX_CM4.lib(hal_cm4.o)
    0x00000484   0x00000484   0x00000184   Code   RO            4    .text               led.o
    0x00000608   0x00000608   0x00000b5c   Code   RO           60    .text               blinky.o
    0x00001164   0x00001164   0x00000104   Code   RO          151    .text               buzzer.o
    0x00001268   0x00001268   0x000000b4   Code   RO          187    .text               accel.o
    0x0000131c   0x0000131c   0x00000058   Code   RO          205    .text               buttons.o
    0x00001374   0x00001374   0x000008a0   Code   RO          217    .text               cfaf128x128x16.o
    0x00001c14   0x00001c14   0x000000dc   Code   RO          239    .text               joy.o
    0x00001cf0   0x00001cf0   0x00000098   Code   RO          251    .text               mic.o
    0x00001d88   0x00001d88   0x0000063c   Code   RO          263    .text               opt.o
    0x000023c4   0x000023c4   0x00000284   Code   RO          292    .text               rgb.o
    0x00002648   0x00002648   0x00000108   Code   RO          306    .text               servo.o
    0x00002750   0x00002750   0x000005d8   Code   RO          323    .text               temp.o
    0x00002d28   0x00002d28   0x000000b0   Code   RO          338    .text               rtx_conf_cm.o
    0x00002dd8   0x00002dd8   0x0000012c   Code   RO          403    .text               startup_tm4c129.o
    0x00002f04   0x00002f04   0x00000028   Code   RO          410    .text               system_tm4c129.o
    0x00002f2c   0x00002f2c   0x00000008   Code   RO         3911    .text               c_w.l(libspace.o)
    0x00002f34   0x00002f34   0x000000ee   Code   RO         3914    .text               c_w.l(lludivv7m.o)
    0x00003022   0x00003022   0x00000048   Code   RO         3916    .text               c_w.l(llsdiv.o)
    0x0000306a   0x0000306a   0x00000012   Code   RO         3918    .text               c_w.l(exit.o)
    0x0000307c   0x0000307c   0x00000006   Code   RO         3922    .text               c_w.l(heapauxi.o)
    0x00003082   0x00003082   0x00000002   PAD
    0x00003084   0x00003084   0x0000000c   Code   RO         3957    .text               c_w.l(sys_exit.o)
    0x00003090   0x00003090   0x0000004a   Code   RO         3959    .text               c_w.l(sys_stackheap_outer.o)
    0x000030da   0x000030da   0x00000002   Code   RO         3973    .text               c_w.l(use_no_semi.o)
    0x000030dc   0x000030dc   0x00000000   Code   RO         3975    .text               c_w.l(indicate_semi.o)
    0x000030dc   0x000030dc   0x00000004   Code   RO         3906    SVC_TABLE           RTX_CM4.lib(svc_table.o)
    0x000030e0   0x000030e0   0x0000000a   Code   RO          448    i.ADCIntClear       driverlib.lib(adc.o)
    0x000030ea   0x000030ea   0x00000034   Code   RO          455    i.ADCIntStatus      driverlib.lib(adc.o)
    0x0000311e   0x0000311e   0x0000001a   Code   RO          460    i.ADCProcessorTrigger  driverlib.lib(adc.o)
    0x00003138   0x00003138   0x00000060   Code   RO          463    i.ADCSequenceConfigure  driverlib.lib(adc.o)
    0x00003198   0x00003198   0x00000024   Code   RO          466    i.ADCSequenceDataGet  driverlib.lib(adc.o)
    0x000031bc   0x000031bc   0x0000000e   Code   RO          468    i.ADCSequenceEnable  driverlib.lib(adc.o)
    0x000031ca   0x000031ca   0x0000009a   Code   RO          471    i.ADCSequenceStepConfigure  driverlib.lib(adc.o)
    0x00003264   0x00003264   0x00000028   Code   RO          720    i.GPIODirModeSet    driverlib.lib(gpio.o)
    0x0000328c   0x0000328c   0x00000138   Code   RO          732    i.GPIOPadConfigSet  driverlib.lib(gpio.o)
    0x000033c4   0x000033c4   0x00000044   Code   RO          733    i.GPIOPinConfigure  driverlib.lib(gpio.o)
    0x00003408   0x00003408   0x00000006   Code   RO          734    i.GPIOPinRead       driverlib.lib(gpio.o)
    0x0000340e   0x0000340e   0x0000001c   Code   RO          735    i.GPIOPinTypeADC    driverlib.lib(gpio.o)
    0x0000342a   0x0000342a   0x0000001c   Code   RO          743    i.GPIOPinTypeGPIOInput  driverlib.lib(gpio.o)
    0x00003446   0x00003446   0x0000001c   Code   RO          747    i.GPIOPinTypeI2C    driverlib.lib(gpio.o)
    0x00003462   0x00003462   0x0000001c   Code   RO          748    i.GPIOPinTypeI2CSCL  driverlib.lib(gpio.o)
    0x0000347e   0x0000347e   0x0000001c   Code   RO          751    i.GPIOPinTypePWM    driverlib.lib(gpio.o)
    0x0000349a   0x0000349a   0x0000001c   Code   RO          754    i.GPIOPinTypeTimer  driverlib.lib(gpio.o)
    0x000034b6   0x000034b6   0x00000006   Code   RO         2378    i.GrContextFontSet  grlib.lib(string.o)
    0x000034bc   0x000034bc   0x00000064   Code   RO         2299    i.GrContextInit     grlib.lib(context.o)
    0x00003520   0x00003520   0x00000118   Code   RO         2379    i.GrDefaultStringRenderer  grlib.lib(string.o)
    0x00003638   0x00003638   0x0000002c   Code   RO         2380    i.GrFontBaselineGet  grlib.lib(string.o)
    0x00003664   0x00003664   0x000000a6   Code   RO         2383    i.GrFontGlyphDataGet  grlib.lib(string.o)
    0x0000370a   0x0000370a   0x00000288   Code   RO         2384    i.GrFontGlyphRender  grlib.lib(string.o)
    0x00003992   0x00003992   0x00000008   Code   RO         3261    i.GrMapISO8859_1_Unicode  grlib.lib(charmap.o)
    0x0000399a   0x0000399a   0x000000b4   Code   RO         2348    i.GrRectFill        grlib.lib(rectangle.o)
    0x00003a4e   0x00003a4e   0x00000020   Code   RO         2390    i.GrStringDraw      grlib.lib(string.o)
    0x00003a6e   0x00003a6e   0x000000c0   Code   RO         2395    i.GrStringWidthGet  grlib.lib(string.o)
    0x00003b2e   0x00003b2e   0x00000002   PAD
    0x00003b30   0x00003b30   0x00000060   Code   RO         1027    i.I2CIntRegister    driverlib.lib(i2c.o)
    0x00003b90   0x00003b90   0x00000004   Code   RO         1031    i.I2CMasterBurstLengthSet  driverlib.lib(i2c.o)
    0x00003b94   0x00003b94   0x0000000c   Code   RO         1032    i.I2CMasterBusBusy  driverlib.lib(i2c.o)
    0x00003ba0   0x00003ba0   0x0000000c   Code   RO         1033    i.I2CMasterBusy     driverlib.lib(i2c.o)
    0x00003bac   0x00003bac   0x00000004   Code   RO         1034    i.I2CMasterControl  driverlib.lib(i2c.o)
    0x00003bb0   0x00003bb0   0x00000004   Code   RO         1035    i.I2CMasterDataGet  driverlib.lib(i2c.o)
    0x00003bb4   0x00003bb4   0x00000004   Code   RO         1036    i.I2CMasterDataPut  driverlib.lib(i2c.o)
    0x00003bb8   0x00003bb8   0x0000000a   Code   RO         1038    i.I2CMasterEnable   driverlib.lib(i2c.o)
    0x00003bc2   0x00003bc2   0x00000018   Code   RO         1039    i.I2CMasterErr      driverlib.lib(i2c.o)
    0x00003bda   0x00003bda   0x00000002   PAD
    0x00003bdc   0x00003bdc   0x00000054   Code   RO         1040    i.I2CMasterGlitchFilterConfigSet  driverlib.lib(i2c.o)
    0x00003c30   0x00003c30   0x00000054   Code   RO         1041    i.I2CMasterInitExpClk  driverlib.lib(i2c.o)
    0x00003c84   0x00003c84   0x00000008   Code   RO         1042    i.I2CMasterIntClear  driverlib.lib(i2c.o)
    0x00003c8c   0x00003c8c   0x00000004   Code   RO         1043    i.I2CMasterIntClearEx  driverlib.lib(i2c.o)
    0x00003c90   0x00003c90   0x00000008   Code   RO         1047    i.I2CMasterIntEnableEx  driverlib.lib(i2c.o)
    0x00003c98   0x00003c98   0x00000008   Code   RO         1051    i.I2CMasterSlaveAddrSet  driverlib.lib(i2c.o)
    0x00003ca0   0x00003ca0   0x00000004   Code   RO         1052    i.I2CMasterTimeoutSet  driverlib.lib(i2c.o)
    0x00003ca4   0x00003ca4   0x00000064   Code   RO         1360    i.IntEnable         driverlib.lib(interrupt.o)
    0x00003d08   0x00003d08   0x00000034   Code   RO         1372    i.IntRegister       driverlib.lib(interrupt.o)
    0x00003d3c   0x00003d3c   0x00000014   Code   RO         1476    i.PWMClockSet       driverlib.lib(pwm.o)
    0x00003d50   0x00003d50   0x00000026   Code   RO         1483    i.PWMGenConfigure   driverlib.lib(pwm.o)
    0x00003d76   0x00003d76   0x0000000a   Code   RO         1484    i.PWMGenDisable     driverlib.lib(pwm.o)
    0x00003d80   0x00003d80   0x0000000a   Code   RO         1485    i.PWMGenEnable      driverlib.lib(pwm.o)
    0x00003d8a   0x00003d8a   0x00000012   Code   RO         1497    i.PWMGenPeriodGet   driverlib.lib(pwm.o)
    0x00003d9c   0x00003d9c   0x00000012   Code   RO         1498    i.PWMGenPeriodSet   driverlib.lib(pwm.o)
    0x00003dae   0x00003dae   0x00000010   Code   RO         1505    i.PWMOutputState    driverlib.lib(pwm.o)
    0x00003dbe   0x00003dbe   0x00000020   Code   RO         1508    i.PWMPulseWidthSet  driverlib.lib(pwm.o)
    0x00003dde   0x00003dde   0x00000002   PAD
    0x00003de0   0x00003de0   0x000002ec   Code   RO         1710    i.SysCtlClockFreqSet  driverlib.lib(sysctl.o)
    0x000040cc   0x000040cc   0x00000028   Code   RO         1742    i.SysCtlPeripheralEnable  driverlib.lib(sysctl.o)
    0x000040f4   0x000040f4   0x0000002c   Code   RO         1746    i.SysCtlPeripheralReady  driverlib.lib(sysctl.o)
    0x00004120   0x00004120   0x0000003c   Code   RO         1747    i.SysCtlPeripheralReset  driverlib.lib(sysctl.o)
    0x0000415c   0x0000415c   0x00000006   Code   RO         2059    i.TimerClockSourceSet  driverlib.lib(timer.o)
    0x00004162   0x00004162   0x00000002   PAD
    0x00004164   0x00004164   0x00000060   Code   RO         2060    i.TimerConfigure    driverlib.lib(timer.o)
    0x000041c4   0x000041c4   0x00000016   Code   RO         2062    i.TimerControlLevel  driverlib.lib(timer.o)
    0x000041da   0x000041da   0x0000000e   Code   RO         2069    i.TimerEnable       driverlib.lib(timer.o)
    0x000041e8   0x000041e8   0x00000012   Code   RO         2078    i.TimerLoadSet      driverlib.lib(timer.o)
    0x000041fa   0x000041fa   0x00000012   Code   RO         2082    i.TimerMatchSet     driverlib.lib(timer.o)
    0x0000420c   0x0000420c   0x00000012   Code   RO         2087    i.TimerPrescaleSet  driverlib.lib(timer.o)
    0x0000421e   0x0000421e   0x0000002a   Code   RO         2091    i.TimerUpdateMode   driverlib.lib(timer.o)
    0x00004248   0x00004248   0x0000006c   Code   RO         2396    i.UpdateContextCharMapping  grlib.lib(string.o)
    0x000042b4   0x000042b4   0x00000046   Code   RO         3769    i._init_box         RTX_CM4.lib(rt_membox.o)
    0x000042fa   0x000042fa   0x00000002   PAD
    0x000042fc   0x000042fc   0x00000030   Code   RO         3822    i.dbg_init          RTX_CM4.lib(hal_cm.o)
    0x0000432c   0x0000432c   0x00000020   Code   RO         3823    i.dbg_task_notify   RTX_CM4.lib(hal_cm.o)
    0x0000434c   0x0000434c   0x00000010   Code   RO         3824    i.dbg_task_switch   RTX_CM4.lib(hal_cm.o)
    0x0000435c   0x0000435c   0x0000002a   Code   RO         2508    i.isrMessageGet     RTX_CM4.lib(rt_cmsis.o)
    0x00004386   0x00004386   0x0000002c   Code   RO         2509    i.isrMessagePut     RTX_CM4.lib(rt_cmsis.o)
    0x000043b2   0x000043b2   0x00000024   Code   RO         2511    i.isrSignalSet      RTX_CM4.lib(rt_cmsis.o)
    0x000043d6   0x000043d6   0x00000002   PAD
    0x000043d8   0x000043d8   0x00000028   Code   RO         3527    i.isr_evt_set       RTX_CM4.lib(rt_event.o)
    0x00004400   0x00004400   0x00000056   Code   RO         3645    i.isr_mbx_receive   RTX_CM4.lib(rt_mailbox.o)
    0x00004456   0x00004456   0x0000000e   Code   RO         3646    i.isr_mbx_send      RTX_CM4.lib(rt_mailbox.o)
    0x00004464   0x00004464   0x00000018   Code   RO         2512    i.osDelay           RTX_CM4.lib(rt_cmsis.o)
    0x0000447c   0x0000447c   0x00000024   Code   RO         2513    i.osKernelInitialize  RTX_CM4.lib(rt_cmsis.o)
    0x000044a0   0x000044a0   0x0000006c   Code   RO         2515    i.osKernelStart     RTX_CM4.lib(rt_cmsis.o)
    0x0000450c   0x0000450c   0x00000018   Code   RO         2524    i.osMessageGet      RTX_CM4.lib(rt_cmsis.o)
    0x00004524   0x00004524   0x00000018   Code   RO         2539    i.osSignalSet       RTX_CM4.lib(rt_cmsis.o)
    0x0000453c   0x0000453c   0x00000018   Code   RO         2540    i.osSignalWait      RTX_CM4.lib(rt_cmsis.o)
    0x00004554   0x00004554   0x0000002c   Code   RO         2541    i.osThreadCreate    RTX_CM4.lib(rt_cmsis.o)
    0x00004580   0x00004580   0x00000018   Code   RO         2542    i.osThreadExit      RTX_CM4.lib(rt_cmsis.o)
    0x00004598   0x00004598   0x0000000c   Code   RO         2548    i.osTimerCall       RTX_CM4.lib(rt_cmsis.o)
    0x000045a4   0x000045a4   0x0000002c   Code   RO         2553    i.osTimerThread     RTX_CM4.lib(rt_cmsis.o)
    0x000045d0   0x000045d0   0x00000028   Code   RO         3437    i.os_tick_init      RTX_CM4.lib(rt_system.o)
    0x000045f8   0x000045f8   0x00000002   Code   RO         3438    i.os_tick_irqack    RTX_CM4.lib(rt_system.o)
    0x000045fa   0x000045fa   0x0000001a   Code   RO         3770    i.rt_alloc_box      RTX_CM4.lib(rt_membox.o)
    0x00004614   0x00004614   0x0000003e   Code   RO         3798    i.rt_alloc_mem      RTX_CM4.lib(rt_memory.o)
    0x00004652   0x00004652   0x00000002   PAD
    0x00004654   0x00004654   0x00000038   Code   RO         3127    i.rt_block          RTX_CM4.lib(rt_task.o)
    0x0000468c   0x0000468c   0x00000070   Code   RO         3569    i.rt_dec_dly        RTX_CM4.lib(rt_list.o)
    0x000046fc   0x000046fc   0x00000044   Code   RO         3128    i.rt_dispatch       RTX_CM4.lib(rt_task.o)
    0x00004740   0x00004740   0x00000006   Code   RO         3735    i.rt_dly_wait       RTX_CM4.lib(rt_time.o)
    0x00004746   0x00004746   0x00000002   PAD
    0x00004748   0x00004748   0x00000050   Code   RO         3530    i.rt_evt_psh        RTX_CM4.lib(rt_event.o)
    0x00004798   0x00004798   0x0000005c   Code   RO         3531    i.rt_evt_set        RTX_CM4.lib(rt_event.o)
    0x000047f4   0x000047f4   0x0000003c   Code   RO         3532    i.rt_evt_wait       RTX_CM4.lib(rt_event.o)
    0x00004830   0x00004830   0x0000002c   Code   RO         3771    i.rt_free_box       RTX_CM4.lib(rt_membox.o)
    0x0000485c   0x0000485c   0x00000028   Code   RO         3799    i.rt_free_mem       RTX_CM4.lib(rt_memory.o)
    0x00004884   0x00004884   0x00000028   Code   RO         3570    i.rt_get_first      RTX_CM4.lib(rt_list.o)
    0x000048ac   0x000048ac   0x00000008   Code   RO         2558    i.rt_id2obj         RTX_CM4.lib(rt_cmsis.o)
    0x000048b4   0x000048b4   0x00000048   Code   RO         3129    i.rt_init_context   RTX_CM4.lib(rt_task.o)
    0x000048fc   0x000048fc   0x0000001a   Code   RO         3800    i.rt_init_mem       RTX_CM4.lib(rt_memory.o)
    0x00004916   0x00004916   0x00000002   PAD
    0x00004918   0x00004918   0x00000080   Code   RO         3825    i.rt_init_stack     RTX_CM4.lib(hal_cm.o)
    0x00004998   0x00004998   0x00000008   Code   RO         3647    i.rt_mbx_check      RTX_CM4.lib(rt_mailbox.o)
    0x000049a0   0x000049a0   0x0000001a   Code   RO         3648    i.rt_mbx_init       RTX_CM4.lib(rt_mailbox.o)
    0x000049ba   0x000049ba   0x00000002   PAD
    0x000049bc   0x000049bc   0x000000f0   Code   RO         3649    i.rt_mbx_psh        RTX_CM4.lib(rt_mailbox.o)
    0x00004aac   0x00004aac   0x000000b4   Code   RO         3651    i.rt_mbx_wait       RTX_CM4.lib(rt_mailbox.o)
    0x00004b60   0x00004b60   0x00000044   Code   RO         2559    i.rt_ms2tick        RTX_CM4.lib(rt_cmsis.o)
    0x00004ba4   0x00004ba4   0x00000010   Code   RO         3212    i.rt_mut_init       RTX_CM4.lib(rt_mutex.o)
    0x00004bb4   0x00004bb4   0x000000d8   Code   RO         3213    i.rt_mut_release    RTX_CM4.lib(rt_mutex.o)
    0x00004c8c   0x00004c8c   0x00000078   Code   RO         3214    i.rt_mut_wait       RTX_CM4.lib(rt_mutex.o)
    0x00004d04   0x00004d04   0x0000007c   Code   RO         3441    i.rt_pop_req        RTX_CM4.lib(rt_system.o)
    0x00004d80   0x00004d80   0x00000020   Code   RO         3442    i.rt_psh_req        RTX_CM4.lib(rt_system.o)
    0x00004da0   0x00004da0   0x0000005c   Code   RO         3572    i.rt_psq_enq        RTX_CM4.lib(rt_list.o)
    0x00004dfc   0x00004dfc   0x00000048   Code   RO         3573    i.rt_put_dly        RTX_CM4.lib(rt_list.o)
    0x00004e44   0x00004e44   0x00000036   Code   RO         3574    i.rt_put_prio       RTX_CM4.lib(rt_list.o)
    0x00004e7a   0x00004e7a   0x00000002   PAD
    0x00004e7c   0x00004e7c   0x00000014   Code   RO         3575    i.rt_put_rdy_first  RTX_CM4.lib(rt_list.o)
    0x00004e90   0x00004e90   0x00000034   Code   RO         3576    i.rt_resort_prio    RTX_CM4.lib(rt_list.o)
    0x00004ec4   0x00004ec4   0x00000010   Code   RO         3826    i.rt_ret_regs       RTX_CM4.lib(hal_cm.o)
    0x00004ed4   0x00004ed4   0x0000000c   Code   RO         3827    i.rt_ret_val        RTX_CM4.lib(hal_cm.o)
    0x00004ee0   0x00004ee0   0x00000010   Code   RO         3828    i.rt_ret_val2       RTX_CM4.lib(hal_cm.o)
    0x00004ef0   0x00004ef0   0x00000028   Code   RO         3577    i.rt_rmv_dly        RTX_CM4.lib(rt_list.o)
    0x00004f18   0x00004f18   0x00000030   Code   RO         3578    i.rt_rmv_list       RTX_CM4.lib(rt_list.o)
    0x00004f48   0x00004f48   0x00000034   Code   RO         3696    i.rt_sem_psh        RTX_CM4.lib(rt_semaphore.o)
    0x00004f7c   0x00004f7c   0x00000024   Code   RO         3444    i.rt_stk_check      RTX_CM4.lib(rt_system.o)
    0x00004fa0   0x00004fa0   0x00000028   Code   RO         3130    i.rt_switch_req     RTX_CM4.lib(rt_task.o)
    0x00004fc8   0x00004fc8   0x000000cc   Code   RO         3131    i.rt_sys_init       RTX_CM4.lib(rt_task.o)
    0x00005094   0x00005094   0x00000078   Code   RO         3132    i.rt_sys_start      RTX_CM4.lib(rt_task.o)
    0x0000510c   0x0000510c   0x00000040   Code   RO         3446    i.rt_systick        RTX_CM4.lib(rt_system.o)
    0x0000514c   0x0000514c   0x00000012   Code   RO         2560    i.rt_tid2ptcb       RTX_CM4.lib(rt_cmsis.o)
    0x0000515e   0x0000515e   0x00000002   PAD
    0x00005160   0x00005160   0x00000034   Code   RO         2561    i.rt_timer_insert   RTX_CM4.lib(rt_cmsis.o)
    0x00005194   0x00005194   0x00000088   Code   RO         3133    i.rt_tsk_create     RTX_CM4.lib(rt_task.o)
    0x0000521c   0x0000521c   0x0000017c   Code   RO         3134    i.rt_tsk_delete     RTX_CM4.lib(rt_task.o)
    0x00005398   0x00005398   0x0000007c   Code   RO         3136    i.rt_tsk_prio       RTX_CM4.lib(rt_task.o)
    0x00005414   0x00005414   0x00000010   Code   RO         3137    i.rt_tsk_self       RTX_CM4.lib(rt_task.o)
    0x00005424   0x00005424   0x00000012   Code   RO         2563    i.svcDelay          RTX_CM4.lib(rt_cmsis.o)
    0x00005436   0x00005436   0x00000002   PAD
    0x00005438   0x00005438   0x00000070   Code   RO         2564    i.svcKernelInitialize  RTX_CM4.lib(rt_cmsis.o)
    0x000054a8   0x000054a8   0x00000048   Code   RO         2566    i.svcKernelStart    RTX_CM4.lib(rt_cmsis.o)
    0x000054f0   0x000054f0   0x00000024   Code   RO         2569    i.svcMessageCreate  RTX_CM4.lib(rt_cmsis.o)
    0x00005514   0x00005514   0x0000003a   Code   RO         2570    i.svcMessageGet     RTX_CM4.lib(rt_cmsis.o)
    0x0000554e   0x0000554e   0x00000024   Code   RO         2582    i.svcSignalSet      RTX_CM4.lib(rt_cmsis.o)
    0x00005572   0x00005572   0x00000002   PAD
    0x00005574   0x00005574   0x00000054   Code   RO         2583    i.svcSignalWait     RTX_CM4.lib(rt_cmsis.o)
    0x000055c8   0x000055c8   0x0000006c   Code   RO         2584    i.svcThreadCreate   RTX_CM4.lib(rt_cmsis.o)
    0x00005634   0x00005634   0x0000001c   Code   RO         2585    i.svcThreadGetId    RTX_CM4.lib(rt_cmsis.o)
    0x00005650   0x00005650   0x00000038   Code   RO         2588    i.svcThreadTerminate  RTX_CM4.lib(rt_cmsis.o)
    0x00005688   0x00005688   0x00000018   Code   RO         2590    i.svcTimerCall      RTX_CM4.lib(rt_cmsis.o)
    0x000056a0   0x000056a0   0x0000005c   Code   RO         2599    i.sysTimerTick      RTX_CM4.lib(rt_cmsis.o)
    0x000056fc   0x000056fc   0x0000000a   Code   RO         4049    x$fpl$fpinit        fz_wm.l(fpinit.o)
    0x00005706   0x00005706   0x00000002   PAD
    0x00005708   0x00005708   0x00000010   Data   RO            5    .constdata          led.o
    0x00005718   0x00005718   0x00000070   Data   RO           62    .constdata          blinky.o
    0x00005788   0x00005788   0x00000040   Data   RO          218    .constdata          cfaf128x128x16.o
    0x000057c8   0x000057c8   0x00000068   Data   RO          340    .constdata          rtx_conf_cm.o
    0x00005830   0x00005830   0x00000228   Data   RO          764    .constdata          driverlib.lib(gpio.o)
    0x00005a58   0x00005a58   0x00000080   Data   RO         1076    .constdata          driverlib.lib(i2c.o)
    0x00005ad8   0x00005ad8   0x0000010c   Data   RO         1376    .constdata          driverlib.lib(interrupt.o)
    0x00005be4   0x00005be4   0x00000254   Data   RO         1764    .constdata          driverlib.lib(sysctl.o)
    0x00005e38   0x00005e38   0x00000010   Data   RO         2301    .constdata          grlib.lib(context.o)
    0x00005e48   0x00005e48   0x000002f8   Data   RO         2333    .constdata          grlib.lib(fontfixed6x8.o)
    0x00006140   0x00006140   0x000000c8   Data   RO         2334    .constdata          grlib.lib(fontfixed6x8.o)
    0x00006208   0x00006208   0x00000025   Data   RO           63    .conststring        blinky.o
    0x0000622d   0x0000622d   0x00000003   PAD
    0x00006230   0x00006230   0x00000020   Data   RO         4083    Region$$Table       anon$$obj.o


    Execution Region RW_IRAM1 (Exec base: 0x20000000, Load base: 0x00006250, Size: 0x00002d10, Max: 0x00040000, ABSOLUTE, COMPRESSED[0x00000020])

    Exec Addr    Load Addr    Size         Type   Attr      Idx    E Section Name        Object

    0x20000000   COMPRESSED   0x0000003c   Data   RW           64    .data               blinky.o
    0x2000003c   COMPRESSED   0x00000008   Data   RW          152    .data               buzzer.o
    0x20000044   COMPRESSED   0x00000005   Data   RW          219    .data               cfaf128x128x16.o
    0x20000049   COMPRESSED   0x00000003   PAD
    0x2000004c   COMPRESSED   0x0000000f   Data   RW          264    .data               opt.o
    0x2000005b   COMPRESSED   0x00000001   PAD
    0x2000005c   COMPRESSED   0x00000007   Data   RW          293    .data               rgb.o
    0x20000063   COMPRESSED   0x00000001   PAD
    0x20000064   COMPRESSED   0x00000008   Data   RW          307    .data               servo.o
    0x2000006c   COMPRESSED   0x0000000b   Data   RW          324    .data               temp.o
    0x20000077   COMPRESSED   0x00000001   PAD
    0x20000078   COMPRESSED   0x00000014   Data   RW          341    .data               rtx_conf_cm.o
    0x2000008c   COMPRESSED   0x00000004   Data   RW          411    .data               system_tm4c129.o
    0x20000090   COMPRESSED   0x00000004   Data   RW         2302    .data               grlib.lib(context.o)
    0x20000094   COMPRESSED   0x00000008   Data   RW         2602    .data               RTX_CM4.lib(rt_cmsis.o)
    0x2000009c   COMPRESSED   0x00000008   Data   RW         3139    .data               RTX_CM4.lib(rt_task.o)
    0x200000a4   COMPRESSED   0x00000008   Data   RW         3449    .data               RTX_CM4.lib(rt_system.o)
    0x200000ac   COMPRESSED   0x00000004   Data   RW         3739    .data               RTX_CM4.lib(rt_time.o)
    0x200000b0   COMPRESSED   0x00000001   Data   RW         3829    .data               RTX_CM4.lib(hal_cm.o)
    0x200000b1   COMPRESSED   0x0000034f   PAD
    0x20000400   COMPRESSED   0x0000026c   Data   RW         1377    vtable              driverlib.lib(interrupt.o)
    0x2000066c        -       0x00000036   Zero   RW           61    .bss                blinky.o
    0x200006a2   COMPRESSED   0x00000006   PAD
    0x200006a8        -       0x000023a0   Zero   RW          339    .bss                rtx_conf_cm.o
    0x20002a48        -       0x00000034   Zero   RW         3138    .bss                RTX_CM4.lib(rt_task.o)
    0x20002a7c        -       0x00000030   Zero   RW         3579    .bss                RTX_CM4.lib(rt_list.o)
    0x20002aac        -       0x00000060   Zero   RW         3912    .bss                c_w.l(libspace.o)
    0x20002b0c   COMPRESSED   0x00000004   PAD
    0x20002b10        -       0x00000000   Zero   RW          401    HEAP                startup_tm4c129.o
    0x20002b10        -       0x00000200   Zero   RW          400    STACK               startup_tm4c129.o


==============================================================================

Image component sizes


      Code (inc. data)   RO Data    RW Data    ZI Data      Debug   Object Name

       180         16          0          0          0       1240   accel.o
      2908        196        149         60         54      37049   blinky.o
        88         10          0          0          0        848   buttons.o
       260         42          0          8          0       1283   buzzer.o
      2208         98         64          5          0      11002   cfaf128x128x16.o
       220         20          0          0          0       1272   joy.o
       388         32         16          0          0       6299   led.o
       152         16          0          0          0        944   mic.o
      1596         92          0         15          0       4692   opt.o
       644         54          0          7          0       1905   rgb.o
       204         36        104         20       9120       9316   rtx_conf_cm.o
       264         44          0          8          0        985   servo.o
       300         22        512          0        512       6044   startup_tm4c129.o
        40         12          0          4          0        909   system_tm4c129.o
      1496         78          0         11          0       4752   temp.o

    ----------------------------------------------------------------------
     10948        768        880        144       9692      88540   Object Totals
         0          0         32          0          0          0   (incl. Generated)
         0          0          3          6          6          0   (incl. Padding)

    ----------------------------------------------------------------------

      Code (inc. data)   RO Data    RW Data    ZI Data      Debug   Library Member Name

       268         24          0          1          0       4524   hal_cm.o
       408         34          0          0          0        824   hal_cm4.o
      1356        160          0          8          0      39206   rt_cmsis.o
       272         18          0          0          0       2842   rt_event.o
       530         34          0          0         48       8685   rt_list.o
       554         10          0          0          0       4237   rt_mailbox.o
       140          0          0          0          0       2069   rt_membox.o
       128          0          0          0          0       2451   rt_memory.o
       352         14          0          0          0       2249   rt_mutex.o
        52          4          0          0          0        621   rt_semaphore.o
       298         52          0          8          0       6511   rt_system.o
      1216        174          0          8         52      10129   rt_task.o
         6          0          0          4          0        700   rt_time.o
         4          4          0          0          0        208   svc_table.o
        58          0          0          0          0          0   __dczerorl.o
         8          0          0          0          0         68   __main.o
         0          0          0          0          0          0   __rtentry.o
        20          0          0          0          0          0   __rtentry2.o
         6          0          0          0          0          0   __rtentry4.o
        52          8          0          0          0          0   __scatter.o
        28          0          0          0          0          0   __scatter_zi.o
        18          0          0          0          0         80   exit.o
         6          0          0          0          0        152   heapauxi.o
         0          0          0          0          0          0   indicate_semi.o
         2          0          0          0          0          0   libinit.o
         6          0          0          0          0          0   libinit2.o
         2          0          0          0          0          0   libshutdown.o
         2          0          0          0          0          0   libshutdown2.o
         8          4          0          0         96         68   libspace.o
        72          0          0          0          0         76   llsdiv.o
       238          0          0          0          0        100   lludivv7m.o
         2          0          0          0          0          0   rtexit.o
        10          0          0          0          0          0   rtexit2.o
        12          4          0          0          0         68   sys_exit.o
        74          0          0          0          0         80   sys_stackheap_outer.o
         2          0          0          0          0         68   use_no_semi.o
       388          0          0          0          0       8646   adc.o
       594          8        552          0          0       7474   gpio.o
       370         38        128          0          0      10237   i2c.o
       152         16        268        620          0       2270   interrupt.o
       162          0          0          0          0       4503   pwm.o
       898         54        596          0          0       6406   sysctl.o
       234          8          0          0          0       4721   timer.o
        10          0          0          0          0        116   fpinit.o
         8          0          0          0          0       1482   charmap.o
       100         12         16          4          0      26419   context.o
         0          0        960          0          0      25646   fontfixed6x8.o
       180          0          0          0          0       1482   rectangle.o
      1476          0          0          0          0      11190   string.o

    ----------------------------------------------------------------------
     10820        680       2520       1500        200     196608   Library Totals
        38          0          0        847          4          0   (incl. Padding)

    ----------------------------------------------------------------------

      Code (inc. data)   RO Data    RW Data    ZI Data      Debug   Library Name

      5584        528          0         29        100      85256   RTX_CM4.lib
       626         16          0          0         96        760   c_w.l
      2798        124       1544        620          0      44257   driverlib.lib
        10          0          0          0          0        116   fz_wm.l
      1764         12        976          4          0      66219   grlib.lib

    ----------------------------------------------------------------------
     10820        680       2520       1500        200     196608   Library Totals

    ----------------------------------------------------------------------

==============================================================================


      Code (inc. data)   RO Data    RW Data    ZI Data      Debug   

     21768       1448       3400       1644       9892     268688   Grand Totals
     21768       1448       3400         32       9892     268688   ELF Image Totals (compressed)
     21768       1448       3400         32          0          0   ROM Totals

==============================================================================

    Total RO  Size (Code + RO Data)                25168 (  24.58kB)
    Total RW  Size (RW Data + ZI Data)             11536 (  11.27kB)
    Total ROM Size (Code + RO Data + RW Data)      25200 (  24.61kB)

==============================================================================

