<!doctype html public "-//w3c//dtd html 4.0 transitional//en">
<html><head>
<title>Static Call Graph - [.\Flash\base_project.axf]</title></head>
<body><HR>
<H1>Static Call Graph for image .\Flash\base_project.axf</H1><HR>
<BR><P>#&#060CALLGRAPH&#062# ARM Linker, 5060528: Last Updated: Mon Dec 11 23:44:44 2017
<BR><P>
<H3>Maximum Stack Usage =        160 bytes + Unknown(Functions without stacksize, Cycles, Untraceable Function Pointers)</H3><H3>
Call chain for Maximum Stack Depth:</H3>
t_rgb &rArr; thread_status &rArr; fill_circle &rArr; GrCircleFill &rArr; GrLineDrawH
<P>
<H3>
Functions with no stack information
</H3><UL>
 <LI><a href="#[172]">__user_initial_stackheap</a>
</UL>
</UL>
<P>
<H3>
Mutually Recursive functions
</H3> <LI><a href="#[a6]">os_error</a>&nbsp;&nbsp;&nbsp;&rArr;&nbsp;&nbsp;&nbsp;<a href="#[a6]">os_error</a><BR>
 <LI><a href="#[7a]">rt_alloc_box</a>&nbsp;&nbsp;&nbsp;&rArr;&nbsp;&nbsp;&nbsp;<a href="#[7a]">rt_alloc_box</a><BR>
 <LI><a href="#[bf]">SysCtlDelay</a>&nbsp;&nbsp;&nbsp;&rArr;&nbsp;&nbsp;&nbsp;<a href="#[bf]">SysCtlDelay</a><BR>
 <LI><a href="#[92]">os_idle_demon</a>&nbsp;&nbsp;&nbsp;&rArr;&nbsp;&nbsp;&nbsp;<a href="#[92]">os_idle_demon</a><BR>
 <LI><a href="#[4]">NMI_Handler</a>&nbsp;&nbsp;&nbsp;&rArr;&nbsp;&nbsp;&nbsp;<a href="#[4]">NMI_Handler</a><BR>
 <LI><a href="#[5]">HardFault_Handler</a>&nbsp;&nbsp;&nbsp;&rArr;&nbsp;&nbsp;&nbsp;<a href="#[5]">HardFault_Handler</a><BR>
 <LI><a href="#[6]">MemManage_Handler</a>&nbsp;&nbsp;&nbsp;&rArr;&nbsp;&nbsp;&nbsp;<a href="#[6]">MemManage_Handler</a><BR>
 <LI><a href="#[7]">BusFault_Handler</a>&nbsp;&nbsp;&nbsp;&rArr;&nbsp;&nbsp;&nbsp;<a href="#[7]">BusFault_Handler</a><BR>
 <LI><a href="#[8]">UsageFault_Handler</a>&nbsp;&nbsp;&nbsp;&rArr;&nbsp;&nbsp;&nbsp;<a href="#[8]">UsageFault_Handler</a><BR>
 <LI><a href="#[a]">DebugMon_Handler</a>&nbsp;&nbsp;&nbsp;&rArr;&nbsp;&nbsp;&nbsp;<a href="#[a]">DebugMon_Handler</a><BR>
 <LI><a href="#[d]">GPIOA_Handler</a>&nbsp;&nbsp;&nbsp;&rArr;&nbsp;&nbsp;&nbsp;<a href="#[d]">GPIOA_Handler</a><BR>
 <LI><a href="#[e]">GPIOB_Handler</a>&nbsp;&nbsp;&nbsp;&rArr;&nbsp;&nbsp;&nbsp;<a href="#[e]">GPIOB_Handler</a><BR>
 <LI><a href="#[f]">GPIOC_Handler</a>&nbsp;&nbsp;&nbsp;&rArr;&nbsp;&nbsp;&nbsp;<a href="#[f]">GPIOC_Handler</a><BR>
 <LI><a href="#[10]">GPIOD_Handler</a>&nbsp;&nbsp;&nbsp;&rArr;&nbsp;&nbsp;&nbsp;<a href="#[10]">GPIOD_Handler</a><BR>
 <LI><a href="#[11]">GPIOE_Handler</a>&nbsp;&nbsp;&nbsp;&rArr;&nbsp;&nbsp;&nbsp;<a href="#[11]">GPIOE_Handler</a><BR>
 <LI><a href="#[12]">UART0_Handler</a>&nbsp;&nbsp;&nbsp;&rArr;&nbsp;&nbsp;&nbsp;<a href="#[12]">UART0_Handler</a><BR>
 <LI><a href="#[13]">UART1_Handler</a>&nbsp;&nbsp;&nbsp;&rArr;&nbsp;&nbsp;&nbsp;<a href="#[13]">UART1_Handler</a><BR>
 <LI><a href="#[14]">SSI0_Handler</a>&nbsp;&nbsp;&nbsp;&rArr;&nbsp;&nbsp;&nbsp;<a href="#[14]">SSI0_Handler</a><BR>
 <LI><a href="#[15]">I2C0_Handler</a>&nbsp;&nbsp;&nbsp;&rArr;&nbsp;&nbsp;&nbsp;<a href="#[15]">I2C0_Handler</a><BR>
 <LI><a href="#[16]">PMW0_FAULT_Handler</a>&nbsp;&nbsp;&nbsp;&rArr;&nbsp;&nbsp;&nbsp;<a href="#[16]">PMW0_FAULT_Handler</a><BR>
 <LI><a href="#[17]">PWM0_0_Handler</a>&nbsp;&nbsp;&nbsp;&rArr;&nbsp;&nbsp;&nbsp;<a href="#[17]">PWM0_0_Handler</a><BR>
 <LI><a href="#[18]">PWM0_1_Handler</a>&nbsp;&nbsp;&nbsp;&rArr;&nbsp;&nbsp;&nbsp;<a href="#[18]">PWM0_1_Handler</a><BR>
 <LI><a href="#[19]">PWM0_2_Handler</a>&nbsp;&nbsp;&nbsp;&rArr;&nbsp;&nbsp;&nbsp;<a href="#[19]">PWM0_2_Handler</a><BR>
 <LI><a href="#[1a]">QEI0_Handler</a>&nbsp;&nbsp;&nbsp;&rArr;&nbsp;&nbsp;&nbsp;<a href="#[1a]">QEI0_Handler</a><BR>
 <LI><a href="#[1b]">ADC0SS0_Handler</a>&nbsp;&nbsp;&nbsp;&rArr;&nbsp;&nbsp;&nbsp;<a href="#[1b]">ADC0SS0_Handler</a><BR>
 <LI><a href="#[1c]">ADC0SS1_Handler</a>&nbsp;&nbsp;&nbsp;&rArr;&nbsp;&nbsp;&nbsp;<a href="#[1c]">ADC0SS1_Handler</a><BR>
 <LI><a href="#[1d]">ADC0SS2_Handler</a>&nbsp;&nbsp;&nbsp;&rArr;&nbsp;&nbsp;&nbsp;<a href="#[1d]">ADC0SS2_Handler</a><BR>
 <LI><a href="#[1e]">ADC0SS3_Handler</a>&nbsp;&nbsp;&nbsp;&rArr;&nbsp;&nbsp;&nbsp;<a href="#[1e]">ADC0SS3_Handler</a><BR>
 <LI><a href="#[1f]">WDT0_Handler</a>&nbsp;&nbsp;&nbsp;&rArr;&nbsp;&nbsp;&nbsp;<a href="#[1f]">WDT0_Handler</a><BR>
 <LI><a href="#[20]">TIMER0A_Handler</a>&nbsp;&nbsp;&nbsp;&rArr;&nbsp;&nbsp;&nbsp;<a href="#[20]">TIMER0A_Handler</a><BR>
 <LI><a href="#[21]">TIMER0B_Handler</a>&nbsp;&nbsp;&nbsp;&rArr;&nbsp;&nbsp;&nbsp;<a href="#[21]">TIMER0B_Handler</a><BR>
 <LI><a href="#[22]">TIMER1A_Handler</a>&nbsp;&nbsp;&nbsp;&rArr;&nbsp;&nbsp;&nbsp;<a href="#[22]">TIMER1A_Handler</a><BR>
 <LI><a href="#[23]">TIMER1B_Handler</a>&nbsp;&nbsp;&nbsp;&rArr;&nbsp;&nbsp;&nbsp;<a href="#[23]">TIMER1B_Handler</a><BR>
 <LI><a href="#[24]">TIMER2A_Handler</a>&nbsp;&nbsp;&nbsp;&rArr;&nbsp;&nbsp;&nbsp;<a href="#[24]">TIMER2A_Handler</a><BR>
 <LI><a href="#[25]">TIMER2B_Handler</a>&nbsp;&nbsp;&nbsp;&rArr;&nbsp;&nbsp;&nbsp;<a href="#[25]">TIMER2B_Handler</a><BR>
 <LI><a href="#[26]">COMP0_Handler</a>&nbsp;&nbsp;&nbsp;&rArr;&nbsp;&nbsp;&nbsp;<a href="#[26]">COMP0_Handler</a><BR>
 <LI><a href="#[27]">COMP1_Handler</a>&nbsp;&nbsp;&nbsp;&rArr;&nbsp;&nbsp;&nbsp;<a href="#[27]">COMP1_Handler</a><BR>
 <LI><a href="#[28]">COMP2_Handler</a>&nbsp;&nbsp;&nbsp;&rArr;&nbsp;&nbsp;&nbsp;<a href="#[28]">COMP2_Handler</a><BR>
 <LI><a href="#[29]">SYSCTL_Handler</a>&nbsp;&nbsp;&nbsp;&rArr;&nbsp;&nbsp;&nbsp;<a href="#[29]">SYSCTL_Handler</a><BR>
 <LI><a href="#[2a]">FLASH_Handler</a>&nbsp;&nbsp;&nbsp;&rArr;&nbsp;&nbsp;&nbsp;<a href="#[2a]">FLASH_Handler</a><BR>
 <LI><a href="#[2b]">GPIOF_Handler</a>&nbsp;&nbsp;&nbsp;&rArr;&nbsp;&nbsp;&nbsp;<a href="#[2b]">GPIOF_Handler</a><BR>
 <LI><a href="#[2c]">GPIOG_Handler</a>&nbsp;&nbsp;&nbsp;&rArr;&nbsp;&nbsp;&nbsp;<a href="#[2c]">GPIOG_Handler</a><BR>
 <LI><a href="#[2d]">GPIOH_Handler</a>&nbsp;&nbsp;&nbsp;&rArr;&nbsp;&nbsp;&nbsp;<a href="#[2d]">GPIOH_Handler</a><BR>
 <LI><a href="#[2e]">UART2_Handler</a>&nbsp;&nbsp;&nbsp;&rArr;&nbsp;&nbsp;&nbsp;<a href="#[2e]">UART2_Handler</a><BR>
 <LI><a href="#[2f]">SSI1_Handler</a>&nbsp;&nbsp;&nbsp;&rArr;&nbsp;&nbsp;&nbsp;<a href="#[2f]">SSI1_Handler</a><BR>
 <LI><a href="#[30]">TIMER3A_Handler</a>&nbsp;&nbsp;&nbsp;&rArr;&nbsp;&nbsp;&nbsp;<a href="#[30]">TIMER3A_Handler</a><BR>
 <LI><a href="#[31]">TIMER3B_Handler</a>&nbsp;&nbsp;&nbsp;&rArr;&nbsp;&nbsp;&nbsp;<a href="#[31]">TIMER3B_Handler</a><BR>
 <LI><a href="#[32]">I2C1_Handler</a>&nbsp;&nbsp;&nbsp;&rArr;&nbsp;&nbsp;&nbsp;<a href="#[32]">I2C1_Handler</a><BR>
 <LI><a href="#[33]">CAN0_Handler</a>&nbsp;&nbsp;&nbsp;&rArr;&nbsp;&nbsp;&nbsp;<a href="#[33]">CAN0_Handler</a><BR>
 <LI><a href="#[34]">CAN1_Handler</a>&nbsp;&nbsp;&nbsp;&rArr;&nbsp;&nbsp;&nbsp;<a href="#[34]">CAN1_Handler</a><BR>
 <LI><a href="#[35]">ETH_Handler</a>&nbsp;&nbsp;&nbsp;&rArr;&nbsp;&nbsp;&nbsp;<a href="#[35]">ETH_Handler</a><BR>
 <LI><a href="#[36]">HIB_Handler</a>&nbsp;&nbsp;&nbsp;&rArr;&nbsp;&nbsp;&nbsp;<a href="#[36]">HIB_Handler</a><BR>
 <LI><a href="#[37]">USB0_Handler</a>&nbsp;&nbsp;&nbsp;&rArr;&nbsp;&nbsp;&nbsp;<a href="#[37]">USB0_Handler</a><BR>
 <LI><a href="#[38]">PWM0_3_Handler</a>&nbsp;&nbsp;&nbsp;&rArr;&nbsp;&nbsp;&nbsp;<a href="#[38]">PWM0_3_Handler</a><BR>
 <LI><a href="#[39]">UDMA_Handler</a>&nbsp;&nbsp;&nbsp;&rArr;&nbsp;&nbsp;&nbsp;<a href="#[39]">UDMA_Handler</a><BR>
 <LI><a href="#[3a]">UDMAERR_Handler</a>&nbsp;&nbsp;&nbsp;&rArr;&nbsp;&nbsp;&nbsp;<a href="#[3a]">UDMAERR_Handler</a><BR>
 <LI><a href="#[3b]">ADC1SS0_Handler</a>&nbsp;&nbsp;&nbsp;&rArr;&nbsp;&nbsp;&nbsp;<a href="#[3b]">ADC1SS0_Handler</a><BR>
 <LI><a href="#[3c]">ADC1SS1_Handler</a>&nbsp;&nbsp;&nbsp;&rArr;&nbsp;&nbsp;&nbsp;<a href="#[3c]">ADC1SS1_Handler</a><BR>
 <LI><a href="#[3d]">ADC1SS2_Handler</a>&nbsp;&nbsp;&nbsp;&rArr;&nbsp;&nbsp;&nbsp;<a href="#[3d]">ADC1SS2_Handler</a><BR>
 <LI><a href="#[3e]">ADC1SS3_Handler</a>&nbsp;&nbsp;&nbsp;&rArr;&nbsp;&nbsp;&nbsp;<a href="#[3e]">ADC1SS3_Handler</a><BR>
 <LI><a href="#[3f]">EBI0_Handler</a>&nbsp;&nbsp;&nbsp;&rArr;&nbsp;&nbsp;&nbsp;<a href="#[3f]">EBI0_Handler</a><BR>
 <LI><a href="#[40]">GPIOJ_Handler</a>&nbsp;&nbsp;&nbsp;&rArr;&nbsp;&nbsp;&nbsp;<a href="#[40]">GPIOJ_Handler</a><BR>
 <LI><a href="#[41]">GPIOK_Handler</a>&nbsp;&nbsp;&nbsp;&rArr;&nbsp;&nbsp;&nbsp;<a href="#[41]">GPIOK_Handler</a><BR>
 <LI><a href="#[42]">GPIOL_Handler</a>&nbsp;&nbsp;&nbsp;&rArr;&nbsp;&nbsp;&nbsp;<a href="#[42]">GPIOL_Handler</a><BR>
 <LI><a href="#[43]">SSI2_Handler</a>&nbsp;&nbsp;&nbsp;&rArr;&nbsp;&nbsp;&nbsp;<a href="#[43]">SSI2_Handler</a><BR>
 <LI><a href="#[44]">SSI3_Handler</a>&nbsp;&nbsp;&nbsp;&rArr;&nbsp;&nbsp;&nbsp;<a href="#[44]">SSI3_Handler</a><BR>
 <LI><a href="#[45]">UART3_Handler</a>&nbsp;&nbsp;&nbsp;&rArr;&nbsp;&nbsp;&nbsp;<a href="#[45]">UART3_Handler</a><BR>
 <LI><a href="#[46]">UART4_Handler</a>&nbsp;&nbsp;&nbsp;&rArr;&nbsp;&nbsp;&nbsp;<a href="#[46]">UART4_Handler</a><BR>
 <LI><a href="#[47]">UART5_Handler</a>&nbsp;&nbsp;&nbsp;&rArr;&nbsp;&nbsp;&nbsp;<a href="#[47]">UART5_Handler</a><BR>
 <LI><a href="#[48]">UART6_Handler</a>&nbsp;&nbsp;&nbsp;&rArr;&nbsp;&nbsp;&nbsp;<a href="#[48]">UART6_Handler</a><BR>
 <LI><a href="#[49]">UART7_Handler</a>&nbsp;&nbsp;&nbsp;&rArr;&nbsp;&nbsp;&nbsp;<a href="#[49]">UART7_Handler</a><BR>
 <LI><a href="#[4a]">I2C2_Handler</a>&nbsp;&nbsp;&nbsp;&rArr;&nbsp;&nbsp;&nbsp;<a href="#[4a]">I2C2_Handler</a><BR>
 <LI><a href="#[4b]">I2C3_Handler</a>&nbsp;&nbsp;&nbsp;&rArr;&nbsp;&nbsp;&nbsp;<a href="#[4b]">I2C3_Handler</a><BR>
 <LI><a href="#[4c]">TIMER4A_Handler</a>&nbsp;&nbsp;&nbsp;&rArr;&nbsp;&nbsp;&nbsp;<a href="#[4c]">TIMER4A_Handler</a><BR>
 <LI><a href="#[4d]">TIMER4B_Handler</a>&nbsp;&nbsp;&nbsp;&rArr;&nbsp;&nbsp;&nbsp;<a href="#[4d]">TIMER4B_Handler</a><BR>
 <LI><a href="#[4e]">TIMER5A_Handler</a>&nbsp;&nbsp;&nbsp;&rArr;&nbsp;&nbsp;&nbsp;<a href="#[4e]">TIMER5A_Handler</a><BR>
 <LI><a href="#[4f]">TIMER5B_Handler</a>&nbsp;&nbsp;&nbsp;&rArr;&nbsp;&nbsp;&nbsp;<a href="#[4f]">TIMER5B_Handler</a><BR>
 <LI><a href="#[50]">FPU_Handler</a>&nbsp;&nbsp;&nbsp;&rArr;&nbsp;&nbsp;&nbsp;<a href="#[50]">FPU_Handler</a><BR>
 <LI><a href="#[51]">I2C4_Handler</a>&nbsp;&nbsp;&nbsp;&rArr;&nbsp;&nbsp;&nbsp;<a href="#[51]">I2C4_Handler</a><BR>
 <LI><a href="#[52]">I2C5_Handler</a>&nbsp;&nbsp;&nbsp;&rArr;&nbsp;&nbsp;&nbsp;<a href="#[52]">I2C5_Handler</a><BR>
 <LI><a href="#[53]">GPIOM_Handler</a>&nbsp;&nbsp;&nbsp;&rArr;&nbsp;&nbsp;&nbsp;<a href="#[53]">GPIOM_Handler</a><BR>
 <LI><a href="#[54]">GPION_Handler</a>&nbsp;&nbsp;&nbsp;&rArr;&nbsp;&nbsp;&nbsp;<a href="#[54]">GPION_Handler</a><BR>
 <LI><a href="#[55]">TAMPER_Handler</a>&nbsp;&nbsp;&nbsp;&rArr;&nbsp;&nbsp;&nbsp;<a href="#[55]">TAMPER_Handler</a><BR>
 <LI><a href="#[56]">GPIOP0_Handler</a>&nbsp;&nbsp;&nbsp;&rArr;&nbsp;&nbsp;&nbsp;<a href="#[56]">GPIOP0_Handler</a><BR>
 <LI><a href="#[57]">GPIOP1_Handler</a>&nbsp;&nbsp;&nbsp;&rArr;&nbsp;&nbsp;&nbsp;<a href="#[57]">GPIOP1_Handler</a><BR>
 <LI><a href="#[58]">GPIOP2_Handler</a>&nbsp;&nbsp;&nbsp;&rArr;&nbsp;&nbsp;&nbsp;<a href="#[58]">GPIOP2_Handler</a><BR>
 <LI><a href="#[59]">GPIOP3_Handler</a>&nbsp;&nbsp;&nbsp;&rArr;&nbsp;&nbsp;&nbsp;<a href="#[59]">GPIOP3_Handler</a><BR>
 <LI><a href="#[5a]">GPIOP4_Handler</a>&nbsp;&nbsp;&nbsp;&rArr;&nbsp;&nbsp;&nbsp;<a href="#[5a]">GPIOP4_Handler</a><BR>
 <LI><a href="#[5b]">GPIOP5_Handler</a>&nbsp;&nbsp;&nbsp;&rArr;&nbsp;&nbsp;&nbsp;<a href="#[5b]">GPIOP5_Handler</a><BR>
 <LI><a href="#[5c]">GPIOP6_Handler</a>&nbsp;&nbsp;&nbsp;&rArr;&nbsp;&nbsp;&nbsp;<a href="#[5c]">GPIOP6_Handler</a><BR>
 <LI><a href="#[5d]">GPIOP7_Handler</a>&nbsp;&nbsp;&nbsp;&rArr;&nbsp;&nbsp;&nbsp;<a href="#[5d]">GPIOP7_Handler</a><BR>
 <LI><a href="#[5e]">GPIOQ0_Handler</a>&nbsp;&nbsp;&nbsp;&rArr;&nbsp;&nbsp;&nbsp;<a href="#[5e]">GPIOQ0_Handler</a><BR>
 <LI><a href="#[5f]">GPIOQ1_Handler</a>&nbsp;&nbsp;&nbsp;&rArr;&nbsp;&nbsp;&nbsp;<a href="#[5f]">GPIOQ1_Handler</a><BR>
 <LI><a href="#[60]">GPIOQ2_Handler</a>&nbsp;&nbsp;&nbsp;&rArr;&nbsp;&nbsp;&nbsp;<a href="#[60]">GPIOQ2_Handler</a><BR>
 <LI><a href="#[61]">GPIOQ3_Handler</a>&nbsp;&nbsp;&nbsp;&rArr;&nbsp;&nbsp;&nbsp;<a href="#[61]">GPIOQ3_Handler</a><BR>
 <LI><a href="#[62]">GPIOQ4_Handler</a>&nbsp;&nbsp;&nbsp;&rArr;&nbsp;&nbsp;&nbsp;<a href="#[62]">GPIOQ4_Handler</a><BR>
 <LI><a href="#[63]">GPIOQ5_Handler</a>&nbsp;&nbsp;&nbsp;&rArr;&nbsp;&nbsp;&nbsp;<a href="#[63]">GPIOQ5_Handler</a><BR>
 <LI><a href="#[64]">GPIOQ6_Handler</a>&nbsp;&nbsp;&nbsp;&rArr;&nbsp;&nbsp;&nbsp;<a href="#[64]">GPIOQ6_Handler</a><BR>
 <LI><a href="#[65]">GPIOQ7_Handler</a>&nbsp;&nbsp;&nbsp;&rArr;&nbsp;&nbsp;&nbsp;<a href="#[65]">GPIOQ7_Handler</a><BR>
 <LI><a href="#[66]">GPIOR_Handler</a>&nbsp;&nbsp;&nbsp;&rArr;&nbsp;&nbsp;&nbsp;<a href="#[66]">GPIOR_Handler</a><BR>
 <LI><a href="#[67]">GPIOS_Handler</a>&nbsp;&nbsp;&nbsp;&rArr;&nbsp;&nbsp;&nbsp;<a href="#[67]">GPIOS_Handler</a><BR>
 <LI><a href="#[68]">SHAMD5_Handler</a>&nbsp;&nbsp;&nbsp;&rArr;&nbsp;&nbsp;&nbsp;<a href="#[68]">SHAMD5_Handler</a><BR>
 <LI><a href="#[69]">AES_Handler</a>&nbsp;&nbsp;&nbsp;&rArr;&nbsp;&nbsp;&nbsp;<a href="#[69]">AES_Handler</a><BR>
 <LI><a href="#[6a]">DES3DES_Handler</a>&nbsp;&nbsp;&nbsp;&rArr;&nbsp;&nbsp;&nbsp;<a href="#[6a]">DES3DES_Handler</a><BR>
 <LI><a href="#[6b]">LCDCONTROLLER_Handler</a>&nbsp;&nbsp;&nbsp;&rArr;&nbsp;&nbsp;&nbsp;<a href="#[6b]">LCDCONTROLLER_Handler</a><BR>
 <LI><a href="#[6c]">TIMER6A_Handler</a>&nbsp;&nbsp;&nbsp;&rArr;&nbsp;&nbsp;&nbsp;<a href="#[6c]">TIMER6A_Handler</a><BR>
 <LI><a href="#[6d]">TIMER6B_Handler</a>&nbsp;&nbsp;&nbsp;&rArr;&nbsp;&nbsp;&nbsp;<a href="#[6d]">TIMER6B_Handler</a><BR>
 <LI><a href="#[6e]">TIMER7A_Handler</a>&nbsp;&nbsp;&nbsp;&rArr;&nbsp;&nbsp;&nbsp;<a href="#[6e]">TIMER7A_Handler</a><BR>
 <LI><a href="#[6f]">TIMER7B_Handler</a>&nbsp;&nbsp;&nbsp;&rArr;&nbsp;&nbsp;&nbsp;<a href="#[6f]">TIMER7B_Handler</a><BR>
 <LI><a href="#[70]">I2C6_Handler</a>&nbsp;&nbsp;&nbsp;&rArr;&nbsp;&nbsp;&nbsp;<a href="#[70]">I2C6_Handler</a><BR>
 <LI><a href="#[71]">I2C7_Handler</a>&nbsp;&nbsp;&nbsp;&rArr;&nbsp;&nbsp;&nbsp;<a href="#[71]">I2C7_Handler</a><BR>
 <LI><a href="#[72]">HIMSCANKEYBOARD_Handler</a>&nbsp;&nbsp;&nbsp;&rArr;&nbsp;&nbsp;&nbsp;<a href="#[72]">HIMSCANKEYBOARD_Handler</a><BR>
 <LI><a href="#[73]">ONEWIRE_Handler</a>&nbsp;&nbsp;&nbsp;&rArr;&nbsp;&nbsp;&nbsp;<a href="#[73]">ONEWIRE_Handler</a><BR>
 <LI><a href="#[74]">HIMPS2_Handler</a>&nbsp;&nbsp;&nbsp;&rArr;&nbsp;&nbsp;&nbsp;<a href="#[74]">HIMPS2_Handler</a><BR>
 <LI><a href="#[75]">HIMLEDSEQUENCER_Handler</a>&nbsp;&nbsp;&nbsp;&rArr;&nbsp;&nbsp;&nbsp;<a href="#[75]">HIMLEDSEQUENCER_Handler</a><BR>
 <LI><a href="#[76]">HIMCONSUMERIR_Handler</a>&nbsp;&nbsp;&nbsp;&rArr;&nbsp;&nbsp;&nbsp;<a href="#[76]">HIMCONSUMERIR_Handler</a><BR>
 <LI><a href="#[77]">I2C8_Handler</a>&nbsp;&nbsp;&nbsp;&rArr;&nbsp;&nbsp;&nbsp;<a href="#[77]">I2C8_Handler</a><BR>
 <LI><a href="#[78]">I2C9_Handler</a>&nbsp;&nbsp;&nbsp;&rArr;&nbsp;&nbsp;&nbsp;<a href="#[78]">I2C9_Handler</a><BR>
 <LI><a href="#[79]">GPIOT_Handler</a>&nbsp;&nbsp;&nbsp;&rArr;&nbsp;&nbsp;&nbsp;<a href="#[79]">GPIOT_Handler</a><BR>
</UL>
<P>
<H3>
Function Pointers
</H3><UL>
 <LI><a href="#[1b]">ADC0SS0_Handler</a> from startup_tm4c129.o(.text) referenced from startup_tm4c129.o(RESET)
 <LI><a href="#[1c]">ADC0SS1_Handler</a> from startup_tm4c129.o(.text) referenced from startup_tm4c129.o(RESET)
 <LI><a href="#[1d]">ADC0SS2_Handler</a> from startup_tm4c129.o(.text) referenced from startup_tm4c129.o(RESET)
 <LI><a href="#[1e]">ADC0SS3_Handler</a> from startup_tm4c129.o(.text) referenced from startup_tm4c129.o(RESET)
 <LI><a href="#[3b]">ADC1SS0_Handler</a> from startup_tm4c129.o(.text) referenced from startup_tm4c129.o(RESET)
 <LI><a href="#[3c]">ADC1SS1_Handler</a> from startup_tm4c129.o(.text) referenced from startup_tm4c129.o(RESET)
 <LI><a href="#[3d]">ADC1SS2_Handler</a> from startup_tm4c129.o(.text) referenced from startup_tm4c129.o(RESET)
 <LI><a href="#[3e]">ADC1SS3_Handler</a> from startup_tm4c129.o(.text) referenced from startup_tm4c129.o(RESET)
 <LI><a href="#[69]">AES_Handler</a> from startup_tm4c129.o(.text) referenced from startup_tm4c129.o(RESET)
 <LI><a href="#[7]">BusFault_Handler</a> from startup_tm4c129.o(.text) referenced from startup_tm4c129.o(RESET)
 <LI><a href="#[33]">CAN0_Handler</a> from startup_tm4c129.o(.text) referenced from startup_tm4c129.o(RESET)
 <LI><a href="#[34]">CAN1_Handler</a> from startup_tm4c129.o(.text) referenced from startup_tm4c129.o(RESET)
 <LI><a href="#[26]">COMP0_Handler</a> from startup_tm4c129.o(.text) referenced from startup_tm4c129.o(RESET)
 <LI><a href="#[27]">COMP1_Handler</a> from startup_tm4c129.o(.text) referenced from startup_tm4c129.o(RESET)
 <LI><a href="#[28]">COMP2_Handler</a> from startup_tm4c129.o(.text) referenced from startup_tm4c129.o(RESET)
 <LI><a href="#[6a]">DES3DES_Handler</a> from startup_tm4c129.o(.text) referenced from startup_tm4c129.o(RESET)
 <LI><a href="#[a]">DebugMon_Handler</a> from startup_tm4c129.o(.text) referenced from startup_tm4c129.o(RESET)
 <LI><a href="#[3f]">EBI0_Handler</a> from startup_tm4c129.o(.text) referenced from startup_tm4c129.o(RESET)
 <LI><a href="#[35]">ETH_Handler</a> from startup_tm4c129.o(.text) referenced from startup_tm4c129.o(RESET)
 <LI><a href="#[2a]">FLASH_Handler</a> from startup_tm4c129.o(.text) referenced from startup_tm4c129.o(RESET)
 <LI><a href="#[50]">FPU_Handler</a> from startup_tm4c129.o(.text) referenced from startup_tm4c129.o(RESET)
 <LI><a href="#[d]">GPIOA_Handler</a> from startup_tm4c129.o(.text) referenced from startup_tm4c129.o(RESET)
 <LI><a href="#[e]">GPIOB_Handler</a> from startup_tm4c129.o(.text) referenced from startup_tm4c129.o(RESET)
 <LI><a href="#[f]">GPIOC_Handler</a> from startup_tm4c129.o(.text) referenced from startup_tm4c129.o(RESET)
 <LI><a href="#[10]">GPIOD_Handler</a> from startup_tm4c129.o(.text) referenced from startup_tm4c129.o(RESET)
 <LI><a href="#[11]">GPIOE_Handler</a> from startup_tm4c129.o(.text) referenced from startup_tm4c129.o(RESET)
 <LI><a href="#[2b]">GPIOF_Handler</a> from startup_tm4c129.o(.text) referenced from startup_tm4c129.o(RESET)
 <LI><a href="#[2c]">GPIOG_Handler</a> from startup_tm4c129.o(.text) referenced from startup_tm4c129.o(RESET)
 <LI><a href="#[2d]">GPIOH_Handler</a> from startup_tm4c129.o(.text) referenced from startup_tm4c129.o(RESET)
 <LI><a href="#[40]">GPIOJ_Handler</a> from startup_tm4c129.o(.text) referenced from startup_tm4c129.o(RESET)
 <LI><a href="#[41]">GPIOK_Handler</a> from startup_tm4c129.o(.text) referenced from startup_tm4c129.o(RESET)
 <LI><a href="#[42]">GPIOL_Handler</a> from startup_tm4c129.o(.text) referenced from startup_tm4c129.o(RESET)
 <LI><a href="#[53]">GPIOM_Handler</a> from startup_tm4c129.o(.text) referenced from startup_tm4c129.o(RESET)
 <LI><a href="#[54]">GPION_Handler</a> from startup_tm4c129.o(.text) referenced from startup_tm4c129.o(RESET)
 <LI><a href="#[56]">GPIOP0_Handler</a> from startup_tm4c129.o(.text) referenced from startup_tm4c129.o(RESET)
 <LI><a href="#[57]">GPIOP1_Handler</a> from startup_tm4c129.o(.text) referenced from startup_tm4c129.o(RESET)
 <LI><a href="#[58]">GPIOP2_Handler</a> from startup_tm4c129.o(.text) referenced from startup_tm4c129.o(RESET)
 <LI><a href="#[59]">GPIOP3_Handler</a> from startup_tm4c129.o(.text) referenced from startup_tm4c129.o(RESET)
 <LI><a href="#[5a]">GPIOP4_Handler</a> from startup_tm4c129.o(.text) referenced from startup_tm4c129.o(RESET)
 <LI><a href="#[5b]">GPIOP5_Handler</a> from startup_tm4c129.o(.text) referenced from startup_tm4c129.o(RESET)
 <LI><a href="#[5c]">GPIOP6_Handler</a> from startup_tm4c129.o(.text) referenced from startup_tm4c129.o(RESET)
 <LI><a href="#[5d]">GPIOP7_Handler</a> from startup_tm4c129.o(.text) referenced from startup_tm4c129.o(RESET)
 <LI><a href="#[5e]">GPIOQ0_Handler</a> from startup_tm4c129.o(.text) referenced from startup_tm4c129.o(RESET)
 <LI><a href="#[5f]">GPIOQ1_Handler</a> from startup_tm4c129.o(.text) referenced from startup_tm4c129.o(RESET)
 <LI><a href="#[60]">GPIOQ2_Handler</a> from startup_tm4c129.o(.text) referenced from startup_tm4c129.o(RESET)
 <LI><a href="#[61]">GPIOQ3_Handler</a> from startup_tm4c129.o(.text) referenced from startup_tm4c129.o(RESET)
 <LI><a href="#[62]">GPIOQ4_Handler</a> from startup_tm4c129.o(.text) referenced from startup_tm4c129.o(RESET)
 <LI><a href="#[63]">GPIOQ5_Handler</a> from startup_tm4c129.o(.text) referenced from startup_tm4c129.o(RESET)
 <LI><a href="#[64]">GPIOQ6_Handler</a> from startup_tm4c129.o(.text) referenced from startup_tm4c129.o(RESET)
 <LI><a href="#[65]">GPIOQ7_Handler</a> from startup_tm4c129.o(.text) referenced from startup_tm4c129.o(RESET)
 <LI><a href="#[66]">GPIOR_Handler</a> from startup_tm4c129.o(.text) referenced from startup_tm4c129.o(RESET)
 <LI><a href="#[67]">GPIOS_Handler</a> from startup_tm4c129.o(.text) referenced from startup_tm4c129.o(RESET)
 <LI><a href="#[79]">GPIOT_Handler</a> from startup_tm4c129.o(.text) referenced from startup_tm4c129.o(RESET)
 <LI><a href="#[82]">GrDefaultStringRenderer</a> from string.o(i.GrDefaultStringRenderer) referenced from context.o(i.GrContextInit)
 <LI><a href="#[a4]">GrMapISO8859_1_Unicode</a> from charmap.o(i.GrMapISO8859_1_Unicode) referenced 2 times from context.o(.constdata)
 <LI><a href="#[36]">HIB_Handler</a> from startup_tm4c129.o(.text) referenced from startup_tm4c129.o(RESET)
 <LI><a href="#[76]">HIMCONSUMERIR_Handler</a> from startup_tm4c129.o(.text) referenced from startup_tm4c129.o(RESET)
 <LI><a href="#[75]">HIMLEDSEQUENCER_Handler</a> from startup_tm4c129.o(.text) referenced from startup_tm4c129.o(RESET)
 <LI><a href="#[74]">HIMPS2_Handler</a> from startup_tm4c129.o(.text) referenced from startup_tm4c129.o(RESET)
 <LI><a href="#[72]">HIMSCANKEYBOARD_Handler</a> from startup_tm4c129.o(.text) referenced from startup_tm4c129.o(RESET)
 <LI><a href="#[5]">HardFault_Handler</a> from startup_tm4c129.o(.text) referenced from startup_tm4c129.o(RESET)
 <LI><a href="#[15]">I2C0_Handler</a> from startup_tm4c129.o(.text) referenced from startup_tm4c129.o(RESET)
 <LI><a href="#[32]">I2C1_Handler</a> from startup_tm4c129.o(.text) referenced from startup_tm4c129.o(RESET)
 <LI><a href="#[4a]">I2C2_Handler</a> from startup_tm4c129.o(.text) referenced from startup_tm4c129.o(RESET)
 <LI><a href="#[4b]">I2C3_Handler</a> from startup_tm4c129.o(.text) referenced from startup_tm4c129.o(RESET)
 <LI><a href="#[51]">I2C4_Handler</a> from startup_tm4c129.o(.text) referenced from startup_tm4c129.o(RESET)
 <LI><a href="#[52]">I2C5_Handler</a> from startup_tm4c129.o(.text) referenced from startup_tm4c129.o(RESET)
 <LI><a href="#[70]">I2C6_Handler</a> from startup_tm4c129.o(.text) referenced from startup_tm4c129.o(RESET)
 <LI><a href="#[71]">I2C7_Handler</a> from startup_tm4c129.o(.text) referenced from startup_tm4c129.o(RESET)
 <LI><a href="#[77]">I2C8_Handler</a> from startup_tm4c129.o(.text) referenced from startup_tm4c129.o(RESET)
 <LI><a href="#[78]">I2C9_Handler</a> from startup_tm4c129.o(.text) referenced from startup_tm4c129.o(RESET)
 <LI><a href="#[6b]">LCDCONTROLLER_Handler</a> from startup_tm4c129.o(.text) referenced from startup_tm4c129.o(RESET)
 <LI><a href="#[6]">MemManage_Handler</a> from startup_tm4c129.o(.text) referenced from startup_tm4c129.o(RESET)
 <LI><a href="#[4]">NMI_Handler</a> from startup_tm4c129.o(.text) referenced from startup_tm4c129.o(RESET)
 <LI><a href="#[73]">ONEWIRE_Handler</a> from startup_tm4c129.o(.text) referenced from startup_tm4c129.o(RESET)
 <LI><a href="#[16]">PMW0_FAULT_Handler</a> from startup_tm4c129.o(.text) referenced from startup_tm4c129.o(RESET)
 <LI><a href="#[17]">PWM0_0_Handler</a> from startup_tm4c129.o(.text) referenced from startup_tm4c129.o(RESET)
 <LI><a href="#[18]">PWM0_1_Handler</a> from startup_tm4c129.o(.text) referenced from startup_tm4c129.o(RESET)
 <LI><a href="#[19]">PWM0_2_Handler</a> from startup_tm4c129.o(.text) referenced from startup_tm4c129.o(RESET)
 <LI><a href="#[38]">PWM0_3_Handler</a> from startup_tm4c129.o(.text) referenced from startup_tm4c129.o(RESET)
 <LI><a href="#[b]">PendSV_Handler</a> from hal_cm4.o(.emb_text) referenced from startup_tm4c129.o(RESET)
 <LI><a href="#[1a]">QEI0_Handler</a> from startup_tm4c129.o(.text) referenced from startup_tm4c129.o(RESET)
 <LI><a href="#[3]">Reset_Handler</a> from startup_tm4c129.o(.text) referenced from startup_tm4c129.o(RESET)
 <LI><a href="#[68]">SHAMD5_Handler</a> from startup_tm4c129.o(.text) referenced from startup_tm4c129.o(RESET)
 <LI><a href="#[14]">SSI0_Handler</a> from startup_tm4c129.o(.text) referenced from startup_tm4c129.o(RESET)
 <LI><a href="#[2f]">SSI1_Handler</a> from startup_tm4c129.o(.text) referenced from startup_tm4c129.o(RESET)
 <LI><a href="#[43]">SSI2_Handler</a> from startup_tm4c129.o(.text) referenced from startup_tm4c129.o(RESET)
 <LI><a href="#[44]">SSI3_Handler</a> from startup_tm4c129.o(.text) referenced from startup_tm4c129.o(RESET)
 <LI><a href="#[9]">SVC_Handler</a> from hal_cm4.o(.emb_text) referenced from startup_tm4c129.o(RESET)
 <LI><a href="#[29]">SYSCTL_Handler</a> from startup_tm4c129.o(.text) referenced from startup_tm4c129.o(RESET)
 <LI><a href="#[c]">SysTick_Handler</a> from hal_cm4.o(.emb_text) referenced from startup_tm4c129.o(RESET)
 <LI><a href="#[80]">SystemInit</a> from system_tm4c129.o(.text) referenced from startup_tm4c129.o(.text)
 <LI><a href="#[55]">TAMPER_Handler</a> from startup_tm4c129.o(.text) referenced from startup_tm4c129.o(RESET)
 <LI><a href="#[20]">TIMER0A_Handler</a> from startup_tm4c129.o(.text) referenced from startup_tm4c129.o(RESET)
 <LI><a href="#[21]">TIMER0B_Handler</a> from startup_tm4c129.o(.text) referenced from startup_tm4c129.o(RESET)
 <LI><a href="#[22]">TIMER1A_Handler</a> from startup_tm4c129.o(.text) referenced from startup_tm4c129.o(RESET)
 <LI><a href="#[23]">TIMER1B_Handler</a> from startup_tm4c129.o(.text) referenced from startup_tm4c129.o(RESET)
 <LI><a href="#[24]">TIMER2A_Handler</a> from startup_tm4c129.o(.text) referenced from startup_tm4c129.o(RESET)
 <LI><a href="#[25]">TIMER2B_Handler</a> from startup_tm4c129.o(.text) referenced from startup_tm4c129.o(RESET)
 <LI><a href="#[30]">TIMER3A_Handler</a> from startup_tm4c129.o(.text) referenced from startup_tm4c129.o(RESET)
 <LI><a href="#[31]">TIMER3B_Handler</a> from startup_tm4c129.o(.text) referenced from startup_tm4c129.o(RESET)
 <LI><a href="#[4c]">TIMER4A_Handler</a> from startup_tm4c129.o(.text) referenced from startup_tm4c129.o(RESET)
 <LI><a href="#[4d]">TIMER4B_Handler</a> from startup_tm4c129.o(.text) referenced from startup_tm4c129.o(RESET)
 <LI><a href="#[4e]">TIMER5A_Handler</a> from startup_tm4c129.o(.text) referenced from startup_tm4c129.o(RESET)
 <LI><a href="#[4f]">TIMER5B_Handler</a> from startup_tm4c129.o(.text) referenced from startup_tm4c129.o(RESET)
 <LI><a href="#[6c]">TIMER6A_Handler</a> from startup_tm4c129.o(.text) referenced from startup_tm4c129.o(RESET)
 <LI><a href="#[6d]">TIMER6B_Handler</a> from startup_tm4c129.o(.text) referenced from startup_tm4c129.o(RESET)
 <LI><a href="#[6e]">TIMER7A_Handler</a> from startup_tm4c129.o(.text) referenced from startup_tm4c129.o(RESET)
 <LI><a href="#[6f]">TIMER7B_Handler</a> from startup_tm4c129.o(.text) referenced from startup_tm4c129.o(RESET)
 <LI><a href="#[12]">UART0_Handler</a> from startup_tm4c129.o(.text) referenced from startup_tm4c129.o(RESET)
 <LI><a href="#[13]">UART1_Handler</a> from startup_tm4c129.o(.text) referenced from startup_tm4c129.o(RESET)
 <LI><a href="#[2e]">UART2_Handler</a> from startup_tm4c129.o(.text) referenced from startup_tm4c129.o(RESET)
 <LI><a href="#[45]">UART3_Handler</a> from startup_tm4c129.o(.text) referenced from startup_tm4c129.o(RESET)
 <LI><a href="#[46]">UART4_Handler</a> from startup_tm4c129.o(.text) referenced from startup_tm4c129.o(RESET)
 <LI><a href="#[47]">UART5_Handler</a> from startup_tm4c129.o(.text) referenced from startup_tm4c129.o(RESET)
 <LI><a href="#[48]">UART6_Handler</a> from startup_tm4c129.o(.text) referenced from startup_tm4c129.o(RESET)
 <LI><a href="#[49]">UART7_Handler</a> from startup_tm4c129.o(.text) referenced from startup_tm4c129.o(RESET)
 <LI><a href="#[3a]">UDMAERR_Handler</a> from startup_tm4c129.o(.text) referenced from startup_tm4c129.o(RESET)
 <LI><a href="#[39]">UDMA_Handler</a> from startup_tm4c129.o(.text) referenced from startup_tm4c129.o(RESET)
 <LI><a href="#[37]">USB0_Handler</a> from startup_tm4c129.o(.text) referenced from startup_tm4c129.o(RESET)
 <LI><a href="#[8]">UsageFault_Handler</a> from startup_tm4c129.o(.text) referenced from startup_tm4c129.o(RESET)
 <LI><a href="#[1f]">WDT0_Handler</a> from startup_tm4c129.o(.text) referenced from startup_tm4c129.o(RESET)
 <LI><a href="#[a5]">__main</a> from __main.o(!!!main) referenced from startup_tm4c129.o(.text)
 <LI><a href="#[a0]">cfaf128x128x16ColorTranslate</a> from cfaf128x128x16.o(.text) referenced from cfaf128x128x16.o(.constdata)
 <LI><a href="#[a1]">cfaf128x128x16Flush</a> from cfaf128x128x16.o(.text) referenced from cfaf128x128x16.o(.constdata)
 <LI><a href="#[9d]">cfaf128x128x16LineDrawH</a> from cfaf128x128x16.o(.text) referenced from cfaf128x128x16.o(.constdata)
 <LI><a href="#[9e]">cfaf128x128x16LineDrawV</a> from cfaf128x128x16.o(.text) referenced from cfaf128x128x16.o(.constdata)
 <LI><a href="#[9b]">cfaf128x128x16PixelDraw</a> from cfaf128x128x16.o(.text) referenced from cfaf128x128x16.o(.constdata)
 <LI><a href="#[9c]">cfaf128x128x16PixelDrawMultiple</a> from cfaf128x128x16.o(.text) referenced from cfaf128x128x16.o(.constdata)
 <LI><a href="#[9f]">cfaf128x128x16RectFill</a> from cfaf128x128x16.o(.text) referenced from cfaf128x128x16.o(.constdata)
 <LI><a href="#[a3]">main</a> from blinky.o(.text) referenced from rtx_conf_cm.o(.constdata)
 <LI><a href="#[93]">osThreadExit</a> from rt_cmsis.o(i.osThreadExit) referenced from rt_cmsis.o(i.svcThreadCreate)
 <LI><a href="#[a2]">osTimerThread</a> from rt_cmsis.o(i.osTimerThread) referenced from rtx_conf_cm.o(.constdata)
 <LI><a href="#[92]">os_idle_demon</a> from rtx_conf_cm.o(.text) referenced from rt_task.o(i.rt_sys_init)
 <LI><a href="#[7a]">rt_alloc_box</a> from rt_membox.o(i.rt_alloc_box) referenced from hal_cm4.o(.emb_text)
 <LI><a href="#[7b]">rt_free_box</a> from rt_membox.o(i.rt_free_box) referenced from hal_cm4.o(.emb_text)
 <LI><a href="#[7f]">rt_mut_release</a> from rt_mutex.o(i.rt_mut_release) referenced from rtx_conf_cm.o(.text)
 <LI><a href="#[7e]">rt_mut_wait</a> from rt_mutex.o(i.rt_mut_wait) referenced from rtx_conf_cm.o(.text)
 <LI><a href="#[83]">svcDelay</a> from rt_cmsis.o(i.svcDelay) referenced from rt_cmsis.o(i.osDelay)
 <LI><a href="#[84]">svcKernelInitialize</a> from rt_cmsis.o(i.svcKernelInitialize) referenced from rt_cmsis.o(i.osKernelInitialize)
 <LI><a href="#[85]">svcKernelStart</a> from rt_cmsis.o(i.svcKernelStart) referenced from rt_cmsis.o(i.osKernelStart)
 <LI><a href="#[87]">svcMailCreate</a> from rt_cmsis.o(i.svcMailCreate) referenced from rt_cmsis.o(i.osMailCreate)
 <LI><a href="#[89]">svcMessageGet</a> from rt_cmsis.o(i.svcMessageGet) referenced from rt_cmsis.o(i.osMessageGet)
 <LI><a href="#[8a]">svcMessagePut</a> from rt_cmsis.o(i.svcMessagePut) referenced from rt_cmsis.o(i.osMessagePut)
 <LI><a href="#[8b]">svcMutexCreate</a> from rt_cmsis.o(i.svcMutexCreate) referenced from rt_cmsis.o(i.osMutexCreate)
 <LI><a href="#[8c]">svcMutexRelease</a> from rt_cmsis.o(i.svcMutexRelease) referenced from rt_cmsis.o(i.osMutexRelease)
 <LI><a href="#[8d]">svcMutexWait</a> from rt_cmsis.o(i.svcMutexWait) referenced from rt_cmsis.o(i.osMutexWait)
 <LI><a href="#[8e]">svcThreadCreate</a> from rt_cmsis.o(i.svcThreadCreate) referenced from rt_cmsis.o(i.osThreadCreate)
 <LI><a href="#[8f]">svcThreadGetId</a> from rt_cmsis.o(i.svcThreadGetId) referenced from rt_cmsis.o(i.osThreadExit)
 <LI><a href="#[90]">svcThreadTerminate</a> from rt_cmsis.o(i.svcThreadTerminate) referenced from rt_cmsis.o(i.osThreadExit)
 <LI><a href="#[91]">svcTimerCall</a> from rt_cmsis.o(i.svcTimerCall) referenced from rt_cmsis.o(i.osTimerCall)
 <LI><a href="#[86]">sysMailAlloc</a> from rt_cmsis.o(i.sysMailAlloc) referenced from rt_cmsis.o(i.osMailAlloc)
 <LI><a href="#[88]">sysMailFree</a> from rt_cmsis.o(i.sysMailFree) referenced from rt_cmsis.o(i.osMailFree)
 <LI><a href="#[9a]">t_accel</a> from blinky.o(.text) referenced from blinky.o(.constdata)
 <LI><a href="#[94]">t_buzzer</a> from blinky.o(.text) referenced from blinky.o(.constdata)
 <LI><a href="#[97]">t_light</a> from blinky.o(.text) referenced from blinky.o(.constdata)
 <LI><a href="#[96]">t_mic</a> from blinky.o(.text) referenced from blinky.o(.constdata)
 <LI><a href="#[95]">t_rgb</a> from blinky.o(.text) referenced from blinky.o(.constdata)
 <LI><a href="#[99]">t_servo</a> from blinky.o(.text) referenced from blinky.o(.constdata)
 <LI><a href="#[98]">t_temp</a> from blinky.o(.text) referenced from blinky.o(.constdata)
 <LI><a href="#[7c]">temp_int_callback</a> from opt.o(.text) referenced 2 times from opt.o(.text)
</UL>
<P>
<H3>
Global Symbols
</H3>
<P><STRONG><a name="[a5]"></a>__main</STRONG> (Thumb, 8 bytes, Stack size 0 bytes, __main.o(!!!main))
<BR><BR>[Calls]<UL><LI><a href="#[ab]">&gt;&gt;</a>&nbsp;&nbsp;&nbsp;__scatterload
<LI><a href="#[ac]">&gt;&gt;</a>&nbsp;&nbsp;&nbsp;__rt_entry
</UL>

<P><STRONG><a name="[ab]"></a>__scatterload</STRONG> (Thumb, 0 bytes, Stack size unknown bytes, __scatter.o(!!!scatter))
<BR><BR>[Called By]<UL><LI><a href="#[a5]">&gt;&gt;</a>&nbsp;&nbsp;&nbsp;__main
</UL>

<P><STRONG><a name="[ad]"></a>__scatterload_rt2</STRONG> (Thumb, 44 bytes, Stack size unknown bytes, __scatter.o(!!!scatter), UNUSED)
<BR><BR>[Calls]<UL><LI><a href="#[ac]">&gt;&gt;</a>&nbsp;&nbsp;&nbsp;__rt_entry
</UL>

<P><STRONG><a name="[1be]"></a>__scatterload_rt2_thumb_only</STRONG> (Thumb, 0 bytes, Stack size unknown bytes, __scatter.o(!!!scatter), UNUSED)

<P><STRONG><a name="[1bf]"></a>__scatterload_null</STRONG> (Thumb, 0 bytes, Stack size unknown bytes, __scatter.o(!!!scatter), UNUSED)

<P><STRONG><a name="[1c0]"></a>__decompress</STRONG> (Thumb, 90 bytes, Stack size unknown bytes, __dczerorl2.o(!!dczerorl2), UNUSED)

<P><STRONG><a name="[1c1]"></a>__decompress1</STRONG> (Thumb, 0 bytes, Stack size unknown bytes, __dczerorl2.o(!!dczerorl2), UNUSED)

<P><STRONG><a name="[1c2]"></a>__scatterload_zeroinit</STRONG> (Thumb, 28 bytes, Stack size unknown bytes, __scatter_zi.o(!!handler_zi), UNUSED)

<P><STRONG><a name="[b3]"></a>__rt_lib_init</STRONG> (Thumb, 0 bytes, Stack size unknown bytes, libinit.o(.ARM.Collect$$libinit$$00000000))
<BR><BR>[Called By]<UL><LI><a href="#[b2]">&gt;&gt;</a>&nbsp;&nbsp;&nbsp;__rt_entry_li
</UL>

<P><STRONG><a name="[ae]"></a>__rt_lib_init_fp_1</STRONG> (Thumb, 0 bytes, Stack size unknown bytes, libinit2.o(.ARM.Collect$$libinit$$00000001))
<BR><BR>[Calls]<UL><LI><a href="#[af]">&gt;&gt;</a>&nbsp;&nbsp;&nbsp;_fp_init
</UL>

<P><STRONG><a name="[1c3]"></a>__rt_lib_init_alloca_1</STRONG> (Thumb, 0 bytes, Stack size unknown bytes, libinit2.o(.ARM.Collect$$libinit$$0000002E))

<P><STRONG><a name="[1c4]"></a>__rt_lib_init_argv_1</STRONG> (Thumb, 0 bytes, Stack size unknown bytes, libinit2.o(.ARM.Collect$$libinit$$0000002C))

<P><STRONG><a name="[1c5]"></a>__rt_lib_init_atexit_1</STRONG> (Thumb, 0 bytes, Stack size unknown bytes, libinit2.o(.ARM.Collect$$libinit$$0000001B))

<P><STRONG><a name="[1c6]"></a>__rt_lib_init_clock_1</STRONG> (Thumb, 0 bytes, Stack size unknown bytes, libinit2.o(.ARM.Collect$$libinit$$00000021))

<P><STRONG><a name="[1c7]"></a>__rt_lib_init_cpp_1</STRONG> (Thumb, 0 bytes, Stack size unknown bytes, libinit2.o(.ARM.Collect$$libinit$$00000032))

<P><STRONG><a name="[1c8]"></a>__rt_lib_init_exceptions_1</STRONG> (Thumb, 0 bytes, Stack size unknown bytes, libinit2.o(.ARM.Collect$$libinit$$00000030))

<P><STRONG><a name="[1c9]"></a>__rt_lib_init_fp_trap_1</STRONG> (Thumb, 0 bytes, Stack size unknown bytes, libinit2.o(.ARM.Collect$$libinit$$0000001F))

<P><STRONG><a name="[1ca]"></a>__rt_lib_init_getenv_1</STRONG> (Thumb, 0 bytes, Stack size unknown bytes, libinit2.o(.ARM.Collect$$libinit$$00000023))

<P><STRONG><a name="[1cb]"></a>__rt_lib_init_heap_1</STRONG> (Thumb, 0 bytes, Stack size unknown bytes, libinit2.o(.ARM.Collect$$libinit$$0000000A))

<P><STRONG><a name="[1cc]"></a>__rt_lib_init_lc_collate_1</STRONG> (Thumb, 0 bytes, Stack size unknown bytes, libinit2.o(.ARM.Collect$$libinit$$00000011))

<P><STRONG><a name="[1cd]"></a>__rt_lib_init_lc_ctype_1</STRONG> (Thumb, 0 bytes, Stack size unknown bytes, libinit2.o(.ARM.Collect$$libinit$$00000013))

<P><STRONG><a name="[1ce]"></a>__rt_lib_init_lc_monetary_1</STRONG> (Thumb, 0 bytes, Stack size unknown bytes, libinit2.o(.ARM.Collect$$libinit$$00000015))

<P><STRONG><a name="[1cf]"></a>__rt_lib_init_lc_numeric_1</STRONG> (Thumb, 0 bytes, Stack size unknown bytes, libinit2.o(.ARM.Collect$$libinit$$00000017))

<P><STRONG><a name="[1d0]"></a>__rt_lib_init_lc_time_1</STRONG> (Thumb, 0 bytes, Stack size unknown bytes, libinit2.o(.ARM.Collect$$libinit$$00000019))

<P><STRONG><a name="[1d1]"></a>__rt_lib_init_preinit_1</STRONG> (Thumb, 0 bytes, Stack size unknown bytes, libinit2.o(.ARM.Collect$$libinit$$00000004))

<P><STRONG><a name="[1d2]"></a>__rt_lib_init_rand_1</STRONG> (Thumb, 0 bytes, Stack size unknown bytes, libinit2.o(.ARM.Collect$$libinit$$0000000E))

<P><STRONG><a name="[1d3]"></a>__rt_lib_init_return</STRONG> (Thumb, 0 bytes, Stack size unknown bytes, libinit2.o(.ARM.Collect$$libinit$$00000033))

<P><STRONG><a name="[1d4]"></a>__rt_lib_init_signal_1</STRONG> (Thumb, 0 bytes, Stack size unknown bytes, libinit2.o(.ARM.Collect$$libinit$$0000001D))

<P><STRONG><a name="[1d5]"></a>__rt_lib_init_stdio_1</STRONG> (Thumb, 0 bytes, Stack size unknown bytes, libinit2.o(.ARM.Collect$$libinit$$00000025))

<P><STRONG><a name="[1d6]"></a>__rt_lib_init_user_alloc_1</STRONG> (Thumb, 0 bytes, Stack size unknown bytes, libinit2.o(.ARM.Collect$$libinit$$0000000C))

<P><STRONG><a name="[b9]"></a>__rt_lib_shutdown</STRONG> (Thumb, 0 bytes, Stack size unknown bytes, libshutdown.o(.ARM.Collect$$libshutdown$$00000000))
<BR><BR>[Called By]<UL><LI><a href="#[b8]">&gt;&gt;</a>&nbsp;&nbsp;&nbsp;__rt_exit_ls
</UL>

<P><STRONG><a name="[1d7]"></a>__rt_lib_shutdown_cpp_1</STRONG> (Thumb, 0 bytes, Stack size unknown bytes, libshutdown2.o(.ARM.Collect$$libshutdown$$00000002))

<P><STRONG><a name="[1d8]"></a>__rt_lib_shutdown_fp_trap_1</STRONG> (Thumb, 0 bytes, Stack size unknown bytes, libshutdown2.o(.ARM.Collect$$libshutdown$$00000007))

<P><STRONG><a name="[1d9]"></a>__rt_lib_shutdown_heap_1</STRONG> (Thumb, 0 bytes, Stack size unknown bytes, libshutdown2.o(.ARM.Collect$$libshutdown$$0000000F))

<P><STRONG><a name="[1da]"></a>__rt_lib_shutdown_return</STRONG> (Thumb, 0 bytes, Stack size unknown bytes, libshutdown2.o(.ARM.Collect$$libshutdown$$00000010))

<P><STRONG><a name="[1db]"></a>__rt_lib_shutdown_signal_1</STRONG> (Thumb, 0 bytes, Stack size unknown bytes, libshutdown2.o(.ARM.Collect$$libshutdown$$0000000A))

<P><STRONG><a name="[1dc]"></a>__rt_lib_shutdown_stdio_1</STRONG> (Thumb, 0 bytes, Stack size unknown bytes, libshutdown2.o(.ARM.Collect$$libshutdown$$00000004))

<P><STRONG><a name="[1dd]"></a>__rt_lib_shutdown_user_alloc_1</STRONG> (Thumb, 0 bytes, Stack size unknown bytes, libshutdown2.o(.ARM.Collect$$libshutdown$$0000000C))

<P><STRONG><a name="[ac]"></a>__rt_entry</STRONG> (Thumb, 0 bytes, Stack size unknown bytes, __rtentry.o(.ARM.Collect$$rtentry$$00000000))
<BR><BR>[Called By]<UL><LI><a href="#[ad]">&gt;&gt;</a>&nbsp;&nbsp;&nbsp;__scatterload_rt2
<LI><a href="#[a5]">&gt;&gt;</a>&nbsp;&nbsp;&nbsp;__main
</UL>

<P><STRONG><a name="[1de]"></a>__rt_entry_presh_1</STRONG> (Thumb, 0 bytes, Stack size unknown bytes, __rtentry2.o(.ARM.Collect$$rtentry$$00000002))

<P><STRONG><a name="[b0]"></a>__rt_entry_sh</STRONG> (Thumb, 0 bytes, Stack size unknown bytes, __rtentry4.o(.ARM.Collect$$rtentry$$00000004))
<BR><BR>[Stack]<UL><LI>Max Depth = 8 + Unknown Stack Size
<LI>Call Chain = __rt_entry_sh &rArr; __user_setup_stackheap
</UL>
<BR>[Calls]<UL><LI><a href="#[b1]">&gt;&gt;</a>&nbsp;&nbsp;&nbsp;__user_setup_stackheap
</UL>

<P><STRONG><a name="[b2]"></a>__rt_entry_li</STRONG> (Thumb, 0 bytes, Stack size unknown bytes, __rtentry2.o(.ARM.Collect$$rtentry$$0000000A))
<BR><BR>[Calls]<UL><LI><a href="#[b3]">&gt;&gt;</a>&nbsp;&nbsp;&nbsp;__rt_lib_init
</UL>

<P><STRONG><a name="[1df]"></a>__rt_entry_postsh_1</STRONG> (Thumb, 0 bytes, Stack size unknown bytes, __rtentry2.o(.ARM.Collect$$rtentry$$00000009))

<P><STRONG><a name="[b4]"></a>__rt_entry_postli_1</STRONG> (Thumb, 0 bytes, Stack size unknown bytes, __rtentry2.o(.ARM.Collect$$rtentry$$0000000B))
<BR><BR>[Stack]<UL><LI>Max Depth = 80 + Unknown Stack Size
<LI>Call Chain = __rt_entry_postli_1 &rArr; _platform_post_lib_init &rArr; osKernelInitialize &rArr; svcKernelInitialize &rArr; svcThreadCreate &rArr; rt_tsk_create &rArr; rt_init_context &rArr; rt_init_stack
</UL>
<BR>[Calls]<UL><LI><a href="#[b5]">&gt;&gt;</a>&nbsp;&nbsp;&nbsp;_platform_post_lib_init
</UL>

<P><STRONG><a name="[b6]"></a>__rt_entry_main</STRONG> (Thumb, 0 bytes, Stack size unknown bytes, __rtentry2.o(.ARM.Collect$$rtentry$$0000000D))
<BR><BR>[Stack]<UL><LI>Max Depth = 136 + Unknown Stack Size
<LI>Call Chain = __rt_entry_main &rArr; main &rArr; init_all &rArr; cfaf128x128x16Init &rArr; cfaf128x128x16Clear &rArr; cfaf128x128x16ClearColor &rArr; cfaf128x128x16Rect &rArr; cfaf128x128x16SetWindow &rArr; cfaf128x128x16WriteData &rArr; cfaf128x128x16SsiTransfer
</UL>
<BR>[Calls]<UL><LI><a href="#[a3]">&gt;&gt;</a>&nbsp;&nbsp;&nbsp;main
<LI><a href="#[b7]">&gt;&gt;</a>&nbsp;&nbsp;&nbsp;exit
</UL>

<P><STRONG><a name="[170]"></a>__rt_exit</STRONG> (Thumb, 0 bytes, Stack size unknown bytes, rtexit.o(.ARM.Collect$$rtexit$$00000000))
<BR><BR>[Called By]<UL><LI><a href="#[b7]">&gt;&gt;</a>&nbsp;&nbsp;&nbsp;exit
</UL>

<P><STRONG><a name="[b8]"></a>__rt_exit_ls</STRONG> (Thumb, 0 bytes, Stack size unknown bytes, rtexit2.o(.ARM.Collect$$rtexit$$00000003))
<BR><BR>[Calls]<UL><LI><a href="#[b9]">&gt;&gt;</a>&nbsp;&nbsp;&nbsp;__rt_lib_shutdown
</UL>

<P><STRONG><a name="[1e0]"></a>__rt_exit_prels_1</STRONG> (Thumb, 0 bytes, Stack size unknown bytes, rtexit2.o(.ARM.Collect$$rtexit$$00000002))

<P><STRONG><a name="[ba]"></a>__rt_exit_exit</STRONG> (Thumb, 0 bytes, Stack size unknown bytes, rtexit2.o(.ARM.Collect$$rtexit$$00000004))
<BR><BR>[Calls]<UL><LI><a href="#[bb]">&gt;&gt;</a>&nbsp;&nbsp;&nbsp;_sys_exit
</UL>

<P><STRONG><a name="[b5]"></a>_platform_post_lib_init</STRONG> (Thumb, 24 bytes, Stack size 0 bytes, rtx_conf_cm.o(.emb_text))
<BR><BR>[Stack]<UL><LI>Max Depth = 80 + Unknown Stack Size
<LI>Call Chain = _platform_post_lib_init &rArr; osKernelInitialize &rArr; svcKernelInitialize &rArr; svcThreadCreate &rArr; rt_tsk_create &rArr; rt_init_context &rArr; rt_init_stack
</UL>
<BR>[Calls]<UL><LI><a href="#[bd]">&gt;&gt;</a>&nbsp;&nbsp;&nbsp;osThreadCreate
<LI><a href="#[be]">&gt;&gt;</a>&nbsp;&nbsp;&nbsp;osKernelStart
<LI><a href="#[bc]">&gt;&gt;</a>&nbsp;&nbsp;&nbsp;osKernelInitialize
<LI><a href="#[b7]">&gt;&gt;</a>&nbsp;&nbsp;&nbsp;exit
</UL>
<BR>[Called By]<UL><LI><a href="#[b4]">&gt;&gt;</a>&nbsp;&nbsp;&nbsp;__rt_entry_postli_1
</UL>

<P><STRONG><a name="[bf]"></a>SysCtlDelay</STRONG> (Thumb, 6 bytes, Stack size 0 bytes, sysctl.o(.emb_text))
<BR><BR>[Calls]<UL><LI><a href="#[bf]">&gt;&gt;</a>&nbsp;&nbsp;&nbsp;SysCtlDelay
</UL>
<BR>[Called By]<UL><LI><a href="#[15e]">&gt;&gt;</a>&nbsp;&nbsp;&nbsp;read_reg
<LI><a href="#[15c]">&gt;&gt;</a>&nbsp;&nbsp;&nbsp;receive_multiple
<LI><a href="#[15b]">&gt;&gt;</a>&nbsp;&nbsp;&nbsp;send_multiple
<LI><a href="#[15a]">&gt;&gt;</a>&nbsp;&nbsp;&nbsp;receive_single
<LI><a href="#[159]">&gt;&gt;</a>&nbsp;&nbsp;&nbsp;send_single
<LI><a href="#[bf]">&gt;&gt;</a>&nbsp;&nbsp;&nbsp;SysCtlDelay
<LI><a href="#[13c]">&gt;&gt;</a>&nbsp;&nbsp;&nbsp;read_reg
<LI><a href="#[13a]">&gt;&gt;</a>&nbsp;&nbsp;&nbsp;receive_multiple
<LI><a href="#[138]">&gt;&gt;</a>&nbsp;&nbsp;&nbsp;send_multiple
<LI><a href="#[136]">&gt;&gt;</a>&nbsp;&nbsp;&nbsp;receive_single
<LI><a href="#[12f]">&gt;&gt;</a>&nbsp;&nbsp;&nbsp;send_single
<LI><a href="#[d3]">&gt;&gt;</a>&nbsp;&nbsp;&nbsp;opt_init
</UL>

<P><STRONG><a name="[1e1]"></a>rt_set_PSP</STRONG> (Thumb, 6 bytes, Stack size 0 bytes, hal_cm4.o(.emb_text), UNUSED)

<P><STRONG><a name="[1a6]"></a>rt_get_PSP</STRONG> (Thumb, 6 bytes, Stack size 0 bytes, hal_cm4.o(.emb_text))
<BR><BR>[Called By]<UL><LI><a href="#[1a5]">&gt;&gt;</a>&nbsp;&nbsp;&nbsp;rt_tsk_delete
</UL>

<P><STRONG><a name="[1e2]"></a>os_set_env</STRONG> (Thumb, 24 bytes, Stack size 0 bytes, hal_cm4.o(.emb_text), UNUSED)

<P><STRONG><a name="[1e3]"></a>_alloc_box</STRONG> (Thumb, 28 bytes, Stack size 0 bytes, hal_cm4.o(.emb_text), UNUSED)

<P><STRONG><a name="[1e4]"></a>_free_box</STRONG> (Thumb, 28 bytes, Stack size 0 bytes, hal_cm4.o(.emb_text), UNUSED)

<P><STRONG><a name="[9]"></a>SVC_Handler</STRONG> (Thumb, 168 bytes, Stack size 0 bytes, hal_cm4.o(.emb_text))
<BR><BR>[Calls]<UL><LI><a href="#[c0]">&gt;&gt;</a>&nbsp;&nbsp;&nbsp;rt_stk_check
</UL>
<BR>[Address Reference Count : 1]<UL><LI> startup_tm4c129.o(RESET)
</UL>
<P><STRONG><a name="[b]"></a>PendSV_Handler</STRONG> (Thumb, 96 bytes, Stack size 0 bytes, hal_cm4.o(.emb_text))
<BR><BR>[Stack]<UL><LI>Max Depth = 56<LI>Call Chain = PendSV_Handler &rArr; rt_pop_req &rArr; rt_mbx_psh &rArr; rt_ret_val2
</UL>
<BR>[Calls]<UL><LI><a href="#[c1]">&gt;&gt;</a>&nbsp;&nbsp;&nbsp;rt_pop_req
<LI><a href="#[c0]">&gt;&gt;</a>&nbsp;&nbsp;&nbsp;rt_stk_check
</UL>
<BR>[Address Reference Count : 1]<UL><LI> startup_tm4c129.o(RESET)
</UL>
<P><STRONG><a name="[c]"></a>SysTick_Handler</STRONG> (Thumb, 8 bytes, Stack size 0 bytes, hal_cm4.o(.emb_text))
<BR><BR>[Stack]<UL><LI>Max Depth = 72<LI>Call Chain = SysTick_Handler &rArr; rt_systick &rArr; sysTimerTick &rArr; isrMessagePut &rArr; isr_mbx_send &rArr; rt_psq_enq
</UL>
<BR>[Calls]<UL><LI><a href="#[c2]">&gt;&gt;</a>&nbsp;&nbsp;&nbsp;rt_systick
</UL>
<BR>[Address Reference Count : 1]<UL><LI> startup_tm4c129.o(RESET)
</UL>
<P><STRONG><a name="[c3]"></a>OS_Tick_Handler</STRONG> (Thumb, 12 bytes, Stack size 0 bytes, hal_cm4.o(.emb_text), UNUSED)
<BR><BR>[Calls]<UL><LI><a href="#[c4]">&gt;&gt;</a>&nbsp;&nbsp;&nbsp;os_tick_irqack
<LI><a href="#[c2]">&gt;&gt;</a>&nbsp;&nbsp;&nbsp;rt_systick
</UL>

<P><STRONG><a name="[c9]"></a>init_all</STRONG> (Thumb, 50 bytes, Stack size 8 bytes, blinky.o(.text))
<BR><BR>[Stack]<UL><LI>Max Depth = 136<LI>Call Chain = init_all &rArr; cfaf128x128x16Init &rArr; cfaf128x128x16Clear &rArr; cfaf128x128x16ClearColor &rArr; cfaf128x128x16Rect &rArr; cfaf128x128x16SetWindow &rArr; cfaf128x128x16WriteData &rArr; cfaf128x128x16SsiTransfer
</UL>
<BR>[Calls]<UL><LI><a href="#[d2]">&gt;&gt;</a>&nbsp;&nbsp;&nbsp;temp_init
<LI><a href="#[d1]">&gt;&gt;</a>&nbsp;&nbsp;&nbsp;servo_init
<LI><a href="#[d0]">&gt;&gt;</a>&nbsp;&nbsp;&nbsp;rgb_init
<LI><a href="#[d3]">&gt;&gt;</a>&nbsp;&nbsp;&nbsp;opt_init
<LI><a href="#[cf]">&gt;&gt;</a>&nbsp;&nbsp;&nbsp;mic_init
<LI><a href="#[d4]">&gt;&gt;</a>&nbsp;&nbsp;&nbsp;led_init
<LI><a href="#[cb]">&gt;&gt;</a>&nbsp;&nbsp;&nbsp;joy_init
<LI><a href="#[ca]">&gt;&gt;</a>&nbsp;&nbsp;&nbsp;cfaf128x128x16Init
<LI><a href="#[cd]">&gt;&gt;</a>&nbsp;&nbsp;&nbsp;buzzer_init
<LI><a href="#[ce]">&gt;&gt;</a>&nbsp;&nbsp;&nbsp;button_init
<LI><a href="#[cc]">&gt;&gt;</a>&nbsp;&nbsp;&nbsp;accel_init
</UL>
<BR>[Called By]<UL><LI><a href="#[a3]">&gt;&gt;</a>&nbsp;&nbsp;&nbsp;main
</UL>

<P><STRONG><a name="[d5]"></a>draw_circle</STRONG> (Thumb, 40 bytes, Stack size 8 bytes, blinky.o(.text))
<BR><BR>[Stack]<UL><LI>Max Depth = 48<LI>Call Chain = draw_circle &rArr; GrCircleDraw
</UL>
<BR>[Calls]<UL><LI><a href="#[d6]">&gt;&gt;</a>&nbsp;&nbsp;&nbsp;GrCircleDraw
</UL>
<BR>[Called By]<UL><LI><a href="#[ff]">&gt;&gt;</a>&nbsp;&nbsp;&nbsp;t_joy
<LI><a href="#[94]">&gt;&gt;</a>&nbsp;&nbsp;&nbsp;t_buzzer
<LI><a href="#[d9]">&gt;&gt;</a>&nbsp;&nbsp;&nbsp;init_sidelong_menu
</UL>

<P><STRONG><a name="[d7]"></a>fill_circle</STRONG> (Thumb, 42 bytes, Stack size 8 bytes, blinky.o(.text))
<BR><BR>[Stack]<UL><LI>Max Depth = 56<LI>Call Chain = fill_circle &rArr; GrCircleFill &rArr; GrLineDrawH
</UL>
<BR>[Calls]<UL><LI><a href="#[d8]">&gt;&gt;</a>&nbsp;&nbsp;&nbsp;GrCircleFill
</UL>
<BR>[Called By]<UL><LI><a href="#[ff]">&gt;&gt;</a>&nbsp;&nbsp;&nbsp;t_joy
<LI><a href="#[94]">&gt;&gt;</a>&nbsp;&nbsp;&nbsp;t_buzzer
<LI><a href="#[e1]">&gt;&gt;</a>&nbsp;&nbsp;&nbsp;thread_status
</UL>

<P><STRONG><a name="[d9]"></a>init_sidelong_menu</STRONG> (Thumb, 276 bytes, Stack size 24 bytes, blinky.o(.text))
<BR><BR>[Stack]<UL><LI>Max Depth = 72<LI>Call Chain = init_sidelong_menu &rArr; draw_circle &rArr; GrCircleDraw
</UL>
<BR>[Calls]<UL><LI><a href="#[dc]">&gt;&gt;</a>&nbsp;&nbsp;&nbsp;GrStringDraw
<LI><a href="#[da]">&gt;&gt;</a>&nbsp;&nbsp;&nbsp;GrContextInit
<LI><a href="#[db]">&gt;&gt;</a>&nbsp;&nbsp;&nbsp;GrContextFontSet
<LI><a href="#[d5]">&gt;&gt;</a>&nbsp;&nbsp;&nbsp;draw_circle
</UL>
<BR>[Called By]<UL><LI><a href="#[a3]">&gt;&gt;</a>&nbsp;&nbsp;&nbsp;main
</UL>

<P><STRONG><a name="[ec]"></a>saturate</STRONG> (Thumb, 114 bytes, Stack size 24 bytes, blinky.o(.text))
<BR><BR>[Stack]<UL><LI>Max Depth = 24<LI>Call Chain = saturate
</UL>
<BR>[Called By]<UL><LI><a href="#[95]">&gt;&gt;</a>&nbsp;&nbsp;&nbsp;t_rgb
</UL>

<P><STRONG><a name="[dd]"></a>Switch_On</STRONG> (Thumb, 10 bytes, Stack size 0 bytes, blinky.o(.text), UNUSED)
<BR><BR>[Calls]<UL><LI><a href="#[de]">&gt;&gt;</a>&nbsp;&nbsp;&nbsp;led_on
</UL>

<P><STRONG><a name="[df]"></a>Switch_Off</STRONG> (Thumb, 10 bytes, Stack size 0 bytes, blinky.o(.text), UNUSED)
<BR><BR>[Calls]<UL><LI><a href="#[e0]">&gt;&gt;</a>&nbsp;&nbsp;&nbsp;led_off
</UL>

<P><STRONG><a name="[e1]"></a>thread_status</STRONG> (Thumb, 62 bytes, Stack size 24 bytes, blinky.o(.text))
<BR><BR>[Stack]<UL><LI>Max Depth = 80<LI>Call Chain = thread_status &rArr; fill_circle &rArr; GrCircleFill &rArr; GrLineDrawH
</UL>
<BR>[Calls]<UL><LI><a href="#[e2]">&gt;&gt;</a>&nbsp;&nbsp;&nbsp;osMutexWait
<LI><a href="#[e3]">&gt;&gt;</a>&nbsp;&nbsp;&nbsp;osMutexRelease
<LI><a href="#[d7]">&gt;&gt;</a>&nbsp;&nbsp;&nbsp;fill_circle
</UL>
<BR>[Called By]<UL><LI><a href="#[ff]">&gt;&gt;</a>&nbsp;&nbsp;&nbsp;t_joy
<LI><a href="#[9a]">&gt;&gt;</a>&nbsp;&nbsp;&nbsp;t_accel
<LI><a href="#[99]">&gt;&gt;</a>&nbsp;&nbsp;&nbsp;t_servo
<LI><a href="#[98]">&gt;&gt;</a>&nbsp;&nbsp;&nbsp;t_temp
<LI><a href="#[97]">&gt;&gt;</a>&nbsp;&nbsp;&nbsp;t_light
<LI><a href="#[96]">&gt;&gt;</a>&nbsp;&nbsp;&nbsp;t_mic
<LI><a href="#[95]">&gt;&gt;</a>&nbsp;&nbsp;&nbsp;t_rgb
<LI><a href="#[94]">&gt;&gt;</a>&nbsp;&nbsp;&nbsp;t_buzzer
</UL>

<P><STRONG><a name="[94]"></a>t_buzzer</STRONG> (Thumb, 386 bytes, Stack size 24 bytes, blinky.o(.text))
<BR><BR>[Stack]<UL><LI>Max Depth = 104<LI>Call Chain = t_buzzer &rArr; thread_status &rArr; fill_circle &rArr; GrCircleFill &rArr; GrLineDrawH
</UL>
<BR>[Calls]<UL><LI><a href="#[e2]">&gt;&gt;</a>&nbsp;&nbsp;&nbsp;osMutexWait
<LI><a href="#[e3]">&gt;&gt;</a>&nbsp;&nbsp;&nbsp;osMutexRelease
<LI><a href="#[e9]">&gt;&gt;</a>&nbsp;&nbsp;&nbsp;osDelay
<LI><a href="#[e8]">&gt;&gt;</a>&nbsp;&nbsp;&nbsp;buzzer_write
<LI><a href="#[e7]">&gt;&gt;</a>&nbsp;&nbsp;&nbsp;buzzer_vol_set
<LI><a href="#[e4]">&gt;&gt;</a>&nbsp;&nbsp;&nbsp;buzzer_per_set
<LI><a href="#[e6]">&gt;&gt;</a>&nbsp;&nbsp;&nbsp;button_read_s2
<LI><a href="#[e5]">&gt;&gt;</a>&nbsp;&nbsp;&nbsp;button_read_s1
<LI><a href="#[dc]">&gt;&gt;</a>&nbsp;&nbsp;&nbsp;GrStringDraw
<LI><a href="#[e1]">&gt;&gt;</a>&nbsp;&nbsp;&nbsp;thread_status
<LI><a href="#[d7]">&gt;&gt;</a>&nbsp;&nbsp;&nbsp;fill_circle
<LI><a href="#[d5]">&gt;&gt;</a>&nbsp;&nbsp;&nbsp;draw_circle
<LI><a href="#[c5]">&gt;&gt;</a>&nbsp;&nbsp;&nbsp;intToString
</UL>
<BR>[Address Reference Count : 1]<UL><LI> blinky.o(.constdata)
</UL>
<P><STRONG><a name="[95]"></a>t_rgb</STRONG> (Thumb, 672 bytes, Stack size 80 bytes, blinky.o(.text))
<BR><BR>[Stack]<UL><LI>Max Depth = 160<LI>Call Chain = t_rgb &rArr; thread_status &rArr; fill_circle &rArr; GrCircleFill &rArr; GrLineDrawH
</UL>
<BR>[Calls]<UL><LI><a href="#[ed]">&gt;&gt;</a>&nbsp;&nbsp;&nbsp;rgb_write_color
<LI><a href="#[e2]">&gt;&gt;</a>&nbsp;&nbsp;&nbsp;osMutexWait
<LI><a href="#[e3]">&gt;&gt;</a>&nbsp;&nbsp;&nbsp;osMutexRelease
<LI><a href="#[ea]">&gt;&gt;</a>&nbsp;&nbsp;&nbsp;osMailGet
<LI><a href="#[eb]">&gt;&gt;</a>&nbsp;&nbsp;&nbsp;osMailFree
<LI><a href="#[e9]">&gt;&gt;</a>&nbsp;&nbsp;&nbsp;osDelay
<LI><a href="#[dc]">&gt;&gt;</a>&nbsp;&nbsp;&nbsp;GrStringDraw
<LI><a href="#[ee]">&gt;&gt;</a>&nbsp;&nbsp;&nbsp;GrRectFill
<LI><a href="#[e1]">&gt;&gt;</a>&nbsp;&nbsp;&nbsp;thread_status
<LI><a href="#[ec]">&gt;&gt;</a>&nbsp;&nbsp;&nbsp;saturate
<LI><a href="#[c5]">&gt;&gt;</a>&nbsp;&nbsp;&nbsp;intToString
</UL>
<BR>[Address Reference Count : 1]<UL><LI> blinky.o(.constdata)
</UL>
<P><STRONG><a name="[96]"></a>t_mic</STRONG> (Thumb, 410 bytes, Stack size 56 bytes, blinky.o(.text))
<BR><BR>[Stack]<UL><LI>Max Depth = 136<LI>Call Chain = t_mic &rArr; thread_status &rArr; fill_circle &rArr; GrCircleFill &rArr; GrLineDrawH
</UL>
<BR>[Calls]<UL><LI><a href="#[e2]">&gt;&gt;</a>&nbsp;&nbsp;&nbsp;osMutexWait
<LI><a href="#[e3]">&gt;&gt;</a>&nbsp;&nbsp;&nbsp;osMutexRelease
<LI><a href="#[e9]">&gt;&gt;</a>&nbsp;&nbsp;&nbsp;osDelay
<LI><a href="#[ef]">&gt;&gt;</a>&nbsp;&nbsp;&nbsp;mic_read
<LI><a href="#[de]">&gt;&gt;</a>&nbsp;&nbsp;&nbsp;led_on
<LI><a href="#[e0]">&gt;&gt;</a>&nbsp;&nbsp;&nbsp;led_off
<LI><a href="#[dc]">&gt;&gt;</a>&nbsp;&nbsp;&nbsp;GrStringDraw
<LI><a href="#[e1]">&gt;&gt;</a>&nbsp;&nbsp;&nbsp;thread_status
<LI><a href="#[c5]">&gt;&gt;</a>&nbsp;&nbsp;&nbsp;intToString
<LI><a href="#[f0]">&gt;&gt;</a>&nbsp;&nbsp;&nbsp;__aeabi_f2d
<LI><a href="#[f2]">&gt;&gt;</a>&nbsp;&nbsp;&nbsp;__aeabi_dmul
<LI><a href="#[f1]">&gt;&gt;</a>&nbsp;&nbsp;&nbsp;__aeabi_dsub
<LI><a href="#[f3]">&gt;&gt;</a>&nbsp;&nbsp;&nbsp;__aeabi_d2f
</UL>
<BR>[Address Reference Count : 1]<UL><LI> blinky.o(.constdata)
</UL>
<P><STRONG><a name="[97]"></a>t_light</STRONG> (Thumb, 176 bytes, Stack size 32 bytes, blinky.o(.text))
<BR><BR>[Stack]<UL><LI>Max Depth = 128<LI>Call Chain = t_light &rArr; floatToString &rArr; intToString &rArr; __aeabi_ldivmod
</UL>
<BR>[Calls]<UL><LI><a href="#[e2]">&gt;&gt;</a>&nbsp;&nbsp;&nbsp;osMutexWait
<LI><a href="#[e3]">&gt;&gt;</a>&nbsp;&nbsp;&nbsp;osMutexRelease
<LI><a href="#[e9]">&gt;&gt;</a>&nbsp;&nbsp;&nbsp;osDelay
<LI><a href="#[f4]">&gt;&gt;</a>&nbsp;&nbsp;&nbsp;opt_read_lux
<LI><a href="#[dc]">&gt;&gt;</a>&nbsp;&nbsp;&nbsp;GrStringDraw
<LI><a href="#[e1]">&gt;&gt;</a>&nbsp;&nbsp;&nbsp;thread_status
<LI><a href="#[c7]">&gt;&gt;</a>&nbsp;&nbsp;&nbsp;floatToString
</UL>
<BR>[Address Reference Count : 1]<UL><LI> blinky.o(.constdata)
</UL>
<P><STRONG><a name="[98]"></a>t_temp</STRONG> (Thumb, 188 bytes, Stack size 40 bytes, blinky.o(.text))
<BR><BR>[Stack]<UL><LI>Max Depth = 136<LI>Call Chain = t_temp &rArr; floatToString &rArr; intToString &rArr; __aeabi_ldivmod
</UL>
<BR>[Calls]<UL><LI><a href="#[f5]">&gt;&gt;</a>&nbsp;&nbsp;&nbsp;temp_read
<LI><a href="#[e2]">&gt;&gt;</a>&nbsp;&nbsp;&nbsp;osMutexWait
<LI><a href="#[e3]">&gt;&gt;</a>&nbsp;&nbsp;&nbsp;osMutexRelease
<LI><a href="#[e9]">&gt;&gt;</a>&nbsp;&nbsp;&nbsp;osDelay
<LI><a href="#[dc]">&gt;&gt;</a>&nbsp;&nbsp;&nbsp;GrStringDraw
<LI><a href="#[e1]">&gt;&gt;</a>&nbsp;&nbsp;&nbsp;thread_status
<LI><a href="#[c7]">&gt;&gt;</a>&nbsp;&nbsp;&nbsp;floatToString
<LI><a href="#[f2]">&gt;&gt;</a>&nbsp;&nbsp;&nbsp;__aeabi_dmul
<LI><a href="#[f6]">&gt;&gt;</a>&nbsp;&nbsp;&nbsp;__aeabi_i2d
<LI><a href="#[f3]">&gt;&gt;</a>&nbsp;&nbsp;&nbsp;__aeabi_d2f
</UL>
<BR>[Address Reference Count : 1]<UL><LI> blinky.o(.constdata)
</UL>
<P><STRONG><a name="[99]"></a>t_servo</STRONG> (Thumb, 184 bytes, Stack size 32 bytes, blinky.o(.text))
<BR><BR>[Stack]<UL><LI>Max Depth = 112<LI>Call Chain = t_servo &rArr; thread_status &rArr; fill_circle &rArr; GrCircleFill &rArr; GrLineDrawH
</UL>
<BR>[Calls]<UL><LI><a href="#[f7]">&gt;&gt;</a>&nbsp;&nbsp;&nbsp;servo_write
<LI><a href="#[e2]">&gt;&gt;</a>&nbsp;&nbsp;&nbsp;osMutexWait
<LI><a href="#[e3]">&gt;&gt;</a>&nbsp;&nbsp;&nbsp;osMutexRelease
<LI><a href="#[ea]">&gt;&gt;</a>&nbsp;&nbsp;&nbsp;osMailGet
<LI><a href="#[eb]">&gt;&gt;</a>&nbsp;&nbsp;&nbsp;osMailFree
<LI><a href="#[dc]">&gt;&gt;</a>&nbsp;&nbsp;&nbsp;GrStringDraw
<LI><a href="#[e1]">&gt;&gt;</a>&nbsp;&nbsp;&nbsp;thread_status
<LI><a href="#[c5]">&gt;&gt;</a>&nbsp;&nbsp;&nbsp;intToString
</UL>
<BR>[Address Reference Count : 1]<UL><LI> blinky.o(.constdata)
</UL>
<P><STRONG><a name="[9a]"></a>t_accel</STRONG> (Thumb, 416 bytes, Stack size 64 bytes, blinky.o(.text))
<BR><BR>[Stack]<UL><LI>Max Depth = 160<LI>Call Chain = t_accel &rArr; floatToString &rArr; intToString &rArr; __aeabi_ldivmod
</UL>
<BR>[Calls]<UL><LI><a href="#[e2]">&gt;&gt;</a>&nbsp;&nbsp;&nbsp;osMutexWait
<LI><a href="#[e3]">&gt;&gt;</a>&nbsp;&nbsp;&nbsp;osMutexRelease
<LI><a href="#[fe]">&gt;&gt;</a>&nbsp;&nbsp;&nbsp;osMailPut
<LI><a href="#[fd]">&gt;&gt;</a>&nbsp;&nbsp;&nbsp;osMailAlloc
<LI><a href="#[e9]">&gt;&gt;</a>&nbsp;&nbsp;&nbsp;osDelay
<LI><a href="#[fa]">&gt;&gt;</a>&nbsp;&nbsp;&nbsp;accel_read_z
<LI><a href="#[f9]">&gt;&gt;</a>&nbsp;&nbsp;&nbsp;accel_read_y
<LI><a href="#[f8]">&gt;&gt;</a>&nbsp;&nbsp;&nbsp;accel_read_x
<LI><a href="#[dc]">&gt;&gt;</a>&nbsp;&nbsp;&nbsp;GrStringDraw
<LI><a href="#[e1]">&gt;&gt;</a>&nbsp;&nbsp;&nbsp;thread_status
<LI><a href="#[c7]">&gt;&gt;</a>&nbsp;&nbsp;&nbsp;floatToString
<LI><a href="#[f2]">&gt;&gt;</a>&nbsp;&nbsp;&nbsp;__aeabi_dmul
<LI><a href="#[fb]">&gt;&gt;</a>&nbsp;&nbsp;&nbsp;__aeabi_ui2d
<LI><a href="#[fc]">&gt;&gt;</a>&nbsp;&nbsp;&nbsp;__aeabi_ddiv
<LI><a href="#[f3]">&gt;&gt;</a>&nbsp;&nbsp;&nbsp;__aeabi_d2f
</UL>
<BR>[Address Reference Count : 1]<UL><LI> blinky.o(.constdata)
</UL>
<P><STRONG><a name="[ff]"></a>t_joy</STRONG> (Thumb, 424 bytes, Stack size 32 bytes, blinky.o(.text))
<BR><BR>[Stack]<UL><LI>Max Depth = 112<LI>Call Chain = t_joy &rArr; thread_status &rArr; fill_circle &rArr; GrCircleFill &rArr; GrLineDrawH
</UL>
<BR>[Calls]<UL><LI><a href="#[e2]">&gt;&gt;</a>&nbsp;&nbsp;&nbsp;osMutexWait
<LI><a href="#[e3]">&gt;&gt;</a>&nbsp;&nbsp;&nbsp;osMutexRelease
<LI><a href="#[fe]">&gt;&gt;</a>&nbsp;&nbsp;&nbsp;osMailPut
<LI><a href="#[fd]">&gt;&gt;</a>&nbsp;&nbsp;&nbsp;osMailAlloc
<LI><a href="#[e9]">&gt;&gt;</a>&nbsp;&nbsp;&nbsp;osDelay
<LI><a href="#[101]">&gt;&gt;</a>&nbsp;&nbsp;&nbsp;joy_read_y
<LI><a href="#[100]">&gt;&gt;</a>&nbsp;&nbsp;&nbsp;joy_read_x
<LI><a href="#[102]">&gt;&gt;</a>&nbsp;&nbsp;&nbsp;joy_read_center
<LI><a href="#[dc]">&gt;&gt;</a>&nbsp;&nbsp;&nbsp;GrStringDraw
<LI><a href="#[e1]">&gt;&gt;</a>&nbsp;&nbsp;&nbsp;thread_status
<LI><a href="#[d7]">&gt;&gt;</a>&nbsp;&nbsp;&nbsp;fill_circle
<LI><a href="#[d5]">&gt;&gt;</a>&nbsp;&nbsp;&nbsp;draw_circle
<LI><a href="#[c5]">&gt;&gt;</a>&nbsp;&nbsp;&nbsp;intToString
</UL>
<BR>[Called By]<UL><LI><a href="#[a3]">&gt;&gt;</a>&nbsp;&nbsp;&nbsp;main
</UL>

<P><STRONG><a name="[a3]"></a>main</STRONG> (Thumb, 170 bytes, Stack size 0 bytes, blinky.o(.text))
<BR><BR>[Stack]<UL><LI>Max Depth = 136<LI>Call Chain = main &rArr; init_all &rArr; cfaf128x128x16Init &rArr; cfaf128x128x16Clear &rArr; cfaf128x128x16ClearColor &rArr; cfaf128x128x16Rect &rArr; cfaf128x128x16SetWindow &rArr; cfaf128x128x16WriteData &rArr; cfaf128x128x16SsiTransfer
</UL>
<BR>[Calls]<UL><LI><a href="#[bd]">&gt;&gt;</a>&nbsp;&nbsp;&nbsp;osThreadCreate
<LI><a href="#[103]">&gt;&gt;</a>&nbsp;&nbsp;&nbsp;osMutexCreate
<LI><a href="#[104]">&gt;&gt;</a>&nbsp;&nbsp;&nbsp;osMailCreate
<LI><a href="#[be]">&gt;&gt;</a>&nbsp;&nbsp;&nbsp;osKernelStart
<LI><a href="#[bc]">&gt;&gt;</a>&nbsp;&nbsp;&nbsp;osKernelInitialize
<LI><a href="#[ff]">&gt;&gt;</a>&nbsp;&nbsp;&nbsp;t_joy
<LI><a href="#[d9]">&gt;&gt;</a>&nbsp;&nbsp;&nbsp;init_sidelong_menu
<LI><a href="#[c9]">&gt;&gt;</a>&nbsp;&nbsp;&nbsp;init_all
</UL>
<BR>[Called By]<UL><LI><a href="#[b6]">&gt;&gt;</a>&nbsp;&nbsp;&nbsp;__rt_entry_main
</UL>
<BR>[Address Reference Count : 1]<UL><LI> rtx_conf_cm.o(.constdata)
</UL>
<P><STRONG><a name="[e8]"></a>buzzer_write</STRONG> (Thumb, 14 bytes, Stack size 0 bytes, buzzer.o(.text))
<BR><BR>[Calls]<UL><LI><a href="#[107]">&gt;&gt;</a>&nbsp;&nbsp;&nbsp;PWMOutputState
</UL>
<BR>[Called By]<UL><LI><a href="#[e4]">&gt;&gt;</a>&nbsp;&nbsp;&nbsp;buzzer_per_set
<LI><a href="#[cd]">&gt;&gt;</a>&nbsp;&nbsp;&nbsp;buzzer_init
<LI><a href="#[94]">&gt;&gt;</a>&nbsp;&nbsp;&nbsp;t_buzzer
</UL>

<P><STRONG><a name="[e7]"></a>buzzer_vol_set</STRONG> (Thumb, 54 bytes, Stack size 16 bytes, buzzer.o(.text))
<BR><BR>[Stack]<UL><LI>Max Depth = 16<LI>Call Chain = buzzer_vol_set
</UL>
<BR>[Calls]<UL><LI><a href="#[109]">&gt;&gt;</a>&nbsp;&nbsp;&nbsp;PWMPulseWidthSet
<LI><a href="#[108]">&gt;&gt;</a>&nbsp;&nbsp;&nbsp;PWMGenPeriodGet
</UL>
<BR>[Called By]<UL><LI><a href="#[e4]">&gt;&gt;</a>&nbsp;&nbsp;&nbsp;buzzer_per_set
<LI><a href="#[cd]">&gt;&gt;</a>&nbsp;&nbsp;&nbsp;buzzer_init
<LI><a href="#[94]">&gt;&gt;</a>&nbsp;&nbsp;&nbsp;t_buzzer
</UL>

<P><STRONG><a name="[e4]"></a>buzzer_per_set</STRONG> (Thumb, 48 bytes, Stack size 16 bytes, buzzer.o(.text))
<BR><BR>[Stack]<UL><LI>Max Depth = 32<LI>Call Chain = buzzer_per_set &rArr; buzzer_vol_set
</UL>
<BR>[Calls]<UL><LI><a href="#[10a]">&gt;&gt;</a>&nbsp;&nbsp;&nbsp;PWMGenPeriodSet
<LI><a href="#[e8]">&gt;&gt;</a>&nbsp;&nbsp;&nbsp;buzzer_write
<LI><a href="#[e7]">&gt;&gt;</a>&nbsp;&nbsp;&nbsp;buzzer_vol_set
</UL>
<BR>[Called By]<UL><LI><a href="#[cd]">&gt;&gt;</a>&nbsp;&nbsp;&nbsp;buzzer_init
<LI><a href="#[94]">&gt;&gt;</a>&nbsp;&nbsp;&nbsp;t_buzzer
</UL>

<P><STRONG><a name="[cd]"></a>buzzer_init</STRONG> (Thumb, 120 bytes, Stack size 8 bytes, buzzer.o(.text))
<BR><BR>[Stack]<UL><LI>Max Depth = 44<LI>Call Chain = buzzer_init &rArr; GPIOPinTypePWM &rArr; GPIOPadConfigSet
</UL>
<BR>[Calls]<UL><LI><a href="#[10c]">&gt;&gt;</a>&nbsp;&nbsp;&nbsp;SysCtlPeripheralReady
<LI><a href="#[10b]">&gt;&gt;</a>&nbsp;&nbsp;&nbsp;SysCtlPeripheralEnable
<LI><a href="#[110]">&gt;&gt;</a>&nbsp;&nbsp;&nbsp;PWMOutputInvert
<LI><a href="#[111]">&gt;&gt;</a>&nbsp;&nbsp;&nbsp;PWMGenEnable
<LI><a href="#[10f]">&gt;&gt;</a>&nbsp;&nbsp;&nbsp;PWMGenConfigure
<LI><a href="#[10d]">&gt;&gt;</a>&nbsp;&nbsp;&nbsp;GPIOPinTypePWM
<LI><a href="#[10e]">&gt;&gt;</a>&nbsp;&nbsp;&nbsp;GPIOPinConfigure
<LI><a href="#[105]">&gt;&gt;</a>&nbsp;&nbsp;&nbsp;buzzer_div_set
<LI><a href="#[e8]">&gt;&gt;</a>&nbsp;&nbsp;&nbsp;buzzer_write
<LI><a href="#[e7]">&gt;&gt;</a>&nbsp;&nbsp;&nbsp;buzzer_vol_set
<LI><a href="#[e4]">&gt;&gt;</a>&nbsp;&nbsp;&nbsp;buzzer_per_set
</UL>
<BR>[Called By]<UL><LI><a href="#[c9]">&gt;&gt;</a>&nbsp;&nbsp;&nbsp;init_all
</UL>

<P><STRONG><a name="[cc]"></a>accel_init</STRONG> (Thumb, 18 bytes, Stack size 8 bytes, accel.o(.text))
<BR><BR>[Stack]<UL><LI>Max Depth = 8<LI>Call Chain = accel_init
</UL>
<BR>[Calls]<UL><LI><a href="#[10b]">&gt;&gt;</a>&nbsp;&nbsp;&nbsp;SysCtlPeripheralEnable
</UL>
<BR>[Called By]<UL><LI><a href="#[c9]">&gt;&gt;</a>&nbsp;&nbsp;&nbsp;init_all
</UL>

<P><STRONG><a name="[f8]"></a>accel_read_x</STRONG> (Thumb, 8 bytes, Stack size 0 bytes, accel.o(.text))
<BR><BR>[Stack]<UL><LI>Max Depth = 60<LI>Call Chain = accel_read_x &rArr; analog_read &rArr; GPIOPinTypeADC &rArr; GPIOPadConfigSet
</UL>
<BR>[Calls]<UL><LI><a href="#[112]">&gt;&gt;</a>&nbsp;&nbsp;&nbsp;analog_read
</UL>
<BR>[Called By]<UL><LI><a href="#[9a]">&gt;&gt;</a>&nbsp;&nbsp;&nbsp;t_accel
</UL>

<P><STRONG><a name="[f9]"></a>accel_read_y</STRONG> (Thumb, 8 bytes, Stack size 0 bytes, accel.o(.text))
<BR><BR>[Stack]<UL><LI>Max Depth = 60<LI>Call Chain = accel_read_y &rArr; analog_read &rArr; GPIOPinTypeADC &rArr; GPIOPadConfigSet
</UL>
<BR>[Calls]<UL><LI><a href="#[112]">&gt;&gt;</a>&nbsp;&nbsp;&nbsp;analog_read
</UL>
<BR>[Called By]<UL><LI><a href="#[9a]">&gt;&gt;</a>&nbsp;&nbsp;&nbsp;t_accel
</UL>

<P><STRONG><a name="[fa]"></a>accel_read_z</STRONG> (Thumb, 8 bytes, Stack size 0 bytes, accel.o(.text))
<BR><BR>[Stack]<UL><LI>Max Depth = 60<LI>Call Chain = accel_read_z &rArr; analog_read &rArr; GPIOPinTypeADC &rArr; GPIOPadConfigSet
</UL>
<BR>[Calls]<UL><LI><a href="#[112]">&gt;&gt;</a>&nbsp;&nbsp;&nbsp;analog_read
</UL>
<BR>[Called By]<UL><LI><a href="#[9a]">&gt;&gt;</a>&nbsp;&nbsp;&nbsp;t_accel
</UL>

<P><STRONG><a name="[ce]"></a>button_init</STRONG> (Thumb, 42 bytes, Stack size 8 bytes, buttons.o(.text))
<BR><BR>[Stack]<UL><LI>Max Depth = 44<LI>Call Chain = button_init &rArr; GPIOPinTypeGPIOInput &rArr; GPIOPadConfigSet
</UL>
<BR>[Calls]<UL><LI><a href="#[11b]">&gt;&gt;</a>&nbsp;&nbsp;&nbsp;GPIOPinTypeGPIOInput
<LI><a href="#[10c]">&gt;&gt;</a>&nbsp;&nbsp;&nbsp;SysCtlPeripheralReady
<LI><a href="#[10b]">&gt;&gt;</a>&nbsp;&nbsp;&nbsp;SysCtlPeripheralEnable
</UL>
<BR>[Called By]<UL><LI><a href="#[c9]">&gt;&gt;</a>&nbsp;&nbsp;&nbsp;init_all
</UL>

<P><STRONG><a name="[e5]"></a>button_read_s1</STRONG> (Thumb, 20 bytes, Stack size 8 bytes, buttons.o(.text))
<BR><BR>[Stack]<UL><LI>Max Depth = 8<LI>Call Chain = button_read_s1
</UL>
<BR>[Calls]<UL><LI><a href="#[11c]">&gt;&gt;</a>&nbsp;&nbsp;&nbsp;GPIOPinRead
</UL>
<BR>[Called By]<UL><LI><a href="#[94]">&gt;&gt;</a>&nbsp;&nbsp;&nbsp;t_buzzer
</UL>

<P><STRONG><a name="[e6]"></a>button_read_s2</STRONG> (Thumb, 20 bytes, Stack size 8 bytes, buttons.o(.text))
<BR><BR>[Stack]<UL><LI>Max Depth = 8<LI>Call Chain = button_read_s2
</UL>
<BR>[Calls]<UL><LI><a href="#[11c]">&gt;&gt;</a>&nbsp;&nbsp;&nbsp;GPIOPinRead
</UL>
<BR>[Called By]<UL><LI><a href="#[94]">&gt;&gt;</a>&nbsp;&nbsp;&nbsp;t_buzzer
</UL>

<P><STRONG><a name="[122]"></a>cfaf128x128x16Rect</STRONG> (Thumb, 100 bytes, Stack size 32 bytes, cfaf128x128x16.o(.text))
<BR><BR>[Stack]<UL><LI>Max Depth = 96<LI>Call Chain = cfaf128x128x16Rect &rArr; cfaf128x128x16SetWindow &rArr; cfaf128x128x16WriteData &rArr; cfaf128x128x16SsiTransfer
</UL>
<BR>[Calls]<UL><LI><a href="#[121]">&gt;&gt;</a>&nbsp;&nbsp;&nbsp;cfaf128x128x16SetWindow
<LI><a href="#[11e]">&gt;&gt;</a>&nbsp;&nbsp;&nbsp;cfaf128x128x16SsiTransfer
</UL>
<BR>[Called By]<UL><LI><a href="#[129]">&gt;&gt;</a>&nbsp;&nbsp;&nbsp;cfaf128x128x16ClearColor
<LI><a href="#[125]">&gt;&gt;</a>&nbsp;&nbsp;&nbsp;cfaf128x128x16Dot
<LI><a href="#[124]">&gt;&gt;</a>&nbsp;&nbsp;&nbsp;cfaf128x128x16LineHor
<LI><a href="#[123]">&gt;&gt;</a>&nbsp;&nbsp;&nbsp;cfaf128x128x16LineVer
<LI><a href="#[9f]">&gt;&gt;</a>&nbsp;&nbsp;&nbsp;cfaf128x128x16RectFill
</UL>

<P><STRONG><a name="[123]"></a>cfaf128x128x16LineVer</STRONG> (Thumb, 22 bytes, Stack size 16 bytes, cfaf128x128x16.o(.text))
<BR><BR>[Stack]<UL><LI>Max Depth = 112<LI>Call Chain = cfaf128x128x16LineVer &rArr; cfaf128x128x16Rect &rArr; cfaf128x128x16SetWindow &rArr; cfaf128x128x16WriteData &rArr; cfaf128x128x16SsiTransfer
</UL>
<BR>[Calls]<UL><LI><a href="#[122]">&gt;&gt;</a>&nbsp;&nbsp;&nbsp;cfaf128x128x16Rect
</UL>
<BR>[Called By]<UL><LI><a href="#[9e]">&gt;&gt;</a>&nbsp;&nbsp;&nbsp;cfaf128x128x16LineDrawV
</UL>

<P><STRONG><a name="[124]"></a>cfaf128x128x16LineHor</STRONG> (Thumb, 16 bytes, Stack size 16 bytes, cfaf128x128x16.o(.text))
<BR><BR>[Stack]<UL><LI>Max Depth = 112<LI>Call Chain = cfaf128x128x16LineHor &rArr; cfaf128x128x16Rect &rArr; cfaf128x128x16SetWindow &rArr; cfaf128x128x16WriteData &rArr; cfaf128x128x16SsiTransfer
</UL>
<BR>[Calls]<UL><LI><a href="#[122]">&gt;&gt;</a>&nbsp;&nbsp;&nbsp;cfaf128x128x16Rect
</UL>
<BR>[Called By]<UL><LI><a href="#[9d]">&gt;&gt;</a>&nbsp;&nbsp;&nbsp;cfaf128x128x16LineDrawH
</UL>

<P><STRONG><a name="[125]"></a>cfaf128x128x16Dot</STRONG> (Thumb, 22 bytes, Stack size 16 bytes, cfaf128x128x16.o(.text))
<BR><BR>[Stack]<UL><LI>Max Depth = 112<LI>Call Chain = cfaf128x128x16Dot &rArr; cfaf128x128x16Rect &rArr; cfaf128x128x16SetWindow &rArr; cfaf128x128x16WriteData &rArr; cfaf128x128x16SsiTransfer
</UL>
<BR>[Calls]<UL><LI><a href="#[122]">&gt;&gt;</a>&nbsp;&nbsp;&nbsp;cfaf128x128x16Rect
</UL>
<BR>[Called By]<UL><LI><a href="#[9b]">&gt;&gt;</a>&nbsp;&nbsp;&nbsp;cfaf128x128x16PixelDraw
</UL>

<P><STRONG><a name="[128]"></a>cfaf128x128x16SetOrientation</STRONG> (Thumb, 70 bytes, Stack size 16 bytes, cfaf128x128x16.o(.text))
<BR><BR>[Stack]<UL><LI>Max Depth = 56<LI>Call Chain = cfaf128x128x16SetOrientation &rArr; cfaf128x128x16WriteData &rArr; cfaf128x128x16SsiTransfer
</UL>
<BR>[Calls]<UL><LI><a href="#[11f]">&gt;&gt;</a>&nbsp;&nbsp;&nbsp;cfaf128x128x16WriteData
<LI><a href="#[11d]">&gt;&gt;</a>&nbsp;&nbsp;&nbsp;cfaf128x128x16WriteCommand
</UL>
<BR>[Called By]<UL><LI><a href="#[129]">&gt;&gt;</a>&nbsp;&nbsp;&nbsp;cfaf128x128x16ClearColor
<LI><a href="#[ca]">&gt;&gt;</a>&nbsp;&nbsp;&nbsp;cfaf128x128x16Init
</UL>

<P><STRONG><a name="[129]"></a>cfaf128x128x16ClearColor</STRONG> (Thumb, 36 bytes, Stack size 16 bytes, cfaf128x128x16.o(.text))
<BR><BR>[Stack]<UL><LI>Max Depth = 112<LI>Call Chain = cfaf128x128x16ClearColor &rArr; cfaf128x128x16Rect &rArr; cfaf128x128x16SetWindow &rArr; cfaf128x128x16WriteData &rArr; cfaf128x128x16SsiTransfer
</UL>
<BR>[Calls]<UL><LI><a href="#[128]">&gt;&gt;</a>&nbsp;&nbsp;&nbsp;cfaf128x128x16SetOrientation
<LI><a href="#[122]">&gt;&gt;</a>&nbsp;&nbsp;&nbsp;cfaf128x128x16Rect
</UL>
<BR>[Called By]<UL><LI><a href="#[12a]">&gt;&gt;</a>&nbsp;&nbsp;&nbsp;cfaf128x128x16Clear
</UL>

<P><STRONG><a name="[12a]"></a>cfaf128x128x16Clear</STRONG> (Thumb, 4 bytes, Stack size 0 bytes, cfaf128x128x16.o(.text))
<BR><BR>[Stack]<UL><LI>Max Depth = 112<LI>Call Chain = cfaf128x128x16Clear &rArr; cfaf128x128x16ClearColor &rArr; cfaf128x128x16Rect &rArr; cfaf128x128x16SetWindow &rArr; cfaf128x128x16WriteData &rArr; cfaf128x128x16SsiTransfer
</UL>
<BR>[Calls]<UL><LI><a href="#[129]">&gt;&gt;</a>&nbsp;&nbsp;&nbsp;cfaf128x128x16ClearColor
</UL>
<BR>[Called By]<UL><LI><a href="#[ca]">&gt;&gt;</a>&nbsp;&nbsp;&nbsp;cfaf128x128x16Init
</UL>

<P><STRONG><a name="[12b]"></a>InitSSICom</STRONG> (Thumb, 138 bytes, Stack size 32 bytes, cfaf128x128x16.o(.text))
<BR><BR>[Stack]<UL><LI>Max Depth = 56<LI>Call Chain = InitSSICom &rArr; SysCtlClockFreqSet
</UL>
<BR>[Calls]<UL><LI><a href="#[12c]">&gt;&gt;</a>&nbsp;&nbsp;&nbsp;SysCtlClockFreqSet
</UL>
<BR>[Called By]<UL><LI><a href="#[ca]">&gt;&gt;</a>&nbsp;&nbsp;&nbsp;cfaf128x128x16Init
</UL>

<P><STRONG><a name="[ca]"></a>cfaf128x128x16Init</STRONG> (Thumb, 322 bytes, Stack size 16 bytes, cfaf128x128x16.o(.text))
<BR><BR>[Stack]<UL><LI>Max Depth = 128<LI>Call Chain = cfaf128x128x16Init &rArr; cfaf128x128x16Clear &rArr; cfaf128x128x16ClearColor &rArr; cfaf128x128x16Rect &rArr; cfaf128x128x16SetWindow &rArr; cfaf128x128x16WriteData &rArr; cfaf128x128x16SsiTransfer
</UL>
<BR>[Calls]<UL><LI><a href="#[12b]">&gt;&gt;</a>&nbsp;&nbsp;&nbsp;InitSSICom
<LI><a href="#[12a]">&gt;&gt;</a>&nbsp;&nbsp;&nbsp;cfaf128x128x16Clear
<LI><a href="#[128]">&gt;&gt;</a>&nbsp;&nbsp;&nbsp;cfaf128x128x16SetOrientation
<LI><a href="#[120]">&gt;&gt;</a>&nbsp;&nbsp;&nbsp;cfaf128x128x16WriteRegister
<LI><a href="#[11f]">&gt;&gt;</a>&nbsp;&nbsp;&nbsp;cfaf128x128x16WriteData
<LI><a href="#[11d]">&gt;&gt;</a>&nbsp;&nbsp;&nbsp;cfaf128x128x16WriteCommand
</UL>
<BR>[Called By]<UL><LI><a href="#[c9]">&gt;&gt;</a>&nbsp;&nbsp;&nbsp;init_all
</UL>

<P><STRONG><a name="[d4]"></a>led_init</STRONG> (Thumb, 52 bytes, Stack size 0 bytes, led.o(.text))
<BR><BR>[Called By]<UL><LI><a href="#[c9]">&gt;&gt;</a>&nbsp;&nbsp;&nbsp;init_all
</UL>

<P><STRONG><a name="[de]"></a>led_on</STRONG> (Thumb, 80 bytes, Stack size 0 bytes, led.o(.text))
<BR><BR>[Called By]<UL><LI><a href="#[12d]">&gt;&gt;</a>&nbsp;&nbsp;&nbsp;led_write
<LI><a href="#[96]">&gt;&gt;</a>&nbsp;&nbsp;&nbsp;t_mic
<LI><a href="#[dd]">&gt;&gt;</a>&nbsp;&nbsp;&nbsp;Switch_On
</UL>

<P><STRONG><a name="[e0]"></a>led_off</STRONG> (Thumb, 80 bytes, Stack size 0 bytes, led.o(.text))
<BR><BR>[Called By]<UL><LI><a href="#[12d]">&gt;&gt;</a>&nbsp;&nbsp;&nbsp;led_write
<LI><a href="#[96]">&gt;&gt;</a>&nbsp;&nbsp;&nbsp;t_mic
<LI><a href="#[df]">&gt;&gt;</a>&nbsp;&nbsp;&nbsp;Switch_Off
</UL>

<P><STRONG><a name="[12d]"></a>led_write</STRONG> (Thumb, 38 bytes, Stack size 12 bytes, led.o(.text), UNUSED)
<BR><BR>[Calls]<UL><LI><a href="#[de]">&gt;&gt;</a>&nbsp;&nbsp;&nbsp;led_on
<LI><a href="#[e0]">&gt;&gt;</a>&nbsp;&nbsp;&nbsp;led_off
</UL>

<P><STRONG><a name="[cf]"></a>mic_init</STRONG> (Thumb, 18 bytes, Stack size 8 bytes, mic.o(.text))
<BR><BR>[Stack]<UL><LI>Max Depth = 8<LI>Call Chain = mic_init
</UL>
<BR>[Calls]<UL><LI><a href="#[10b]">&gt;&gt;</a>&nbsp;&nbsp;&nbsp;SysCtlPeripheralEnable
</UL>
<BR>[Called By]<UL><LI><a href="#[c9]">&gt;&gt;</a>&nbsp;&nbsp;&nbsp;init_all
</UL>

<P><STRONG><a name="[ef]"></a>mic_read</STRONG> (Thumb, 8 bytes, Stack size 0 bytes, mic.o(.text))
<BR><BR>[Stack]<UL><LI>Max Depth = 60<LI>Call Chain = mic_read &rArr; analog_read &rArr; GPIOPinTypeADC &rArr; GPIOPadConfigSet
</UL>
<BR>[Calls]<UL><LI><a href="#[12e]">&gt;&gt;</a>&nbsp;&nbsp;&nbsp;analog_read
</UL>
<BR>[Called By]<UL><LI><a href="#[96]">&gt;&gt;</a>&nbsp;&nbsp;&nbsp;t_mic
</UL>

<P><STRONG><a name="[13d]"></a>opt_read</STRONG> (Thumb, 4 bytes, Stack size 0 bytes, opt.o(.text), UNUSED)
<BR><BR>[Calls]<UL><LI><a href="#[13c]">&gt;&gt;</a>&nbsp;&nbsp;&nbsp;read_reg
</UL>

<P><STRONG><a name="[f4]"></a>opt_read_lux</STRONG> (Thumb, 82 bytes, Stack size 8 bytes, opt.o(.text))
<BR><BR>[Stack]<UL><LI>Max Depth = 88<LI>Call Chain = opt_read_lux &rArr; read_reg &rArr; receive_multiple &rArr; receive_single
</UL>
<BR>[Calls]<UL><LI><a href="#[13c]">&gt;&gt;</a>&nbsp;&nbsp;&nbsp;read_reg
</UL>
<BR>[Called By]<UL><LI><a href="#[97]">&gt;&gt;</a>&nbsp;&nbsp;&nbsp;t_light
</UL>

<P><STRONG><a name="[d3]"></a>opt_init</STRONG> (Thumb, 244 bytes, Stack size 24 bytes, opt.o(.text))
<BR><BR>[Stack]<UL><LI>Max Depth = 104<LI>Call Chain = opt_init &rArr; read_reg &rArr; receive_multiple &rArr; receive_single
</UL>
<BR>[Calls]<UL><LI><a href="#[140]">&gt;&gt;</a>&nbsp;&nbsp;&nbsp;SysCtlPeripheralReset
<LI><a href="#[bf]">&gt;&gt;</a>&nbsp;&nbsp;&nbsp;SysCtlDelay
<LI><a href="#[148]">&gt;&gt;</a>&nbsp;&nbsp;&nbsp;IntEnable
<LI><a href="#[143]">&gt;&gt;</a>&nbsp;&nbsp;&nbsp;I2CMasterTimeoutSet
<LI><a href="#[146]">&gt;&gt;</a>&nbsp;&nbsp;&nbsp;I2CMasterIntEnableEx
<LI><a href="#[145]">&gt;&gt;</a>&nbsp;&nbsp;&nbsp;I2CMasterInitExpClk
<LI><a href="#[144]">&gt;&gt;</a>&nbsp;&nbsp;&nbsp;I2CMasterGlitchFilterConfigSet
<LI><a href="#[149]">&gt;&gt;</a>&nbsp;&nbsp;&nbsp;I2CMasterEnable
<LI><a href="#[147]">&gt;&gt;</a>&nbsp;&nbsp;&nbsp;I2CIntRegister
<LI><a href="#[141]">&gt;&gt;</a>&nbsp;&nbsp;&nbsp;GPIOPinTypeI2CSCL
<LI><a href="#[142]">&gt;&gt;</a>&nbsp;&nbsp;&nbsp;GPIOPinTypeI2C
<LI><a href="#[13c]">&gt;&gt;</a>&nbsp;&nbsp;&nbsp;read_reg
<LI><a href="#[13b]">&gt;&gt;</a>&nbsp;&nbsp;&nbsp;write_reg
<LI><a href="#[12c]">&gt;&gt;</a>&nbsp;&nbsp;&nbsp;SysCtlClockFreqSet
<LI><a href="#[11b]">&gt;&gt;</a>&nbsp;&nbsp;&nbsp;GPIOPinTypeGPIOInput
<LI><a href="#[10c]">&gt;&gt;</a>&nbsp;&nbsp;&nbsp;SysCtlPeripheralReady
<LI><a href="#[10b]">&gt;&gt;</a>&nbsp;&nbsp;&nbsp;SysCtlPeripheralEnable
<LI><a href="#[10e]">&gt;&gt;</a>&nbsp;&nbsp;&nbsp;GPIOPinConfigure
</UL>
<BR>[Called By]<UL><LI><a href="#[c9]">&gt;&gt;</a>&nbsp;&nbsp;&nbsp;init_all
</UL>

<P><STRONG><a name="[14a]"></a>rgb_write_r</STRONG> (Thumb, 82 bytes, Stack size 16 bytes, rgb.o(.text))
<BR><BR>[Stack]<UL><LI>Max Depth = 16<LI>Call Chain = rgb_write_r
</UL>
<BR>[Calls]<UL><LI><a href="#[109]">&gt;&gt;</a>&nbsp;&nbsp;&nbsp;PWMPulseWidthSet
<LI><a href="#[107]">&gt;&gt;</a>&nbsp;&nbsp;&nbsp;PWMOutputState
<LI><a href="#[108]">&gt;&gt;</a>&nbsp;&nbsp;&nbsp;PWMGenPeriodGet
</UL>
<BR>[Called By]<UL><LI><a href="#[14d]">&gt;&gt;</a>&nbsp;&nbsp;&nbsp;rgb_write
</UL>

<P><STRONG><a name="[14b]"></a>rgb_write_g</STRONG> (Thumb, 82 bytes, Stack size 16 bytes, rgb.o(.text))
<BR><BR>[Stack]<UL><LI>Max Depth = 16<LI>Call Chain = rgb_write_g
</UL>
<BR>[Calls]<UL><LI><a href="#[109]">&gt;&gt;</a>&nbsp;&nbsp;&nbsp;PWMPulseWidthSet
<LI><a href="#[107]">&gt;&gt;</a>&nbsp;&nbsp;&nbsp;PWMOutputState
<LI><a href="#[108]">&gt;&gt;</a>&nbsp;&nbsp;&nbsp;PWMGenPeriodGet
</UL>
<BR>[Called By]<UL><LI><a href="#[14d]">&gt;&gt;</a>&nbsp;&nbsp;&nbsp;rgb_write
</UL>

<P><STRONG><a name="[14c]"></a>rgb_write_b</STRONG> (Thumb, 82 bytes, Stack size 16 bytes, rgb.o(.text))
<BR><BR>[Stack]<UL><LI>Max Depth = 16<LI>Call Chain = rgb_write_b
</UL>
<BR>[Calls]<UL><LI><a href="#[109]">&gt;&gt;</a>&nbsp;&nbsp;&nbsp;PWMPulseWidthSet
<LI><a href="#[107]">&gt;&gt;</a>&nbsp;&nbsp;&nbsp;PWMOutputState
<LI><a href="#[108]">&gt;&gt;</a>&nbsp;&nbsp;&nbsp;PWMGenPeriodGet
</UL>
<BR>[Called By]<UL><LI><a href="#[14d]">&gt;&gt;</a>&nbsp;&nbsp;&nbsp;rgb_write
</UL>

<P><STRONG><a name="[14d]"></a>rgb_write</STRONG> (Thumb, 24 bytes, Stack size 16 bytes, rgb.o(.text))
<BR><BR>[Stack]<UL><LI>Max Depth = 32<LI>Call Chain = rgb_write &rArr; rgb_write_b
</UL>
<BR>[Calls]<UL><LI><a href="#[14c]">&gt;&gt;</a>&nbsp;&nbsp;&nbsp;rgb_write_b
<LI><a href="#[14b]">&gt;&gt;</a>&nbsp;&nbsp;&nbsp;rgb_write_g
<LI><a href="#[14a]">&gt;&gt;</a>&nbsp;&nbsp;&nbsp;rgb_write_r
</UL>
<BR>[Called By]<UL><LI><a href="#[ed]">&gt;&gt;</a>&nbsp;&nbsp;&nbsp;rgb_write_color
</UL>

<P><STRONG><a name="[ed]"></a>rgb_write_color</STRONG> (Thumb, 12 bytes, Stack size 0 bytes, rgb.o(.text))
<BR><BR>[Stack]<UL><LI>Max Depth = 32<LI>Call Chain = rgb_write_color &rArr; rgb_write &rArr; rgb_write_b
</UL>
<BR>[Calls]<UL><LI><a href="#[14d]">&gt;&gt;</a>&nbsp;&nbsp;&nbsp;rgb_write
</UL>
<BR>[Called By]<UL><LI><a href="#[d0]">&gt;&gt;</a>&nbsp;&nbsp;&nbsp;rgb_init
<LI><a href="#[95]">&gt;&gt;</a>&nbsp;&nbsp;&nbsp;t_rgb
</UL>

<P><STRONG><a name="[d0]"></a>rgb_init</STRONG> (Thumb, 272 bytes, Stack size 24 bytes, rgb.o(.text))
<BR><BR>[Stack]<UL><LI>Max Depth = 60<LI>Call Chain = rgb_init &rArr; GPIOPinTypePWM &rArr; GPIOPadConfigSet
</UL>
<BR>[Calls]<UL><LI><a href="#[14e]">&gt;&gt;</a>&nbsp;&nbsp;&nbsp;PWMGenDisable
<LI><a href="#[12c]">&gt;&gt;</a>&nbsp;&nbsp;&nbsp;SysCtlClockFreqSet
<LI><a href="#[10c]">&gt;&gt;</a>&nbsp;&nbsp;&nbsp;SysCtlPeripheralReady
<LI><a href="#[10b]">&gt;&gt;</a>&nbsp;&nbsp;&nbsp;SysCtlPeripheralEnable
<LI><a href="#[10a]">&gt;&gt;</a>&nbsp;&nbsp;&nbsp;PWMGenPeriodSet
<LI><a href="#[111]">&gt;&gt;</a>&nbsp;&nbsp;&nbsp;PWMGenEnable
<LI><a href="#[10f]">&gt;&gt;</a>&nbsp;&nbsp;&nbsp;PWMGenConfigure
<LI><a href="#[106]">&gt;&gt;</a>&nbsp;&nbsp;&nbsp;PWMClockSet
<LI><a href="#[10d]">&gt;&gt;</a>&nbsp;&nbsp;&nbsp;GPIOPinTypePWM
<LI><a href="#[10e]">&gt;&gt;</a>&nbsp;&nbsp;&nbsp;GPIOPinConfigure
<LI><a href="#[ed]">&gt;&gt;</a>&nbsp;&nbsp;&nbsp;rgb_write_color
</UL>
<BR>[Called By]<UL><LI><a href="#[c9]">&gt;&gt;</a>&nbsp;&nbsp;&nbsp;init_all
</UL>

<P><STRONG><a name="[f7]"></a>servo_write</STRONG> (Thumb, 26 bytes, Stack size 0 bytes, servo.o(.text))
<BR><BR>[Calls]<UL><LI><a href="#[14f]">&gt;&gt;</a>&nbsp;&nbsp;&nbsp;TimerMatchSet
</UL>
<BR>[Called By]<UL><LI><a href="#[99]">&gt;&gt;</a>&nbsp;&nbsp;&nbsp;t_servo
</UL>

<P><STRONG><a name="[d1]"></a>servo_init</STRONG> (Thumb, 164 bytes, Stack size 24 bytes, servo.o(.text))
<BR><BR>[Stack]<UL><LI>Max Depth = 60<LI>Call Chain = servo_init &rArr; GPIOPinTypeTimer &rArr; GPIOPadConfigSet
</UL>
<BR>[Calls]<UL><LI><a href="#[154]">&gt;&gt;</a>&nbsp;&nbsp;&nbsp;TimerUpdateMode
<LI><a href="#[155]">&gt;&gt;</a>&nbsp;&nbsp;&nbsp;TimerPrescaleSet
<LI><a href="#[14f]">&gt;&gt;</a>&nbsp;&nbsp;&nbsp;TimerMatchSet
<LI><a href="#[156]">&gt;&gt;</a>&nbsp;&nbsp;&nbsp;TimerLoadSet
<LI><a href="#[157]">&gt;&gt;</a>&nbsp;&nbsp;&nbsp;TimerEnable
<LI><a href="#[153]">&gt;&gt;</a>&nbsp;&nbsp;&nbsp;TimerControlLevel
<LI><a href="#[152]">&gt;&gt;</a>&nbsp;&nbsp;&nbsp;TimerConfigure
<LI><a href="#[151]">&gt;&gt;</a>&nbsp;&nbsp;&nbsp;TimerClockSourceSet
<LI><a href="#[150]">&gt;&gt;</a>&nbsp;&nbsp;&nbsp;GPIOPinTypeTimer
<LI><a href="#[12c]">&gt;&gt;</a>&nbsp;&nbsp;&nbsp;SysCtlClockFreqSet
<LI><a href="#[10c]">&gt;&gt;</a>&nbsp;&nbsp;&nbsp;SysCtlPeripheralReady
<LI><a href="#[10b]">&gt;&gt;</a>&nbsp;&nbsp;&nbsp;SysCtlPeripheralEnable
<LI><a href="#[10e]">&gt;&gt;</a>&nbsp;&nbsp;&nbsp;GPIOPinConfigure
</UL>
<BR>[Called By]<UL><LI><a href="#[c9]">&gt;&gt;</a>&nbsp;&nbsp;&nbsp;init_all
</UL>

<P><STRONG><a name="[cb]"></a>joy_init</STRONG> (Thumb, 46 bytes, Stack size 8 bytes, joy.o(.text))
[...]
<LI><a href="#[120]">&gt;&gt;</a>&nbsp;&nbsp;&nbsp;cfaf128x128x16WriteRegister
<LI><a href="#[ca]">&gt;&gt;</a>&nbsp;&nbsp;&nbsp;cfaf128x128x16Init
</UL>

<P><STRONG><a name="[11f]"></a>cfaf128x128x16WriteData</STRONG> (Thumb, 70 bytes, Stack size 24 bytes, cfaf128x128x16.o(.text))
<BR><BR>[Stack]<UL><LI>Max Depth = 40<LI>Call Chain = cfaf128x128x16WriteData &rArr; cfaf128x128x16SsiTransfer
</UL>
<BR>[Calls]<UL><LI><a href="#[11e]">&gt;&gt;</a>&nbsp;&nbsp;&nbsp;cfaf128x128x16SsiTransfer
</UL>
<BR>[Called By]<UL><LI><a href="#[128]">&gt;&gt;</a>&nbsp;&nbsp;&nbsp;cfaf128x128x16SetOrientation
<LI><a href="#[121]">&gt;&gt;</a>&nbsp;&nbsp;&nbsp;cfaf128x128x16SetWindow
<LI><a href="#[120]">&gt;&gt;</a>&nbsp;&nbsp;&nbsp;cfaf128x128x16WriteRegister
<LI><a href="#[ca]">&gt;&gt;</a>&nbsp;&nbsp;&nbsp;cfaf128x128x16Init
</UL>

<P><STRONG><a name="[120]"></a>cfaf128x128x16WriteRegister</STRONG> (Thumb, 16 bytes, Stack size 16 bytes, cfaf128x128x16.o(.text))
<BR><BR>[Stack]<UL><LI>Max Depth = 56<LI>Call Chain = cfaf128x128x16WriteRegister &rArr; cfaf128x128x16WriteData &rArr; cfaf128x128x16SsiTransfer
</UL>
<BR>[Calls]<UL><LI><a href="#[11f]">&gt;&gt;</a>&nbsp;&nbsp;&nbsp;cfaf128x128x16WriteData
<LI><a href="#[11d]">&gt;&gt;</a>&nbsp;&nbsp;&nbsp;cfaf128x128x16WriteCommand
</UL>
<BR>[Called By]<UL><LI><a href="#[ca]">&gt;&gt;</a>&nbsp;&nbsp;&nbsp;cfaf128x128x16Init
</UL>

<P><STRONG><a name="[121]"></a>cfaf128x128x16SetWindow</STRONG> (Thumb, 192 bytes, Stack size 24 bytes, cfaf128x128x16.o(.text))
<BR><BR>[Stack]<UL><LI>Max Depth = 64<LI>Call Chain = cfaf128x128x16SetWindow &rArr; cfaf128x128x16WriteData &rArr; cfaf128x128x16SsiTransfer
</UL>
<BR>[Calls]<UL><LI><a href="#[11f]">&gt;&gt;</a>&nbsp;&nbsp;&nbsp;cfaf128x128x16WriteData
<LI><a href="#[11d]">&gt;&gt;</a>&nbsp;&nbsp;&nbsp;cfaf128x128x16WriteCommand
</UL>
<BR>[Called By]<UL><LI><a href="#[122]">&gt;&gt;</a>&nbsp;&nbsp;&nbsp;cfaf128x128x16Rect
<LI><a href="#[9c]">&gt;&gt;</a>&nbsp;&nbsp;&nbsp;cfaf128x128x16PixelDrawMultiple
</UL>

<P><STRONG><a name="[9b]"></a>cfaf128x128x16PixelDraw</STRONG> (Thumb, 10 bytes, Stack size 0 bytes, cfaf128x128x16.o(.text))
<BR><BR>[Stack]<UL><LI>Max Depth = 112<LI>Call Chain = cfaf128x128x16PixelDraw &rArr; cfaf128x128x16Dot &rArr; cfaf128x128x16Rect &rArr; cfaf128x128x16SetWindow &rArr; cfaf128x128x16WriteData &rArr; cfaf128x128x16SsiTransfer
</UL>
<BR>[Calls]<UL><LI><a href="#[125]">&gt;&gt;</a>&nbsp;&nbsp;&nbsp;cfaf128x128x16Dot
</UL>
<BR>[Address Reference Count : 1]<UL><LI> cfaf128x128x16.o(.constdata)
</UL>
<P><STRONG><a name="[9c]"></a>cfaf128x128x16PixelDrawMultiple</STRONG> (Thumb, 360 bytes, Stack size 40 bytes, cfaf128x128x16.o(.text))
<BR><BR>[Stack]<UL><LI>Max Depth = 104<LI>Call Chain = cfaf128x128x16PixelDrawMultiple &rArr; cfaf128x128x16SetWindow &rArr; cfaf128x128x16WriteData &rArr; cfaf128x128x16SsiTransfer
</UL>
<BR>[Calls]<UL><LI><a href="#[121]">&gt;&gt;</a>&nbsp;&nbsp;&nbsp;cfaf128x128x16SetWindow
<LI><a href="#[11e]">&gt;&gt;</a>&nbsp;&nbsp;&nbsp;cfaf128x128x16SsiTransfer
</UL>
<BR>[Address Reference Count : 1]<UL><LI> cfaf128x128x16.o(.constdata)
</UL>
<P><STRONG><a name="[9d]"></a>cfaf128x128x16LineDrawH</STRONG> (Thumb, 46 bytes, Stack size 32 bytes, cfaf128x128x16.o(.text))
<BR><BR>[Stack]<UL><LI>Max Depth = 144<LI>Call Chain = cfaf128x128x16LineDrawH &rArr; cfaf128x128x16LineHor &rArr; cfaf128x128x16Rect &rArr; cfaf128x128x16SetWindow &rArr; cfaf128x128x16WriteData &rArr; cfaf128x128x16SsiTransfer
</UL>
<BR>[Calls]<UL><LI><a href="#[124]">&gt;&gt;</a>&nbsp;&nbsp;&nbsp;cfaf128x128x16LineHor
<LI><a href="#[126]">&gt;&gt;</a>&nbsp;&nbsp;&nbsp;swap_i32
</UL>
<BR>[Address Reference Count : 1]<UL><LI> cfaf128x128x16.o(.constdata)
</UL>
<P><STRONG><a name="[9e]"></a>cfaf128x128x16LineDrawV</STRONG> (Thumb, 60 bytes, Stack size 32 bytes, cfaf128x128x16.o(.text))
<BR><BR>[Stack]<UL><LI>Max Depth = 144<LI>Call Chain = cfaf128x128x16LineDrawV &rArr; cfaf128x128x16LineVer &rArr; cfaf128x128x16Rect &rArr; cfaf128x128x16SetWindow &rArr; cfaf128x128x16WriteData &rArr; cfaf128x128x16SsiTransfer
</UL>
<BR>[Calls]<UL><LI><a href="#[123]">&gt;&gt;</a>&nbsp;&nbsp;&nbsp;cfaf128x128x16LineVer
<LI><a href="#[126]">&gt;&gt;</a>&nbsp;&nbsp;&nbsp;swap_i32
</UL>
<BR>[Address Reference Count : 1]<UL><LI> cfaf128x128x16.o(.constdata)
</UL>
<P><STRONG><a name="[9f]"></a>cfaf128x128x16RectFill</STRONG> (Thumb, 80 bytes, Stack size 32 bytes, cfaf128x128x16.o(.text))
<BR><BR>[Stack]<UL><LI>Max Depth = 128<LI>Call Chain = cfaf128x128x16RectFill &rArr; cfaf128x128x16Rect &rArr; cfaf128x128x16SetWindow &rArr; cfaf128x128x16WriteData &rArr; cfaf128x128x16SsiTransfer
</UL>
<BR>[Calls]<UL><LI><a href="#[122]">&gt;&gt;</a>&nbsp;&nbsp;&nbsp;cfaf128x128x16Rect
<LI><a href="#[127]">&gt;&gt;</a>&nbsp;&nbsp;&nbsp;swap_ui16
</UL>
<BR>[Address Reference Count : 1]<UL><LI> cfaf128x128x16.o(.constdata)
</UL>
<P><STRONG><a name="[a0]"></a>cfaf128x128x16ColorTranslate</STRONG> (Thumb, 22 bytes, Stack size 0 bytes, cfaf128x128x16.o(.text))
<BR>[Address Reference Count : 1]<UL><LI> cfaf128x128x16.o(.constdata)
</UL>
<P><STRONG><a name="[a1]"></a>cfaf128x128x16Flush</STRONG> (Thumb, 2 bytes, Stack size 0 bytes, cfaf128x128x16.o(.text))
<BR>[Address Reference Count : 1]<UL><LI> cfaf128x128x16.o(.constdata)
</UL>
<P><STRONG><a name="[12e]"></a>analog_read</STRONG> (Thumb, 104 bytes, Stack size 24 bytes, mic.o(.text))
<BR><BR>[Stack]<UL><LI>Max Depth = 60<LI>Call Chain = analog_read &rArr; GPIOPinTypeADC &rArr; GPIOPadConfigSet
</UL>
<BR>[Calls]<UL><LI><a href="#[114]">&gt;&gt;</a>&nbsp;&nbsp;&nbsp;GPIOPinTypeADC
<LI><a href="#[113]">&gt;&gt;</a>&nbsp;&nbsp;&nbsp;ADCSequenceStepConfigure
<LI><a href="#[116]">&gt;&gt;</a>&nbsp;&nbsp;&nbsp;ADCSequenceEnable
<LI><a href="#[11a]">&gt;&gt;</a>&nbsp;&nbsp;&nbsp;ADCSequenceDataGet
<LI><a href="#[115]">&gt;&gt;</a>&nbsp;&nbsp;&nbsp;ADCSequenceConfigure
<LI><a href="#[118]">&gt;&gt;</a>&nbsp;&nbsp;&nbsp;ADCProcessorTrigger
<LI><a href="#[119]">&gt;&gt;</a>&nbsp;&nbsp;&nbsp;ADCIntStatus
<LI><a href="#[117]">&gt;&gt;</a>&nbsp;&nbsp;&nbsp;ADCIntClear
</UL>
<BR>[Called By]<UL><LI><a href="#[ef]">&gt;&gt;</a>&nbsp;&nbsp;&nbsp;mic_read
</UL>

<P><STRONG><a name="[12f]"></a>send_single</STRONG> (Thumb, 98 bytes, Stack size 16 bytes, opt.o(.text))
<BR><BR>[Stack]<UL><LI>Max Depth = 16<LI>Call Chain = send_single
</UL>
<BR>[Calls]<UL><LI><a href="#[bf]">&gt;&gt;</a>&nbsp;&nbsp;&nbsp;SysCtlDelay
<LI><a href="#[130]">&gt;&gt;</a>&nbsp;&nbsp;&nbsp;I2CMasterSlaveAddrSet
<LI><a href="#[135]">&gt;&gt;</a>&nbsp;&nbsp;&nbsp;I2CMasterErr
<LI><a href="#[131]">&gt;&gt;</a>&nbsp;&nbsp;&nbsp;I2CMasterDataPut
<LI><a href="#[133]">&gt;&gt;</a>&nbsp;&nbsp;&nbsp;I2CMasterControl
<LI><a href="#[134]">&gt;&gt;</a>&nbsp;&nbsp;&nbsp;I2CMasterBusy
<LI><a href="#[132]">&gt;&gt;</a>&nbsp;&nbsp;&nbsp;I2CMasterBusBusy
</UL>
<BR>[Called By]<UL><LI><a href="#[13c]">&gt;&gt;</a>&nbsp;&nbsp;&nbsp;read_reg
<LI><a href="#[138]">&gt;&gt;</a>&nbsp;&nbsp;&nbsp;send_multiple
</UL>

<P><STRONG><a name="[136]"></a>receive_single</STRONG> (Thumb, 106 bytes, Stack size 24 bytes, opt.o(.text))
<BR><BR>[Stack]<UL><LI>Max Depth = 24<LI>Call Chain = receive_single
</UL>
<BR>[Calls]<UL><LI><a href="#[bf]">&gt;&gt;</a>&nbsp;&nbsp;&nbsp;SysCtlDelay
<LI><a href="#[130]">&gt;&gt;</a>&nbsp;&nbsp;&nbsp;I2CMasterSlaveAddrSet
<LI><a href="#[135]">&gt;&gt;</a>&nbsp;&nbsp;&nbsp;I2CMasterErr
<LI><a href="#[137]">&gt;&gt;</a>&nbsp;&nbsp;&nbsp;I2CMasterDataGet
<LI><a href="#[133]">&gt;&gt;</a>&nbsp;&nbsp;&nbsp;I2CMasterControl
<LI><a href="#[134]">&gt;&gt;</a>&nbsp;&nbsp;&nbsp;I2CMasterBusy
<LI><a href="#[132]">&gt;&gt;</a>&nbsp;&nbsp;&nbsp;I2CMasterBusBusy
</UL>
<BR>[Called By]<UL><LI><a href="#[13a]">&gt;&gt;</a>&nbsp;&nbsp;&nbsp;receive_multiple
</UL>

<P><STRONG><a name="[138]"></a>send_multiple</STRONG> (Thumb, 340 bytes, Stack size 40 bytes, opt.o(.text))
<BR><BR>[Stack]<UL><LI>Max Depth = 56<LI>Call Chain = send_multiple &rArr; send_single
</UL>
<BR>[Calls]<UL><LI><a href="#[bf]">&gt;&gt;</a>&nbsp;&nbsp;&nbsp;SysCtlDelay
<LI><a href="#[130]">&gt;&gt;</a>&nbsp;&nbsp;&nbsp;I2CMasterSlaveAddrSet
<LI><a href="#[135]">&gt;&gt;</a>&nbsp;&nbsp;&nbsp;I2CMasterErr
<LI><a href="#[131]">&gt;&gt;</a>&nbsp;&nbsp;&nbsp;I2CMasterDataPut
<LI><a href="#[133]">&gt;&gt;</a>&nbsp;&nbsp;&nbsp;I2CMasterControl
<LI><a href="#[134]">&gt;&gt;</a>&nbsp;&nbsp;&nbsp;I2CMasterBusy
<LI><a href="#[132]">&gt;&gt;</a>&nbsp;&nbsp;&nbsp;I2CMasterBusBusy
<LI><a href="#[139]">&gt;&gt;</a>&nbsp;&nbsp;&nbsp;I2CMasterBurstLengthSet
<LI><a href="#[12f]">&gt;&gt;</a>&nbsp;&nbsp;&nbsp;send_single
</UL>
<BR>[Called By]<UL><LI><a href="#[13b]">&gt;&gt;</a>&nbsp;&nbsp;&nbsp;write_reg
</UL>

<P><STRONG><a name="[13a]"></a>receive_multiple</STRONG> (Thumb, 342 bytes, Stack size 40 bytes, opt.o(.text))
<BR><BR>[Stack]<UL><LI>Max Depth = 64<LI>Call Chain = receive_multiple &rArr; receive_single
</UL>
<BR>[Calls]<UL><LI><a href="#[bf]">&gt;&gt;</a>&nbsp;&nbsp;&nbsp;SysCtlDelay
<LI><a href="#[130]">&gt;&gt;</a>&nbsp;&nbsp;&nbsp;I2CMasterSlaveAddrSet
<LI><a href="#[135]">&gt;&gt;</a>&nbsp;&nbsp;&nbsp;I2CMasterErr
<LI><a href="#[137]">&gt;&gt;</a>&nbsp;&nbsp;&nbsp;I2CMasterDataGet
<LI><a href="#[133]">&gt;&gt;</a>&nbsp;&nbsp;&nbsp;I2CMasterControl
<LI><a href="#[134]">&gt;&gt;</a>&nbsp;&nbsp;&nbsp;I2CMasterBusy
<LI><a href="#[132]">&gt;&gt;</a>&nbsp;&nbsp;&nbsp;I2CMasterBusBusy
<LI><a href="#[139]">&gt;&gt;</a>&nbsp;&nbsp;&nbsp;I2CMasterBurstLengthSet
<LI><a href="#[136]">&gt;&gt;</a>&nbsp;&nbsp;&nbsp;receive_single
</UL>
<BR>[Called By]<UL><LI><a href="#[13c]">&gt;&gt;</a>&nbsp;&nbsp;&nbsp;read_reg
</UL>

<P><STRONG><a name="[13b]"></a>write_reg</STRONG> (Thumb, 38 bytes, Stack size 16 bytes, opt.o(.text))
<BR><BR>[Stack]<UL><LI>Max Depth = 72<LI>Call Chain = write_reg &rArr; send_multiple &rArr; send_single
</UL>
<BR>[Calls]<UL><LI><a href="#[134]">&gt;&gt;</a>&nbsp;&nbsp;&nbsp;I2CMasterBusy
<LI><a href="#[138]">&gt;&gt;</a>&nbsp;&nbsp;&nbsp;send_multiple
</UL>
<BR>[Called By]<UL><LI><a href="#[d3]">&gt;&gt;</a>&nbsp;&nbsp;&nbsp;opt_init
</UL>

<P><STRONG><a name="[13c]"></a>read_reg</STRONG> (Thumb, 50 bytes, Stack size 16 bytes, opt.o(.text))
<BR><BR>[Stack]<UL><LI>Max Depth = 80<LI>Call Chain = read_reg &rArr; receive_multiple &rArr; receive_single
</UL>
<BR>[Calls]<UL><LI><a href="#[bf]">&gt;&gt;</a>&nbsp;&nbsp;&nbsp;SysCtlDelay
<LI><a href="#[134]">&gt;&gt;</a>&nbsp;&nbsp;&nbsp;I2CMasterBusy
<LI><a href="#[13a]">&gt;&gt;</a>&nbsp;&nbsp;&nbsp;receive_multiple
<LI><a href="#[12f]">&gt;&gt;</a>&nbsp;&nbsp;&nbsp;send_single
</UL>
<BR>[Called By]<UL><LI><a href="#[13d]">&gt;&gt;</a>&nbsp;&nbsp;&nbsp;opt_read
<LI><a href="#[f4]">&gt;&gt;</a>&nbsp;&nbsp;&nbsp;opt_read_lux
<LI><a href="#[d3]">&gt;&gt;</a>&nbsp;&nbsp;&nbsp;opt_init
</UL>

<P><STRONG><a name="[7c]"></a>temp_int_callback</STRONG> (Thumb, 34 bytes, Stack size 8 bytes, opt.o(.text))
<BR><BR>[Stack]<UL><LI>Max Depth = 8<LI>Call Chain = temp_int_callback
</UL>
<BR>[Calls]<UL><LI><a href="#[13e]">&gt;&gt;</a>&nbsp;&nbsp;&nbsp;I2CMasterIntClearEx
<LI><a href="#[13f]">&gt;&gt;</a>&nbsp;&nbsp;&nbsp;I2CMasterIntClear
</UL>
<BR>[Address Reference Count : 1]<UL><LI> opt.o(.text)
</UL>
<P><STRONG><a name="[158]"></a>analog_read</STRONG> (Thumb, 104 bytes, Stack size 24 bytes, joy.o(.text))
<BR><BR>[Stack]<UL><LI>Max Depth = 60<LI>Call Chain = analog_read &rArr; GPIOPinTypeADC &rArr; GPIOPadConfigSet
</UL>
<BR>[Calls]<UL><LI><a href="#[114]">&gt;&gt;</a>&nbsp;&nbsp;&nbsp;GPIOPinTypeADC
<LI><a href="#[113]">&gt;&gt;</a>&nbsp;&nbsp;&nbsp;ADCSequenceStepConfigure
<LI><a href="#[116]">&gt;&gt;</a>&nbsp;&nbsp;&nbsp;ADCSequenceEnable
<LI><a href="#[11a]">&gt;&gt;</a>&nbsp;&nbsp;&nbsp;ADCSequenceDataGet
<LI><a href="#[115]">&gt;&gt;</a>&nbsp;&nbsp;&nbsp;ADCSequenceConfigure
<LI><a href="#[118]">&gt;&gt;</a>&nbsp;&nbsp;&nbsp;ADCProcessorTrigger
<LI><a href="#[119]">&gt;&gt;</a>&nbsp;&nbsp;&nbsp;ADCIntStatus
<LI><a href="#[117]">&gt;&gt;</a>&nbsp;&nbsp;&nbsp;ADCIntClear
</UL>
<BR>[Called By]<UL><LI><a href="#[101]">&gt;&gt;</a>&nbsp;&nbsp;&nbsp;joy_read_y
<LI><a href="#[100]">&gt;&gt;</a>&nbsp;&nbsp;&nbsp;joy_read_x
</UL>

<P><STRONG><a name="[159]"></a>send_single</STRONG> (Thumb, 98 bytes, Stack size 16 bytes, temp.o(.text))
<BR><BR>[Stack]<UL><LI>Max Depth = 16<LI>Call Chain = send_single
</UL>
<BR>[Calls]<UL><LI><a href="#[bf]">&gt;&gt;</a>&nbsp;&nbsp;&nbsp;SysCtlDelay
<LI><a href="#[130]">&gt;&gt;</a>&nbsp;&nbsp;&nbsp;I2CMasterSlaveAddrSet
<LI><a href="#[135]">&gt;&gt;</a>&nbsp;&nbsp;&nbsp;I2CMasterErr
<LI><a href="#[131]">&gt;&gt;</a>&nbsp;&nbsp;&nbsp;I2CMasterDataPut
<LI><a href="#[133]">&gt;&gt;</a>&nbsp;&nbsp;&nbsp;I2CMasterControl
<LI><a href="#[134]">&gt;&gt;</a>&nbsp;&nbsp;&nbsp;I2CMasterBusy
<LI><a href="#[132]">&gt;&gt;</a>&nbsp;&nbsp;&nbsp;I2CMasterBusBusy
</UL>
<BR>[Called By]<UL><LI><a href="#[15e]">&gt;&gt;</a>&nbsp;&nbsp;&nbsp;read_reg
<LI><a href="#[15b]">&gt;&gt;</a>&nbsp;&nbsp;&nbsp;send_multiple
</UL>

<P><STRONG><a name="[15a]"></a>receive_single</STRONG> (Thumb, 106 bytes, Stack size 24 bytes, temp.o(.text))
<BR><BR>[Stack]<UL><LI>Max Depth = 24<LI>Call Chain = receive_single
</UL>
<BR>[Calls]<UL><LI><a href="#[bf]">&gt;&gt;</a>&nbsp;&nbsp;&nbsp;SysCtlDelay
<LI><a href="#[130]">&gt;&gt;</a>&nbsp;&nbsp;&nbsp;I2CMasterSlaveAddrSet
<LI><a href="#[135]">&gt;&gt;</a>&nbsp;&nbsp;&nbsp;I2CMasterErr
<LI><a href="#[137]">&gt;&gt;</a>&nbsp;&nbsp;&nbsp;I2CMasterDataGet
<LI><a href="#[133]">&gt;&gt;</a>&nbsp;&nbsp;&nbsp;I2CMasterControl
<LI><a href="#[134]">&gt;&gt;</a>&nbsp;&nbsp;&nbsp;I2CMasterBusy
<LI><a href="#[132]">&gt;&gt;</a>&nbsp;&nbsp;&nbsp;I2CMasterBusBusy
</UL>
<BR>[Called By]<UL><LI><a href="#[15c]">&gt;&gt;</a>&nbsp;&nbsp;&nbsp;receive_multiple
</UL>

<P><STRONG><a name="[15b]"></a>send_multiple</STRONG> (Thumb, 340 bytes, Stack size 40 bytes, temp.o(.text))
<BR><BR>[Stack]<UL><LI>Max Depth = 56<LI>Call Chain = send_multiple &rArr; send_single
</UL>
<BR>[Calls]<UL><LI><a href="#[159]">&gt;&gt;</a>&nbsp;&nbsp;&nbsp;send_single
<LI><a href="#[bf]">&gt;&gt;</a>&nbsp;&nbsp;&nbsp;SysCtlDelay
<LI><a href="#[130]">&gt;&gt;</a>&nbsp;&nbsp;&nbsp;I2CMasterSlaveAddrSet
<LI><a href="#[135]">&gt;&gt;</a>&nbsp;&nbsp;&nbsp;I2CMasterErr
<LI><a href="#[131]">&gt;&gt;</a>&nbsp;&nbsp;&nbsp;I2CMasterDataPut
<LI><a href="#[133]">&gt;&gt;</a>&nbsp;&nbsp;&nbsp;I2CMasterControl
<LI><a href="#[134]">&gt;&gt;</a>&nbsp;&nbsp;&nbsp;I2CMasterBusy
<LI><a href="#[132]">&gt;&gt;</a>&nbsp;&nbsp;&nbsp;I2CMasterBusBusy
<LI><a href="#[139]">&gt;&gt;</a>&nbsp;&nbsp;&nbsp;I2CMasterBurstLengthSet
</UL>
<BR>[Called By]<UL><LI><a href="#[15d]">&gt;&gt;</a>&nbsp;&nbsp;&nbsp;write_reg
</UL>

<P><STRONG><a name="[15c]"></a>receive_multiple</STRONG> (Thumb, 342 bytes, Stack size 40 bytes, temp.o(.text))
<BR><BR>[Stack]<UL><LI>Max Depth = 64<LI>Call Chain = receive_multiple &rArr; receive_single
</UL>
<BR>[Calls]<UL><LI><a href="#[15a]">&gt;&gt;</a>&nbsp;&nbsp;&nbsp;receive_single
<LI><a href="#[bf]">&gt;&gt;</a>&nbsp;&nbsp;&nbsp;SysCtlDelay
<LI><a href="#[130]">&gt;&gt;</a>&nbsp;&nbsp;&nbsp;I2CMasterSlaveAddrSet
<LI><a href="#[135]">&gt;&gt;</a>&nbsp;&nbsp;&nbsp;I2CMasterErr
<LI><a href="#[137]">&gt;&gt;</a>&nbsp;&nbsp;&nbsp;I2CMasterDataGet
<LI><a href="#[133]">&gt;&gt;</a>&nbsp;&nbsp;&nbsp;I2CMasterControl
<LI><a href="#[134]">&gt;&gt;</a>&nbsp;&nbsp;&nbsp;I2CMasterBusy
<LI><a href="#[132]">&gt;&gt;</a>&nbsp;&nbsp;&nbsp;I2CMasterBusBusy
<LI><a href="#[139]">&gt;&gt;</a>&nbsp;&nbsp;&nbsp;I2CMasterBurstLengthSet
</UL>
<BR>[Called By]<UL><LI><a href="#[15e]">&gt;&gt;</a>&nbsp;&nbsp;&nbsp;read_reg
</UL>

<P><STRONG><a name="[15d]"></a>write_reg</STRONG> (Thumb, 38 bytes, Stack size 16 bytes, temp.o(.text))
<BR><BR>[Stack]<UL><LI>Max Depth = 72<LI>Call Chain = write_reg &rArr; send_multiple &rArr; send_single
</UL>
<BR>[Calls]<UL><LI><a href="#[15b]">&gt;&gt;</a>&nbsp;&nbsp;&nbsp;send_multiple
<LI><a href="#[134]">&gt;&gt;</a>&nbsp;&nbsp;&nbsp;I2CMasterBusy
</UL>
<BR>[Called By]<UL><LI><a href="#[d2]">&gt;&gt;</a>&nbsp;&nbsp;&nbsp;temp_init
</UL>

<P><STRONG><a name="[15e]"></a>read_reg</STRONG> (Thumb, 50 bytes, Stack size 16 bytes, temp.o(.text))
<BR><BR>[Stack]<UL><LI>Max Depth = 80<LI>Call Chain = read_reg &rArr; receive_multiple &rArr; receive_single
</UL>
<BR>[Calls]<UL><LI><a href="#[15c]">&gt;&gt;</a>&nbsp;&nbsp;&nbsp;receive_multiple
<LI><a href="#[159]">&gt;&gt;</a>&nbsp;&nbsp;&nbsp;send_single
<LI><a href="#[bf]">&gt;&gt;</a>&nbsp;&nbsp;&nbsp;SysCtlDelay
<LI><a href="#[134]">&gt;&gt;</a>&nbsp;&nbsp;&nbsp;I2CMasterBusy
</UL>
<BR>[Called By]<UL><LI><a href="#[15f]">&gt;&gt;</a>&nbsp;&nbsp;&nbsp;temp_read_voltage
<LI><a href="#[f5]">&gt;&gt;</a>&nbsp;&nbsp;&nbsp;temp_read
<LI><a href="#[d2]">&gt;&gt;</a>&nbsp;&nbsp;&nbsp;temp_init
</UL>

<P><STRONG><a name="[7d]"></a>temp_int_callback</STRONG> (Thumb, 26 bytes, Stack size 8 bytes, temp.o(.text))
<BR><BR>[Stack]<UL><LI>Max Depth = 8<LI>Call Chain = temp_int_callback
</UL>
<BR>[Calls]<UL><LI><a href="#[13e]">&gt;&gt;</a>&nbsp;&nbsp;&nbsp;I2CMasterIntClearEx
<LI><a href="#[13f]">&gt;&gt;</a>&nbsp;&nbsp;&nbsp;I2CMasterIntClear
</UL>
<BR>[Address Reference Count : 1]<UL><LI> temp.o(.text)
</UL>
<P><STRONG><a name="[176]"></a>UpdateContextCharMapping</STRONG> (Thumb, 108 bytes, Stack size 16 bytes, string.o(i.UpdateContextCharMapping))
<BR><BR>[Stack]<UL><LI>Max Depth = 16<LI>Call Chain = UpdateContextCharMapping
</UL>
<BR>[Called By]<UL><LI><a href="#[db]">&gt;&gt;</a>&nbsp;&nbsp;&nbsp;GrContextFontSet
</UL>

<P><STRONG><a name="[1ac]"></a>rt_id2obj</STRONG> (Thumb, 8 bytes, Stack size 0 bytes, rt_cmsis.o(i.rt_id2obj))
<BR><BR>[Called By]<UL><LI><a href="#[91]">&gt;&gt;</a>&nbsp;&nbsp;&nbsp;svcTimerCall
<LI><a href="#[8d]">&gt;&gt;</a>&nbsp;&nbsp;&nbsp;svcMutexWait
<LI><a href="#[8c]">&gt;&gt;</a>&nbsp;&nbsp;&nbsp;svcMutexRelease
</UL>

<P><STRONG><a name="[1a8]"></a>rt_ms2tick</STRONG> (Thumb, 58 bytes, Stack size 0 bytes, rt_cmsis.o(i.rt_ms2tick))
<BR><BR>[Called By]<UL><LI><a href="#[86]">&gt;&gt;</a>&nbsp;&nbsp;&nbsp;sysMailAlloc
<LI><a href="#[8d]">&gt;&gt;</a>&nbsp;&nbsp;&nbsp;svcMutexWait
<LI><a href="#[8a]">&gt;&gt;</a>&nbsp;&nbsp;&nbsp;svcMessagePut
<LI><a href="#[89]">&gt;&gt;</a>&nbsp;&nbsp;&nbsp;svcMessageGet
<LI><a href="#[83]">&gt;&gt;</a>&nbsp;&nbsp;&nbsp;svcDelay
</UL>

<P><STRONG><a name="[1af]"></a>rt_tid2ptcb</STRONG> (Thumb, 18 bytes, Stack size 0 bytes, rt_cmsis.o(i.rt_tid2ptcb))
<BR><BR>[Called By]<UL><LI><a href="#[90]">&gt;&gt;</a>&nbsp;&nbsp;&nbsp;svcThreadTerminate
</UL>

<P><STRONG><a name="[1b0]"></a>rt_timer_insert</STRONG> (Thumb, 48 bytes, Stack size 12 bytes, rt_cmsis.o(i.rt_timer_insert))
<BR><BR>[Stack]<UL><LI>Max Depth = 12<LI>Call Chain = rt_timer_insert
</UL>
<BR>[Called By]<UL><LI><a href="#[1a2]">&gt;&gt;</a>&nbsp;&nbsp;&nbsp;sysTimerTick
</UL>

<P><STRONG><a name="[191]"></a>rt_init_context</STRONG> (Thumb, 66 bytes, Stack size 16 bytes, rt_task.o(i.rt_init_context))
<BR><BR>[Stack]<UL><LI>Max Depth = 32<LI>Call Chain = rt_init_context &rArr; rt_init_stack
</UL>
<BR>[Calls]<UL><LI><a href="#[192]">&gt;&gt;</a>&nbsp;&nbsp;&nbsp;rt_init_stack
<LI><a href="#[7a]">&gt;&gt;</a>&nbsp;&nbsp;&nbsp;rt_alloc_box
</UL>
<BR>[Called By]<UL><LI><a href="#[1a3]">&gt;&gt;</a>&nbsp;&nbsp;&nbsp;rt_tsk_create
<LI><a href="#[19c]">&gt;&gt;</a>&nbsp;&nbsp;&nbsp;rt_sys_init
</UL>

<P><STRONG><a name="[19a]"></a>rt_ret_regs</STRONG> (Thumb, 16 bytes, Stack size 0 bytes, hal_cm.o(i.rt_ret_regs))
<BR><BR>[Called By]<UL><LI><a href="#[190]">&gt;&gt;</a>&nbsp;&nbsp;&nbsp;rt_ret_val2
<LI><a href="#[194]">&gt;&gt;</a>&nbsp;&nbsp;&nbsp;rt_ret_val
</UL>

<P><STRONG><a name="[1ba]"></a>_dadd1</STRONG> (Thumb, 0 bytes, Stack size unknown bytes, daddsub_clz.o(x$fpl$dadd), UNUSED)
<BR><BR>[Called By]<UL><LI><a href="#[1b9]">&gt;&gt;</a>&nbsp;&nbsp;&nbsp;_dsub
</UL>

<P><STRONG><a name="[1b5]"></a>_dsub1</STRONG> (Thumb, 0 bytes, Stack size unknown bytes, daddsub_clz.o(x$fpl$dsub), UNUSED)
<BR><BR>[Called By]<UL><LI><a href="#[1b4]">&gt;&gt;</a>&nbsp;&nbsp;&nbsp;_dadd
</UL>
<P>
<H3>
Undefined Global Symbols
</H3><HR></body></html>
