<html>
<body>
<pre>
<h1>µVision Build Log</h1>
<h2>Tool Versions:</h2>
IDE-Version: µVision V5.24.2.0
Copyright (C) 2017 ARM Ltd and ARM Germany GmbH. All rights reserved.
License Information: Allan Patrick, UTFPR, LIC=----
 
Tool Versions:
Toolchain:       MDK-Lite  Version: 5.24.1
Toolchain Path:  C:\Keil_v5\ARM\ARMCC\Bin
C Compiler:      Armcc.exe V5.06 update 5 (build 528)
Assembler:       Armasm.exe V5.06 update 5 (build 528)
Linker/Locator:  ArmLink.exe V5.06 update 5 (build 528)
Library Manager: ArmAr.exe V5.06 update 5 (build 528)
Hex Converter:   FromElf.exe V5.06 update 5 (build 528)
CPU DLL:         SARMCM3.DLL V5.24.1
Dialog DLL:      DCM.DLL V1.16.0.0
Target DLL:      lmidk-agdi.dll V???
Dialog DLL:      TCM.DLL V1.32.0.0
 
<h2>Project:</h2>
C:\Users\Allan Patrick\Dropbox\Embarcados\EmbbededSystemKeilProject\ProjectFiles\base_project.uvprojx
Project File Date:  12/08/2017

<h2>Output:</h2>
*** Using Compiler 'V5.06 update 5 (build 528)', folder: 'C:\Keil_v5\ARM\ARMCC\Bin'
Rebuild Project 'base_project' - Target 'TM4C129 Flash'
compiling LED.c...
compiling Blinky.c...
C:\Users\Allan Patrick\Dropbox\Embarcados\EmbbededSystemKeilProject\ProjectFiles\rgb.h(33): warning:  #1-D: last line of file ends without a newline
  #endif //__RGB_H__
C:\Users\Allan Patrick\Dropbox\Embarcados\EmbbededSystemKeilProject\ProjectFiles\servo.h(17): warning:  #1295-D: Deprecated declaration servo_init - give arg types
  extern void servo_init();
C:\Users\Allan Patrick\Dropbox\Embarcados\EmbbededSystemKeilProject\ProjectFiles\temp.h(10): warning:  #1-D: last line of file ends without a newline
  #endif //__TEMP_H__
C:\Users\Allan Patrick\Dropbox\Embarcados\EmbbededSystemKeilProject\ProjectFiles\opt.h(4): warning:  #1295-D: Deprecated declaration opt_init - give arg types
  extern void  opt_init();
C:\Users\Allan Patrick\Dropbox\Embarcados\EmbbededSystemKeilProject\ProjectFiles\opt.h(5): warning:  #1295-D: Deprecated declaration opt_read - give arg types
  extern int16_t opt_read();
C:\Users\Allan Patrick\Dropbox\Embarcados\EmbbededSystemKeilProject\ProjectFiles\opt.h(6): warning:  #1295-D: Deprecated declaration opt_get_lux - give arg types
  extern uint32_t opt_get_lux();
C:\Users\Allan Patrick\Dropbox\Embarcados\EmbbededSystemKeilProject\ProjectFiles\opt.h(8): warning:  #1-D: last line of file ends without a newline
  #endif //__OPT_H__
C:\Users\Allan Patrick\Dropbox\Embarcados\EmbbededSystemKeilProject\ProjectFiles\buttons.h(5): warning:  #1295-D: Deprecated declaration button_init - give arg types
  extern void button_init();
C:\Users\Allan Patrick\Dropbox\Embarcados\EmbbededSystemKeilProject\ProjectFiles\buttons.h(6): warning:  #1295-D: Deprecated declaration button_read_s1 - give arg types
  extern 
ool button_read_s1();
C:\Users\Allan Patrick\Dropbox\Embarcados\EmbbededSystemKeilProject\ProjectFiles\buttons.h(7): warning:  #1295-D: Deprecated declaration button_read_s2 - give arg types
  extern 
ool button_read_s2();
C:\Users\Allan Patrick\Dropbox\Embarcados\EmbbededSystemKeilProject\ProjectFiles\buttons.h(9): warning:  #1-D: last line of file ends without a newline
  #endif //__BUTTONS_H
C:\Users\Allan Patrick\Dropbox\Embarcados\EmbbededSystemKeilProject\ProjectFiles\Blinky.c(186): warning:  #223-D: function "joy_read_x" declared implicitly
                joystic_x = joy_read_x();
C:\Users\Allan Patrick\Dropbox\Embarcados\EmbbededSystemKeilProject\ProjectFiles\Blinky.c(187): warning:  #223-D: function "joy_read_y" declared implicitly
                joystic_y = joy_read_y();
C:\Users\Allan Patrick\Dropbox\Embarcados\EmbbededSystemKeilProject\ProjectFiles\Blinky.c(188): warning:  #223-D: function "accel_read_x" declared implicitly
                acc_x = accel_read_x();
C:\Users\Allan Patrick\Dropbox\Embarcados\EmbbededSystemKeilProject\ProjectFiles\Blinky.c(189): warning:  #223-D: function "accel_read_y" declared implicitly
                acc_y = accel_read_y();
C:\Users\Allan Patrick\Dropbox\Embarcados\EmbbededSystemKeilProject\ProjectFiles\Blinky.c(190): warning:  #223-D: function "accel_read_z" declared implicitly
                acc_z = accel_read_z();
C:\Users\Allan Patrick\Dropbox\Embarcados\EmbbededSystemKeilProject\ProjectFiles\Blinky.c(191): warning:  #223-D: function "mic_read" declared implicitly
                mic = mic_read();
C:\Users\Allan Patrick\Dropbox\Embarcados\EmbbededSystemKeilProject\ProjectFiles\Blinky.c(192): warning:  #223-D: function "buzzer_read" declared implicitly
                buzzer_read();
C:\Users\Allan Patrick\Dropbox\Embarcados\EmbbededSystemKeilProject\ProjectFiles\Blinky.c(163): warning:  #177-D: variable "teste"  was declared but never referenced
        long double teste;
C:\Users\Allan Patrick\Dropbox\Embarcados\EmbbededSystemKeilProject\ProjectFiles\Blinky.c(165): warning:  #177-D: variable "trig"  was declared but never referenced
        bool trig = true;
C:\Users\Allan Patrick\Dropbox\Embarcados\EmbbededSystemKeilProject\ProjectFiles\Blinky.c(166): warning:  #177-D: variable "cont"  was declared but never referenced
        int cont=0;
C:\Users\Allan Patrick\Dropbox\Embarcados\EmbbededSystemKeilProject\ProjectFiles\Blinky.c(259): warning:  #223-D: function "joy_init" declared implicitly
        joy_init();
C:\Users\Allan Patrick\Dropbox\Embarcados\EmbbededSystemKeilProject\ProjectFiles\Blinky.c(260): warning:  #223-D: function "accel_init" declared implicitly
        accel_init();
C:\Users\Allan Patrick\Dropbox\Embarcados\EmbbededSystemKeilProject\ProjectFiles\Blinky.c(261): warning:  #223-D: function "mic_init" declared implicitly
        mic_init();
C:\Users\Allan Patrick\Dropbox\Embarcados\EmbbededSystemKeilProject\ProjectFiles\Blinky.c(262): warning:  #223-D: function "buzzer_init" declared implicitly
        buzzer_init();
C:\Users\Allan Patrick\Dropbox\Embarcados\EmbbededSystemKeilProject\ProjectFiles\Blinky.c(283): warning:  #111-D: statement is unreachable
    osDelay(osWaitForever);
C:\Users\Allan Patrick\Dropbox\Embarcados\EmbbededSystemKeilProject\ProjectFiles\Blinky.c(46): warning:  #177-D: variable "S01"  was declared but never referenced
  static long double S01 = 0;
Blinky.c: 27 warnings, 0 errors
compiling accel.c...
C:\Users\Allan Patrick\Dropbox\Embarcados\EmbbededSystemKeilProject\ProjectFiles\accel.c(64): warning:  #1-D: last line of file ends without a newline
  }
accel.c: 1 warning, 0 errors
compiling buttons.c...
C:\Users\Allan Patrick\Dropbox\Embarcados\EmbbededSystemKeilProject\ProjectFiles\buttons.h(5): warning:  #1295-D: Deprecated declaration button_init - give arg types
  extern void button_init();
C:\Users\Allan Patrick\Dropbox\Embarcados\EmbbededSystemKeilProject\ProjectFiles\buttons.h(6): warning:  #1295-D: Deprecated declaration button_read_s1 - give arg types
  extern 
ool button_read_s1();
C:\Users\Allan Patrick\Dropbox\Embarcados\EmbbededSystemKeilProject\ProjectFiles\buttons.h(7): warning:  #1295-D: Deprecated declaration button_read_s2 - give arg types
  extern 
ool button_read_s2();
C:\Users\Allan Patrick\Dropbox\Embarcados\EmbbededSystemKeilProject\ProjectFiles\buttons.h(9): warning:  #1-D: last line of file ends without a newline
  #endif //__BUTTONS_H
buttons.c: 4 warnings, 0 errors
compiling buzzer.c...
C:\Users\Allan Patrick\Dropbox\Embarcados\EmbbededSystemKeilProject\ProjectFiles\buzzer.h(7): warning:  #1295-D: Deprecated declaration buzzer_init - give arg types
  extern void buzzer_init();
C:\Users\Allan Patrick\Dropbox\Embarcados\EmbbededSystemKeilProject\ProjectFiles\buzzer.h(8): warning:  #1295-D: Deprecated declaration buzzer_read - give arg types
  extern void buzzer_read();
C:\Users\Allan Patrick\Dropbox\Embarcados\EmbbededSystemKeilProject\ProjectFiles\buzzer.h(11): warning:  #1-D: last line of file ends without a newline
  #endif //__BUZZER_H
C:\Users\Allan Patrick\Dropbox\Embarcados\EmbbededSystemKeilProject\ProjectFiles\buzzer.c(40): warning:  #174-D: expression has no effect
                        
WM_SYSCLK_DIV_64;
C:\Users\Allan Patrick\Dropbox\Embarcados\EmbbededSystemKeilProject\ProjectFiles\buzzer.c(43): warning:  #174-D: expression has no effect
                        
WM_SYSCLK_DIV_32;
C:\Users\Allan Patrick\Dropbox\Embarcados\EmbbededSystemKeilProject\ProjectFiles\buzzer.c(46): warning:  #174-D: expression has no effect
                        
WM_SYSCLK_DIV_16;
C:\Users\Allan Patrick\Dropbox\Embarcados\EmbbededSystemKeilProject\ProjectFiles\buzzer.c(49): warning:  #174-D: expression has no effect
                        
WM_SYSCLK_DIV_8;
C:\Users\Allan Patrick\Dropbox\Embarcados\EmbbededSystemKeilProject\ProjectFiles\buzzer.c(52): warning:  #174-D: expression has no effect
                        
WM_SYSCLK_DIV_4;
C:\Users\Allan Patrick\Dropbox\Embarcados\EmbbededSystemKeilProject\ProjectFiles\buzzer.c(55): warning:  #174-D: expression has no effect
                        
WM_SYSCLK_DIV_2;
C:\Users\Allan Patrick\Dropbox\Embarcados\EmbbededSystemKeilProject\ProjectFiles\buzzer.c(58): warning:  #174-D: expression has no effect
                        
WM_SYSCLK_DIV_1;
C:\Users\Allan Patrick\Dropbox\Embarcados\EmbbededSystemKeilProject\ProjectFiles\buzzer.c(108): warning:  #1-D: last line of file ends without a newline
  }
C:\Users\Allan Patrick\Dropbox\Embarcados\EmbbededSystemKeilProject\ProjectFiles\buzzer.c(21): warning:  #550-D: variable "ui32SysClock"  was set but never used
  static uint32_t ui32SysClock;
buzzer.c: 12 warnings, 0 errors
compiling cfaf128x128x16.c...
C:\Users\Allan Patrick\Dropbox\Embarcados\EmbbededSystemKeilProject\ProjectFiles\cfaf128x128x16.c(875): warning:  #1-D: last line of file ends without a newline
  //*****************************************************************************
C:\Users\Allan Patrick\Dropbox\Embarcados\EmbbededSystemKeilProject\ProjectFiles\cfaf128x128x16.c(765): warning:  #177-D: function "ssiSetDataMode"  was declared but never referenced
  ssiSetDataMode(uint8_t mode) {
C:\Users\Allan Patrick\Dropbox\Embarcados\EmbbededSystemKeilProject\ProjectFiles\cfaf128x128x16.c(772): warning:  #177-D: function "ssiSetClockDivider"  was declared but never referenced
  ssiSetClockDivider(uint8_t divider){
cfaf128x128x16.c: 3 warnings, 0 errors
compiling joy.c...
C:\Users\Allan Patrick\Dropbox\Embarcados\EmbbededSystemKeilProject\ProjectFiles\joy.c(59): warning:  #1-D: last line of file ends without a newline
  }
joy.c: 1 warning, 0 errors
compiling mic.c...
C:\Users\Allan Patrick\Dropbox\Embarcados\EmbbededSystemKeilProject\ProjectFiles\mic.h(19): warning:  #1-D: last line of file ends without a newline
  #endif //__MIC_H__
C:\Users\Allan Patrick\Dropbox\Embarcados\EmbbededSystemKeilProject\ProjectFiles\mic.c(64): warning:  #1-D: last line of file ends without a newline
  }
mic.c: 2 warnings, 0 errors
compiling opt.c...
C:\Users\Allan Patrick\Dropbox\Embarcados\EmbbededSystemKeilProject\ProjectFiles\opt.h(4): warning:  #1295-D: Deprecated declaration opt_init - give arg types
  extern void  opt_init();
C:\Users\Allan Patrick\Dropbox\Embarcados\EmbbededSystemKeilProject\ProjectFiles\opt.h(5): warning:  #1295-D: Deprecated declaration opt_read - give arg types
  extern int16_t opt_read();
C:\Users\Allan Patrick\Dropbox\Embarcados\EmbbededSystemKeilProject\ProjectFiles\opt.h(6): warning:  #1295-D: Deprecated declaration opt_get_lux - give arg types
  extern uint32_t opt_get_lux();
C:\Users\Allan Patrick\Dropbox\Embarcados\EmbbededSystemKeilProject\ProjectFiles\opt.h(8): warning:  #1-D: last line of file ends without a newline
  #endif //__OPT_H__
C:\Users\Allan Patrick\Dropbox\Embarcados\EmbbededSystemKeilProject\ProjectFiles\opt.c(105): warning:  #128-D: loop is not reachable
                while(i < n){
C:\Users\Allan Patrick\Dropbox\Embarcados\EmbbededSystemKeilProject\ProjectFiles\opt.c(146): warning:  #128-D: loop is not reachable
                while(i < n-1){
C:\Users\Allan Patrick\Dropbox\Embarcados\EmbbededSystemKeilProject\ProjectFiles\opt.c(254): warning:  #177-D: variable "temp"  was declared but never referenced
                uint64_t temp = 0;
C:\Users\Allan Patrick\Dropbox\Embarcados\EmbbededSystemKeilProject\ProjectFiles\opt.c(42): warning:  #550-D: variable "mid"  was set but never used
  static uint16_t mid, did;
C:\Users\Allan Patrick\Dropbox\Embarcados\EmbbededSystemKeilProject\ProjectFiles\opt.c(42): warning:  #550-D: variable "did"  was set but never used
  static uint16_t mid, did;
C:\Users\Allan Patrick\Dropbox\Embarcados\EmbbededSystemKeilProject\ProjectFiles\opt.c(58): warning:  #177-D: variable "g_mid"  was declared but never referenced
  static uint16_t g_mid, g_did, g_timeout_count;
C:\Users\Allan Patrick\Dropbox\Embarcados\EmbbededSystemKeilProject\ProjectFiles\opt.c(58): warning:  #177-D: variable "g_did"  was declared but never referenced
  static uint16_t g_mid, g_did, g_timeout_count;
opt.c: 11 warnings, 0 errors
compiling rgb.c...
C:\Users\Allan Patrick\Dropbox\Embarcados\EmbbededSystemKeilProject\ProjectFiles\rgb.h(33): warning:  #1-D: last line of file ends without a newline
  #endif //__RGB_H__
C:\Users\Allan Patrick\Dropbox\Embarcados\EmbbededSystemKeilProject\ProjectFiles\rgb.c(191): warning:  #1-D: last line of file ends without a newline
  }
rgb.c: 2 warnings, 0 errors
compiling servo.c...
C:\Users\Allan Patrick\Dropbox\Embarcados\EmbbededSystemKeilProject\ProjectFiles\servo.h(17): warning:  #1295-D: Deprecated declaration servo_init - give arg types
  extern void servo_init();
C:\Users\Allan Patrick\Dropbox\Embarcados\EmbbededSystemKeilProject\ProjectFiles\servo.c(47): warning:  #550-D: variable "g_ui32SysClock"  was set but never used
  static uint32_t g_ui32SysClock;
servo.c: 2 warnings, 0 errors
compiling temp.c...
C:\Users\Allan Patrick\Dropbox\Embarcados\EmbbededSystemKeilProject\ProjectFiles\temp.h(10): warning:  #1-D: last line of file ends without a newline
  #endif //__TEMP_H__
C:\Users\Allan Patrick\Dropbox\Embarcados\EmbbededSystemKeilProject\ProjectFiles\temp.c(113): warning:  #128-D: loop is not reachable
                while(i < n){
C:\Users\Allan Patrick\Dropbox\Embarcados\EmbbededSystemKeilProject\ProjectFiles\temp.c(154): warning:  #128-D: loop is not reachable
                while(i < n-1){
C:\Users\Allan Patrick\Dropbox\Embarcados\EmbbededSystemKeilProject\ProjectFiles\temp.c(215): warning:  #177-D: variable "temp"  was declared but never referenced
        uint64_t temp = 0;
C:\Users\Allan Patrick\Dropbox\Embarcados\EmbbededSystemKeilProject\ProjectFiles\temp.c(66): warning:  #550-D: variable "g_mid"  was set but never used
  static uint16_t g_mid, g_did, g_timeout_count;
C:\Users\Allan Patrick\Dropbox\Embarcados\EmbbededSystemKeilProject\ProjectFiles\temp.c(66): warning:  #550-D: variable "g_did"  was set but never used
  static uint16_t g_mid, g_did, g_timeout_count;
temp.c: 6 warnings, 0 errors
compiling RTX_Conf_CM.c...
compiling retarget_io.c...
assembling startup_TM4C129.s...
compiling system_TM4C129.c...
linking...
Program Size: Code=22724 RO-data=3400 RW-data=1644 ZI-data=9836  
".\Flash\base_project.axf" - 0 Error(s), 71 Warning(s).

<h2>Software Packages used:</h2>

Package Vendor: ARM
                http://www.keil.com/pack/ARM.CMSIS.5.1.1.pack
                ARM.CMSIS.5.1.1
                CMSIS (Cortex Microcontroller Software Interface Standard)
   * Component: Keil RTX Version: 4.81.1
   * Component: CORE Version: 5.0.2
   * Component: RTOS Version: 1.0.0

Package Vendor: Keil
                http://www.keil.com/pack/Keil.ARM_Compiler.1.3.1.pack
                Keil.ARM_Compiler.1.3.1
                Keil ARM Compiler extensions for ARM Compiler 5 and ARM Compiler 6
   * Component: STDOUT Variant: ITM Version: 1.2.0
   * Component: STDIN Variant: ITM Version: 1.2.0
   * Component: STDERR Variant: ITM Version: 1.2.0

Package Vendor: Keil
                http://www.keil.com/pack/Keil.TM4C_DFP.1.1.0.pack
                Keil.TM4C_DFP.1.1.0
                Texas Instruments Tiva C Series Device Support and Examples
   * Component: Startup Version: 1.0.0

<h2>Collection of Component include folders:</h2>
  .\RTE\_TM4C129_Flash
  C:\Keil_v5\ARM\PACK\ARM\CMSIS\5.1.1\CMSIS\Include
  C:\Keil_v5\ARM\PACK\ARM\CMSIS\5.1.1\CMSIS\RTOS\RTX\INC
  C:\Keil_v5\ARM\PACK\Keil\TM4C_DFP\1.1.0\Device\Include\TM4C129

<h2>Collection of Component Files used:</h2>

   * Component: Keil::Device:Startup:1.0.0
      Include file:  Device\Include\TM4C129\TM4C129.h
      Source file:   Device\Source\system_TM4C129.c
      Source file:   Device\Source\ARM\startup_TM4C129.s

   * Component: Keil.ARM Compiler::Compiler:I/O:STDOUT:ITM:1.2.0
      Source file:   Source\retarget_io.c

   * Component: Keil.ARM Compiler::Compiler:I/O:STDIN:ITM:1.2.0
      Source file:   Source\retarget_io.c

   * Component: Keil.ARM Compiler::Compiler:I/O:STDERR:ITM:1.2.0
      Source file:   Source\retarget_io.c

   * Component: ARM::CMSIS:RTOS:Keil RTX:4.81.1
      Include file:  CMSIS\RTOS\RTX\UserCodeTemplates\osObjects.h
      Source file:   CMSIS\RTOS\RTX\UserCodeTemplates\MsgQueue.c
      Source file:   CMSIS\RTOS\RTX\UserCodeTemplates\Semaphore.c
      Source file:   CMSIS\RTOS\RTX\Templates\RTX_Conf_CM.c
      Source file:   CMSIS\RTOS\RTX\UserCodeTemplates\Mutex.c
      Source file:   CMSIS\RTOS\RTX\UserCodeTemplates\MemPool.c
      Source file:   CMSIS\RTOS\RTX\UserCodeTemplates\main.c
      Source file:   CMSIS\RTOS\RTX\UserCodeTemplates\MailQueue.c
      Source file:   CMSIS\RTOS\RTX\SRC\ARM\SVC_Table.s
      Library file:  CMSIS\RTOS\RTX\LIB\ARM\RTX_CM4.lib
      Include file:  CMSIS\RTOS\RTX\INC\cmsis_os.h
      Source file:   CMSIS\RTOS\RTX\UserCodeTemplates\Thread.c
      Source file:   CMSIS\RTOS\RTX\UserCodeTemplates\Timer.c

   * Component: ARM::CMSIS:CORE:5.0.2

   * Component: ::CMSIS:RTOS:1.0.0 (API)
Build Time Elapsed:  00:00:10
</pre>
</body>
</html>
